Archive member included to satisfy reference by file (symbol)

obj_cooja/mtype872.a(simEnvChange.o)
                              obj_cooja/mtype872.o (simDontFallAsleep)
obj_cooja/mtype872.a(cooja_mt.o)
                              obj_cooja/mtype872.o (cooja_mt_start)
obj_cooja/mtype872.a(cooja_mtarch.o)
                              obj_cooja/mtype872.a(cooja_mt.o) (cooja_mtarch_start)
obj_cooja/mtype872.a(rtimer-arch.o)
                              obj_cooja/mtype872.o (rtimer_arch_check)
obj_cooja/mtype872.a(beep.o)  obj_cooja/mtype872.o (beep_interface)
obj_cooja/mtype872.a(button-sensor.o)
                              obj_cooja/mtype872.o (button_interface)
obj_cooja/mtype872.a(leds-arch.o)
                              obj_cooja/mtype872.o (leds_interface)
obj_cooja/mtype872.a(moteid.o)
                              obj_cooja/mtype872.o (moteid_interface)
obj_cooja/mtype872.a(pir-sensor.o)
                              obj_cooja/mtype872.o (pir_interface)
obj_cooja/mtype872.a(rs232.o)
                              obj_cooja/mtype872.o (rs232_interface)
obj_cooja/mtype872.a(vib-sensor.o)
                              obj_cooja/mtype872.o (vib_interface)
obj_cooja/mtype872.a(clock.o)
                              obj_cooja/mtype872.o (clock_interface)
obj_cooja/mtype872.a(cooja-log.o)
                              obj_cooja/mtype872.o (simlog_interface)
obj_cooja/mtype872.a(cfs-cooja.o)
                              obj_cooja/mtype872.o (cfs_interface)
obj_cooja/mtype872.a(cooja-radio.o)
                              obj_cooja/mtype872.o (radio_interface)
obj_cooja/mtype872.a(eeprom.o)
                              obj_cooja/mtype872.o (eeprom_interface)
obj_cooja/mtype872.a(random.o)
                              obj_cooja/mtype872.a(moteid.o) (random_init)
obj_cooja/mtype872.a(sensors.o)
                              obj_cooja/mtype872.a(button-sensor.o) (sensors_changed)
obj_cooja/mtype872.a(contiki-main.o)
                              obj_cooja/mtype872.o (main)
obj_cooja/mtype872.a(autostart.o)
                              obj_cooja/mtype872.a(contiki-main.o) (autostart_start)
obj_cooja/mtype872.a(energest.o)
                              obj_cooja/mtype872.a(contiki-main.o) (energest_init)
obj_cooja/mtype872.a(etimer.o)
                              obj_cooja/mtype872.a(contiki-main.o) (etimer_process)
obj_cooja/mtype872.a(log.o)   obj_cooja/mtype872.o (curr_log_level_main)
obj_cooja/mtype872.a(ctimer.o)
                              obj_cooja/mtype872.a(contiki-main.o) (ctimer_init)
obj_cooja/mtype872.a(process.o)
                              obj_cooja/mtype872.a(etimer.o) (process_current)
obj_cooja/mtype872.a(rtimer.o)
                              obj_cooja/mtype872.a(contiki-main.o) (rtimer_init)
obj_cooja/mtype872.a(timer.o)
                              obj_cooja/mtype872.a(button-sensor.o) (timer_set)
obj_cooja/mtype872.a(serial-line.o)
                              obj_cooja/mtype872.a(rs232.o) (serial_line_input_byte)
obj_cooja/mtype872.a(list.o)  obj_cooja/mtype872.a(ctimer.o) (list_init)
obj_cooja/mtype872.a(ringbuf.o)
                              obj_cooja/mtype872.a(serial-line.o) (ringbuf_init)
obj_cooja/mtype872.a(packetbuf.o)
                              obj_cooja/mtype872.a(cooja-radio.o) (packetbuf_clear)
obj_cooja/mtype872.a(netstack.o)
                              obj_cooja/mtype872.a(contiki-main.o) (netstack_init)
obj_cooja/mtype872.a(linkaddr.o)
                              obj_cooja/mtype872.a(contiki-main.o) (linkaddr_node_addr)
obj_cooja/mtype872.a(tsch.o)  node.o (tschmac_driver)
obj_cooja/mtype872.a(tsch-schedule.o)
                              obj_cooja/mtype872.a(tsch.o) (tsch_schedule_add_slotframe)
obj_cooja/mtype872.a(tsch-slot-opera)
                              obj_cooja/mtype872.a(tsch.o) (dequeued_ringbuf)
obj_cooja/mtype872.a(tsch-packet.o)
                              obj_cooja/mtype872.a(tsch-slot-opera) (tsch_packet_create_eack)
obj_cooja/mtype872.a(tsch-rpl.o)
                              obj_cooja/mtype872.a(tsch.o) (tsch_rpl_callback_ka_sent)
obj_cooja/mtype872.a(tsch-adaptive-t)
                              obj_cooja/mtype872.a(tsch-slot-opera) (tsch_timesync_update)
obj_cooja/mtype872.a(tsch-log.o)
                              obj_cooja/mtype872.a(tsch.o) (tsch_log_process_pending)
obj_cooja/mtype872.a(uip-ds6.o)
                              obj_cooja/mtype872.a(contiki-main.o) (uip_ds6_get_link_local)
obj_cooja/mtype872.a(uip-ds6-route.o)
                              obj_cooja/mtype872.a(uip-ds6.o) (uip_ds6_route_init)
obj_cooja/mtype872.a(uip-ds6-nbr.o)
                              obj_cooja/mtype872.a(uip-ds6.o) (uip_ds6_neighbors_init)
obj_cooja/mtype872.a(tcpip.o)
                              obj_cooja/mtype872.a(contiki-main.o) (tcpip_process)
obj_cooja/mtype872.a(uip6.o)  obj_cooja/mtype872.a(contiki-main.o) (uip_lladdr)
obj_cooja/mtype872.a(uip-nd6.o)
[...]
Memory Configuration

Name             Origin             Length             Attributes
*default*        0x0000000000000000 0xffffffffffffffff

Linker script and memory map

LOAD /usr/lib/gcc/x86_64-linux-gnu/6/../../../x86_64-linux-gnu/crti.o
LOAD /usr/lib/gcc/x86_64-linux-gnu/6/crtbeginS.o
LOAD node.o
LOAD obj_cooja/mtype872.o
LOAD obj_cooja/mtype872.a
LOAD /usr/lib/gcc/x86_64-linux-gnu/6/libgcc.a
LOAD /usr/lib/gcc/x86_64-linux-gnu/6/libgcc_s.so
START GROUP
LOAD /usr/lib/gcc/x86_64-linux-gnu/6/libgcc_s.so.1
LOAD /usr/lib/gcc/x86_64-linux-gnu/6/libgcc.a
END GROUP
LOAD /usr/lib/gcc/x86_64-linux-gnu/6/../../../x86_64-linux-gnu/libc.so
START GROUP
LOAD /lib/x86_64-linux-gnu/libc.so.6
LOAD /usr/lib/x86_64-linux-gnu/libc_nonshared.a
LOAD /lib/x86_64-linux-gnu/ld-linux-x86-64.so.2
END GROUP
LOAD /usr/lib/gcc/x86_64-linux-gnu/6/libgcc.a
LOAD /usr/lib/gcc/x86_64-linux-gnu/6/libgcc_s.so
START GROUP
LOAD /usr/lib/gcc/x86_64-linux-gnu/6/libgcc_s.so.1
LOAD /usr/lib/gcc/x86_64-linux-gnu/6/libgcc.a
END GROUP
LOAD /usr/lib/gcc/x86_64-linux-gnu/6/crtendS.o
LOAD /usr/lib/gcc/x86_64-linux-gnu/6/../../../x86_64-linux-gnu/crtn.o
                0x00000000000001c8                . = (SEGMENT_START ("text-segment", 0x0) + SIZEOF_HEADERS)

.note.gnu.build-id
                0x00000000000001c8       0x24
 *(.note.gnu.build-id)
 .note.gnu.build-id
                0x00000000000001c8       0x24 /usr/lib/gcc/x86_64-linux-gnu/6/../../../x86_64-linux-gnu/crti.o

.hash
 *(.hash)

.gnu.hash       0x00000000000001f0     0x14e0
 *(.gnu.hash)
 .gnu.hash      0x00000000000001f0     0x14e0 /usr/lib/gcc/x86_64-linux-gnu/6/../../../x86_64-linux-gnu/crti.o

.dynsym         0x00000000000016d0     0x41d0
 *(.dynsym)
 .dynsym        0x00000000000016d0     0x41d0 /usr/lib/gcc/x86_64-linux-gnu/6/../../../x86_64-linux-gnu/crti.o

.dynstr         0x00000000000058a0     0x333f
 *(.dynstr)
 .dynstr        0x00000000000058a0     0x333f /usr/lib/gcc/x86_64-linux-gnu/6/../../../x86_64-linux-gnu/crti.o

.gnu.version    0x0000000000008be0      0x57c
 *(.gnu.version)
 .gnu.version   0x0000000000008be0      0x57c /usr/lib/gcc/x86_64-linux-gnu/6/../../../x86_64-linux-gnu/crti.o

.gnu.version_d  0x0000000000009160        0x0
 *(.gnu.version_d)
 .gnu.version_d
                0x0000000000009160        0x0 /usr/lib/gcc/x86_64-linux-gnu/6/../../../x86_64-linux-gnu/crti.o

.gnu.version_r  0x0000000000009160       0x30
 *(.gnu.version_r)
 .gnu.version_r
                0x0000000000009160       0x30 /usr/lib/gcc/x86_64-linux-gnu/6/../../../x86_64-linux-gnu/crti.o

.rela.dyn       0x0000000000009190     0x2508
 *(.rela.init)
 *(.rela.text .rela.text.* .rela.gnu.linkonce.t.*)
 .rela.text     0x0000000000009190        0x0 /usr/lib/gcc/x86_64-linux-gnu/6/../../../x86_64-linux-gnu/crti.o
 *(.rela.fini)
 *(.rela.rodata .rela.rodata.* .rela.gnu.linkonce.r.*)
 *(.rela.data .rela.data.* .rela.gnu.linkonce.d.*)
 .rela.data.rel.local
                0x0000000000009190      0xb28 /usr/lib/gcc/x86_64-linux-gnu/6/../../../x86_64-linux-gnu/crti.o
 .rela.data.rel.ro
                0x0000000000009cb8      0x270 /usr/lib/gcc/x86_64-linux-gnu/6/../../../x86_64-linux-gnu/crti.o
 .rela.data.rel
                0x0000000000009f28      0x378 /usr/lib/gcc/x86_64-linux-gnu/6/../../../x86_64-linux-gnu/crti.o
 .rela.data.rel.ro.local
                0x000000000000a2a0      0x588 /usr/lib/gcc/x86_64-linux-gnu/6/../../../x86_64-linux-gnu/crti.o
 *(.rela.tdata .rela.tdata.* .rela.gnu.linkonce.td.*)
 *(.rela.tbss .rela.tbss.* .rela.gnu.linkonce.tb.*)
 *(.rela.ctors)
 *(.rela.dtors)
 *(.rela.got)
 .rela.got      0x000000000000a828      0xe40 /usr/lib/gcc/x86_64-linux-gnu/6/../../../x86_64-linux-gnu/crti.o
 *(.rela.bss .rela.bss.* .rela.gnu.linkonce.b.*)
 *(.rela.ldata .rela.ldata.* .rela.gnu.linkonce.l.*)
 *(.rela.lbss .rela.lbss.* .rela.gnu.linkonce.lb.*)
 *(.rela.lrodata .rela.lrodata.* .rela.gnu.linkonce.lr.*)
 *(.rela.ifunc)
 .rela.fini_array
                0x000000000000b668       0x18 /usr/lib/gcc/x86_64-linux-gnu/6/../../../x86_64-linux-gnu/crti.o
 .rela.init_array
                0x000000000000b680       0x18 /usr/lib/gcc/x86_64-linux-gnu/6/../../../x86_64-linux-gnu/crti.o

.rela.plt       0x000000000000b698     0x24f0
 *(.rela.plt)
 .rela.plt      0x000000000000b698     0x24f0 /usr/lib/gcc/x86_64-linux-gnu/6/../../../x86_64-linux-gnu/crti.o
 *(.rela.iplt)

.init           0x000000000000db88       0x17
 *(SORT(.init))
 .init          0x000000000000db88       0x12 /usr/lib/gcc/x86_64-linux-gnu/6/../../../x86_64-linux-gnu/crti.o
                0x000000000000db88                _init
 .init          0x000000000000db9a        0x5 /usr/lib/gcc/x86_64-linux-gnu/6/../../../x86_64-linux-gnu/crtn.o

.plt            0x000000000000dba0     0x18b0
 *(.plt)
 .plt           0x000000000000dba0     0x18b0 /usr/lib/gcc/x86_64-linux-gnu/6/../../../x86_64-linux-gnu/crti.o
 *(.iplt)

.plt.got        0x000000000000f450       0x18
 *(.plt.got)
 .plt.got       0x000000000000f450       0x18 /usr/lib/gcc/x86_64-linux-gnu/6/../../../x86_64-linux-gnu/crti.o

.plt.bnd
 *(.plt.bnd)

.text           0x000000000000f470    0x2331d
 *(.text.unlikely .text.*_unlikely .text.unlikely.*)
 *(.text.exit .text.exit.*)
 *(.text.startup .text.startup.*)
 *(.text.hot .text.hot.*)
 *(.text .stub .text.* .gnu.linkonce.t.*)
 .text          0x000000000000f470        0x0 /usr/lib/gcc/x86_64-linux-gnu/6/../../../x86_64-linux-gnu/crti.o
 .text          0x000000000000f470      0x100 /usr/lib/gcc/x86_64-linux-gnu/6/crtbeginS.o
 .text          0x000000000000f570       0x77 node.o
 .text          0x000000000000f5e7      0x3b8 obj_cooja/mtype872.o
                0x000000000000f670                platform_init_stage_one
                0x000000000000f677                platform_init_stage_two
                0x000000000000f683                platform_init_stage_three
                0x000000000000f72a                platform_main_loop
                0x000000000000f7c0                Java_org_contikios_cooja_corecomm_Lib2_init
                0x000000000000f803                Java_org_contikios_cooja_corecomm_Lib2_getMemory
                0x000000000000f85b                Java_org_contikios_cooja_corecomm_Lib2_setMemory
                0x000000000000f8e8                Java_org_contikios_cooja_corecomm_Lib2_tick
                0x000000000000f971                Java_org_contikios_cooja_corecomm_Lib2_setReferenceAddress
 .text          0x000000000000f99f       0x89 obj_cooja/mtype872.a(simEnvChange.o)
                0x000000000000f99f                doActionsBeforeTick
                0x000000000000f9e3                doActionsAfterTick
 .text          0x000000000000fa28       0x9f obj_cooja/mtype872.a(cooja_mt.o)
                0x000000000000fa28                cooja_mt_start
                0x000000000000fa64                cooja_mt_exec
                0x000000000000faa3                cooja_mt_yield
 .text          0x000000000000fac7       0xfe obj_cooja/mtype872.a(cooja_mtarch.o)
                0x000000000000fac7                cooja_mtarch_start
                0x000000000000fb66                cooja_sw
                0x000000000000fb8f                cooja_mtarch_exec
                0x000000000000fbb9                cooja_mtarch_yield
 .text          0x000000000000fbc5       0xb4 obj_cooja/mtype872.a(rtimer-arch.o)
                0x000000000000fbc5                rtimer_arch_init
                0x000000000000fbe7                rtimer_arch_schedule
                0x000000000000fc0d                rtimer_arch_next
                0x000000000000fc1d                rtimer_arch_pending
                0x000000000000fc2c                rtimer_arch_check
                0x000000000000fc69                rtimer_arch_now
 .text          0x000000000000fc79       0xba obj_cooja/mtype872.a(beep.o)
                0x000000000000fc79                beep_alarm
                0x000000000000fc90                beep_beep
                0x000000000000fca4                beep
                0x000000000000fcb5                beep_down
                0x000000000000fcc9                beep_on
                0x000000000000fcda                beep_off
                0x000000000000fceb                beep_spinup
                0x000000000000fcfc                beep_quick
                0x000000000000fd10                beep_long
 .text          0x000000000000fd33      0x12d obj_cooja/mtype872.a(button-sensor.o)
 .text          0x000000000000fe60       0x57 obj_cooja/mtype872.a(leds-arch.o)
                0x000000000000fe60                leds_arch_init
                0x000000000000fe71                leds_arch_get
                0x000000000000fe81                leds_arch_set
 .text          0x000000000000feb7       0x39 obj_cooja/mtype872.a(moteid.o)
 .text          0x000000000000fef0       0xe5 obj_cooja/mtype872.a(pir-sensor.o)
 .text          0x000000000000ffd5      0x175 obj_cooja/mtype872.a(rs232.o)
                0x000000000000ffd5                rs232_init
                0x000000000000ffdc                rs232_set_speed
                0x000000000000ffe8                rs232_set_input
                0x000000000000fffe                rs232_send
                0x0000000000010025                rs232_print
                0x000000000001004c                slip_arch_writeb
 .text          0x000000000001014a       0xe5 obj_cooja/mtype872.a(vib-sensor.o)
 .text          0x000000000001022f       0x57 obj_cooja/mtype872.a(clock.o)
                0x000000000001022f                clock_init
                0x0000000000010236                clock_time
                0x0000000000010246                clock_seconds
                0x000000000001026e                clock_delay
 .text          0x0000000000010286      0x2e5 obj_cooja/mtype872.a(cooja-log.o)
                0x0000000000010286                simlog_char
                0x00000000000102df                simlog
                0x000000000001037e                log_message
                0x00000000000103b7                log_set_putchar_with_slip
                0x00000000000103ca                log_putchar
                0x000000000001044a                log_puts
                0x0000000000010473                log_printf
 .text          0x000000000001056b      0x373 obj_cooja/mtype872.a(cfs-cooja.o)
                0x000000000001056b                cfs_open
                0x00000000000105e4                cfs_close
                0x00000000000105f5                cfs_read
                0x00000000000106b9                cfs_write
                0x00000000000107c8                cfs_seek
                0x0000000000010873                cfs_remove
                0x000000000001089f                cfs_opendir
                0x00000000000108b2                cfs_readdir
                0x00000000000108c5                cfs_closedir
 .text          0x00000000000108de      0x6cb obj_cooja/mtype872.a(cooja-radio.o)
                0x000000000001092d                radio_set_channel
                0x0000000000010943                radio_set_txpower
                0x000000000001095c                radio_signal_strength_last
                0x000000000001096b                radio_signal_strength_current
                0x000000000001097a                radio_LQI
 .text          0x0000000000010fa9      0x125 obj_cooja/mtype872.a(eeprom.o)
                0x0000000000010fa9                eeprom_init
                0x0000000000010fb0                eeprom_read
                0x0000000000011038                eeprom_write
 .text          0x00000000000110ce       0x27 obj_cooja/mtype872.a(random.o)
                0x00000000000110ce                random_init
                0x00000000000110ea                random_rand
 .text          0x00000000000110f5      0x340 obj_cooja/mtype872.a(sensors.o)
                0x000000000001113a                sensors_first
                0x000000000001114a                sensors_next
                0x0000000000011175                sensors_changed
                0x00000000000111be                sensors_find
 .text          0x0000000000011435      0x280 obj_cooja/mtype872.a(contiki-main.o)
                0x0000000000011435                main
 .text          0x00000000000116b5       0xb3 obj_cooja/mtype872.a(autostart.o)
                0x00000000000116b5                autostart_start
                0x0000000000011711                autostart_exit
 .text          0x0000000000011768       0x19 obj_cooja/mtype872.a(energest.o)
                0x0000000000011768                energest_init
                0x000000000001176f                energest_flush
                0x0000000000011776                energest_get_total_time
 .text          0x0000000000011781      0x53f obj_cooja/mtype872.a(etimer.o)
                0x0000000000011a20                etimer_request_poll
                0x0000000000011aca                etimer_set
                0x0000000000011afc                etimer_reset_with_new_interval
                0x0000000000011b33                etimer_reset
                0x0000000000011b5a                etimer_restart
                0x0000000000011b81                etimer_adjust
                0x0000000000011bae                etimer_expired
                0x0000000000011bc9                etimer_expiration_time
                0x0000000000011be5                etimer_start_time
                0x0000000000011bf6                etimer_pending
                0x0000000000011c0c                etimer_next_expiration_time
                0x0000000000011c29                etimer_stop
 .text          0x0000000000011cc0      0x581 obj_cooja/mtype872.a(log.o)
                0x0000000000011cc0                log_6addr
                0x0000000000011e3b                log_6addr_compact
                0x0000000000011f2c                log_lladdr
                0x0000000000011fa9                log_lladdr_compact
                0x0000000000012020                log_set_level
                0x0000000000012127                log_get_level
                0x00000000000121da                log_level_to_str
 .text          0x0000000000012241      0x421 obj_cooja/mtype872.a(ctimer.o)
                0x000000000001239f                ctimer_init
                0x00000000000123d0                ctimer_set
                0x0000000000012410                ctimer_set_with_process
                0x00000000000124c6                ctimer_reset
                0x0000000000012533                ctimer_restart
                0x00000000000125a0                ctimer_stop
                0x00000000000125fa                ctimer_expired
 .text          0x0000000000012662      0x641 obj_cooja/mtype872.a(process.o)
                0x0000000000012662                process_alloc_event
                0x0000000000012678                process_start
                0x00000000000128dd                process_exit
                0x0000000000012905                process_init
                0x0000000000012af5                process_run
                0x0000000000012b26                process_nevents
                0x0000000000012b42                process_post
                0x0000000000012c06                process_post_synch
                0x0000000000012c50                process_poll
                0x0000000000012c89                process_is_running
 .text          0x0000000000012ca3       0xf6 obj_cooja/mtype872.a(rtimer.o)
                0x0000000000012ca3                rtimer_init
                0x0000000000012caf                rtimer_set
                0x0000000000012d2c                rtimer_run_next
 .text          0x0000000000012d99       0xdf obj_cooja/mtype872.a(timer.o)
                0x0000000000012d99                timer_set
                0x0000000000012dc7                timer_reset
                0x0000000000012deb                timer_restart
                0x0000000000012e09                timer_expired
                0x0000000000012e46                timer_remaining
 .text          0x0000000000012e78      0x20c obj_cooja/mtype872.a(serial-line.o)
                0x0000000000012e78                serial_line_input_byte
                0x0000000000013051                serial_line_init
 .text          0x0000000000013084      0x324 obj_cooja/mtype872.a(list.o)
                0x0000000000013084                list_init
                0x000000000001309a                list_head
                0x00000000000130ab                list_copy
                0x00000000000130c8                list_tail
                0x000000000001310d                list_add
                0x000000000001316d                list_push
                0x00000000000131ac                list_chop
                0x0000000000013235                list_pop
                0x000000000001326b                list_remove
                0x00000000000132f3                list_length
                0x000000000001332a                list_insert
                0x0000000000013389                list_item_next
 .text          0x00000000000133a8      0x189 obj_cooja/mtype872.a(ringbuf.o)
                0x00000000000133a8                ringbuf_init
                0x00000000000133e5                ringbuf_put
                0x0000000000013470                ringbuf_get
                0x00000000000134ea                ringbuf_size
                0x0000000000013502                ringbuf_elements
 .text          0x0000000000013531      0x457 obj_cooja/mtype872.a(packetbuf.o)
                0x0000000000013531                packetbuf_clear
                0x000000000001355b                packetbuf_copyfrom
                0x00000000000135b1                packetbuf_copyto
                0x0000000000013654                packetbuf_hdralloc
                0x00000000000136de                packetbuf_hdrreduce
                0x000000000001372a                packetbuf_set_datalen
                0x0000000000013742                packetbuf_dataptr
                0x0000000000013764                packetbuf_hdrptr
                0x0000000000013771                packetbuf_datalen
                0x000000000001377e                packetbuf_hdrlen
                0x0000000000013796                packetbuf_totlen
                0x00000000000137b5                packetbuf_remaininglen
                0x00000000000137c9                packetbuf_attr_clear
                0x0000000000013829                packetbuf_attr_copyto
                0x0000000000013870                packetbuf_attr_copyfrom
                0x00000000000138b7                packetbuf_set_attr
                0x00000000000138e3                packetbuf_attr
                0x0000000000013900                packetbuf_set_addr
                0x0000000000013942                packetbuf_addr
                0x0000000000013968                packetbuf_holds_broadcast
 .text          0x0000000000013988      0x11b obj_cooja/mtype872.a(netstack.o)
                0x0000000000013988                netstack_process_ip_callback
                0x0000000000013a25                netstack_ip_packet_processor_add
                0x0000000000013a51                uip_ds6_ip_packet_processor_rm
                0x0000000000013a76                netstack_init
 .text          0x0000000000013aa3       0x74 obj_cooja/mtype872.a(linkaddr.o)
                0x0000000000013aa3                linkaddr_copy
                0x0000000000013ac0                linkaddr_cmp
                0x0000000000013af2                linkaddr_set_node_addr
 .text          0x0000000000013b17     0x22f3 obj_cooja/mtype872.a(tsch.o)
                0x0000000000013b17                tsch_set_coordinator
                0x0000000000013b56                tsch_set_pan_secured
                0x0000000000013b6d                tsch_set_join_priority
                0x0000000000013b86                tsch_set_ka_timeout
                0x0000000000013bb7                tsch_set_eb_period
                0x0000000000013fb0                tsch_schedule_keepalive
                0x000000000001406e                tsch_schedule_keepalive_immediately
                0x00000000000145ad                tsch_disassociate
                0x0000000000014cff                tsch_scan
 .text          0x0000000000015e0a      0xe90 obj_cooja/mtype872.a(tsch-schedule.o)
                0x0000000000015e0a                tsch_schedule_add_slotframe
                0x0000000000015f51                tsch_schedule_remove_all_slotframes
                0x0000000000015f93                tsch_schedule_remove_slotframe
                0x0000000000016079                tsch_schedule_get_slotframe_by_handle
                0x00000000000160d7                tsch_schedule_get_link_by_handle
                0x0000000000016162                tsch_schedule_add_link
                0x00000000000164ba                tsch_schedule_remove_link
                0x00000000000166bd                tsch_schedule_remove_link_by_timeslot
                0x000000000001670c                tsch_schedule_get_link_by_timeslot
                0x000000000001677c                tsch_schedule_get_next_active_link
                0x00000000000169d3                tsch_schedule_init
                0x0000000000016a1a                tsch_schedule_create_minimal
                0x0000000000016a69                tsch_schedule_slotframe_head
                0x0000000000016a7e                tsch_schedule_slotframe_next
                0x0000000000016a98                tsch_schedule_print
 .text          0x0000000000016c9a     0x1b81 obj_cooja/mtype872.a(tsch-slot-opera)
                0x0000000000016c9a                tsch_is_locked
                0x0000000000016ca6                tsch_get_lock
                0x0000000000016dce                tsch_release_lock
                0x0000000000016ddf                tsch_calculate_channel
                0x00000000000186ca                tsch_slot_operation_start
                0x00000000000187bb                tsch_slot_operation_sync
 .text          0x000000000001881b      0xa98 obj_cooja/mtype872.a(tsch-packet.o)
                0x000000000001884a                tsch_packet_eackbuf_attr
                0x000000000001886a                tsch_packet_create_eack
                0x0000000000018a1f                tsch_packet_parse_eack
                0x0000000000018bb3                tsch_packet_create_eb
                0x0000000000018f61                tsch_packet_update_eb
                0x0000000000018fbd                tsch_packet_parse_eb
 .text          0x00000000000192b3      0x14b obj_cooja/mtype872.a(tsch-rpl.o)
                0x00000000000192b3                tsch_rpl_callback_ka_sent
                0x00000000000192f2                tsch_rpl_callback_joining_network
                0x00000000000192f9                tsch_rpl_callback_leaving_network
                0x0000000000019319                tsch_rpl_callback_new_dio_interval
                0x00000000000193ba                tsch_rpl_callback_parent_switch
 .text          0x00000000000193fe      0x3ca obj_cooja/mtype872.a(tsch-adaptive-t)
                0x00000000000193fe                tsch_adaptive_timesync_get_drift_ppm
                0x0000000000019598                tsch_timesync_update
                0x000000000001975e                tsch_timesync_adaptive_compensate
 .text          0x00000000000197c8      0x4d0 obj_cooja/mtype872.a(tsch-log.o)
                0x00000000000197c8                tsch_log_process_pending
                0x0000000000019b9f                tsch_log_prepare_add
                0x0000000000019c1e                tsch_log_commit
                0x0000000000019c4b                tsch_log_init
                0x0000000000019c77                tsch_log_stop
 .text          0x0000000000019c98      0xd4a obj_cooja/mtype872.a(uip-ds6.o)
                0x0000000000019c98                uip_ds6_init
                0x0000000000019e72                uip_ds6_periodic
                0x0000000000019f10                uip_ds6_list_loop
                0x0000000000019ff2                uip_ds6_prefix_add
                0x000000000001a0be                uip_ds6_prefix_rm
                0x000000000001a0d8                uip_ds6_prefix_lookup
                0x000000000001a12b                uip_ds6_is_addr_onlink
                0x000000000001a1bb                uip_ds6_addr_add
                0x000000000001a2fc                uip_ds6_addr_rm
                0x000000000001a3b0                uip_ds6_addr_lookup
                0x000000000001a3fe                uip_ds6_get_link_local
                0x000000000001a49f                uip_ds6_get_global
                0x000000000001a540                uip_ds6_maddr_add
                0x000000000001a5b5                uip_ds6_maddr_rm
                0x000000000001a5cf                uip_ds6_maddr_lookup
                0x000000000001a620                uip_ds6_aaddr_add
                0x000000000001a695                uip_ds6_aaddr_rm
                0x000000000001a6af                uip_ds6_aaddr_lookup
                0x000000000001a700                uip_ds6_select_src
                0x000000000001a886                uip_ds6_set_addr_iid
                0x000000000001a8bb                uip_ds6_set_lladdr_from_iid
                0x000000000001a8ee                get_match_length
                0x000000000001a998                uip_ds6_compute_reachable_time
 .text          0x000000000001a9e2      0x416 obj_cooja/mtype872.a(uip-ds6-route.o)
                0x000000000001aa37                uip_ds6_route_init
                0x000000000001aa59                uip_ds6_route_nexthop
                0x000000000001aa68                uip_ds6_route_head
                0x000000000001aa73                uip_ds6_route_next
                0x000000000001aa82                uip_ds6_route_is_nexthop
                0x000000000001aa91                uip_ds6_route_num_routes
                0x000000000001aa9c                uip_ds6_route_lookup
                0x000000000001aaab                uip_ds6_route_add
                0x000000000001aac3                uip_ds6_route_rm
                0x000000000001aace                uip_ds6_route_rm_by_nexthop
                0x000000000001aad9                uip_ds6_defrt_head
                0x000000000001aaee                uip_ds6_defrt_add
                0x000000000001ac1f                uip_ds6_defrt_rm
                0x000000000001ac8e                uip_ds6_defrt_lookup
                0x000000000001ad01                uip_ds6_defrt_choose
                0x000000000001ad80                uip_ds6_defrt_periodic
 .text          0x000000000001adf8      0x53a obj_cooja/mtype872.a(uip-ds6-nbr.o)
                0x000000000001adf8                uip_ds6_neighbors_init
                0x000000000001ae20                uip_ds6_nbr_add
                0x000000000001aebd                uip_ds6_nbr_rm
                0x000000000001af19                uip_ds6_nbr_update_ll
                0x000000000001b148                uip_ds6_nbr_get_ipaddr
                0x000000000001b164                uip_ds6_nbr_get_ll
                0x000000000001b18b                uip_ds6_nbr_num
                0x000000000001b1df                uip_ds6_nbr_head
                0x000000000001b1f7                uip_ds6_nbr_next
                0x000000000001b21e                uip_ds6_nbr_lookup
                0x000000000001b296                uip_ds6_nbr_ll_lookup
                0x000000000001b2bd                uip_ds6_nbr_ipaddr_from_lladdr
                0x000000000001b2ed                uip_ds6_nbr_lladdr_from_ipaddr
                0x000000000001b325                uip_ds6_link_callback
 .text          0x000000000001b332      0xb02 obj_cooja/mtype872.a(tcpip.o)
                0x000000000001b35e                tcpip_output
                0x000000000001b400                udp_attach
                0x000000000001b42a                udp_new
                0x000000000001b481                udp_broadcast_new
                0x000000000001b5fb                tcpip_input
                0x000000000001b8c9                tcpip_ipv6_output
                0x000000000001bcf3                tcpip_poll_udp
                0x000000000001bd1d                tcpip_uipcall
 .text          0x000000000001be34     0x1c8d obj_cooja/mtype872.a(uip6.o)
                0x000000000001bef2                uip_chksum
                0x000000000001bfea                uip_icmp6chksum
                0x000000000001bffa                uip_udpchksum
                0x000000000001c00a                uip_init
                0x000000000001c067                remove_ext_hdr
                0x000000000001c1db                uip_udp_new
                0x000000000001c5fa                uip_process
                0x000000000001d97b                uip_htons
                0x000000000001d99a                uip_htonl
                0x000000000001d9de                uip_send
 .text          0x000000000001dac1      0x9c7 obj_cooja/mtype872.a(uip-nd6.o)
                0x000000000001e475                uip_nd6_init
 .text          0x000000000001e488     0x2565 obj_cooja/mtype872.a(sicslowpan.o)
                0x000000000001e488                netstack_sniffer_add
                0x000000000001e49e                netstack_sniffer_remove
                0x00000000000209be                sicslowpan_init
                0x00000000000209e1                sicslowpan_get_last_rssi
 .text          0x00000000000209ed      0xcc9 obj_cooja/mtype872.a(rpl-neighbor.o)
                0x0000000000020a53                rpl_neighbor_print_list
                0x0000000000020eea                rpl_neighbor_count
                0x0000000000020fcd                rpl_neighbor_get_from_lladdr
                0x0000000000020ff4                rpl_neighbor_is_acceptable_parent
                0x000000000002103c                rpl_neighbor_get_link_metric
                0x0000000000021084                rpl_neighbor_rank_via_nbr
                0x00000000000210cc                rpl_neighbor_get_lladdr
                0x00000000000210f3                rpl_neighbor_get_ipaddr
                0x000000000002111d                rpl_neighbor_get_link_stats
                0x0000000000021147                rpl_neighbor_is_fresh
                0x0000000000021171                rpl_neighbor_is_reachable
                0x00000000000211c5                rpl_neighbor_is_parent
                0x00000000000211fa                rpl_neighbor_set_preferred_parent
                0x0000000000021383                rpl_neighbor_remove_all
                0x0000000000021419                rpl_neighbor_get_from_ipaddr
                0x0000000000021546                rpl_neighbor_select_best
                0x0000000000021696                rpl_neighbor_init
 .text          0x00000000000216b6     0x1bc0 obj_cooja/mtype872.a(rpl-dag.o)
                0x00000000000216b6                rpl_dag_state_to_str
                0x0000000000021703                rpl_dag_get_root_ipaddr
                0x0000000000021749                rpl_dag_leave
                0x0000000000021878                rpl_dag_poison_and_leave
                0x0000000000021892                rpl_dag_periodic
                0x00000000000219dd                rpl_is_addr_in_our_dag
                0x0000000000021a32                rpl_get_default_instance
                0x0000000000021a55                rpl_get_any_dag
                0x0000000000021aba                rpl_refresh_routes
                0x0000000000021b89                rpl_global_repair
                0x0000000000021d62                rpl_local_repair
                0x0000000000021e06                rpl_dag_ready_to_advertise
                0x0000000000021e5a                rpl_dag_update_state
                0x0000000000022ca3                rpl_process_dio
                0x0000000000022d89                rpl_process_dis
                0x0000000000022e14                rpl_process_dao
                0x0000000000022efb                rpl_process_dao_ack
                0x0000000000022feb                rpl_process_hbh
                0x0000000000023046                rpl_dag_init_root
                0x0000000000023256                rpl_dag_init
 .text          0x0000000000023276      0xe98 obj_cooja/mtype872.a(rpl-timers.o)
                0x0000000000023276                rpl_timers_schedule_periodic_dis
                0x000000000002347a                rpl_timers_dio_reset
                0x0000000000023606                rpl_timers_schedule_unicast_dio
                0x0000000000023817                rpl_timers_schedule_dao
                0x00000000000239af                rpl_timers_schedule_dao_ack
                0x0000000000023a63                get_probing_delay
                0x0000000000023af8                get_probing_target
                0x0000000000023e68                rpl_schedule_probing
                0x0000000000023ec8                rpl_timers_unschedule_leaving
                0x0000000000023f08                rpl_timers_schedule_leaving
                0x0000000000023f59                rpl_timers_init
                0x0000000000024014                rpl_timers_stop_dag_timers
                0x000000000002409d                rpl_timers_unschedule_state_update
                0x00000000000240c3                rpl_timers_schedule_state_update
 .text          0x000000000002410e      0x7a2 obj_cooja/mtype872.a(rpl.o)
                0x000000000002410e                rpl_lollipop_greater_than
                0x000000000002416e                rpl_get_global_address
                0x000000000002430a                rpl_link_callback
                0x00000000000243e0                rpl_has_joined
                0x000000000002440f                rpl_is_reachable
                0x00000000000244ad                rpl_reset_prefix
                0x0000000000024578                rpl_set_prefix_from_addr
                0x000000000002471c                rpl_set_prefix
 .text          0x00000000000248b0      0x3b2 obj_cooja/mtype872.a(rpl-mrhof.o)
 .text          0x0000000000024c62     0x20e7 obj_cooja/mtype872.a(rpl-icmp6.o)
                0x0000000000024dd6                rpl_icmp6_update_nbr_table
                0x000000000002501e                rpl_icmp6_dis_output
                0x00000000000259b6                rpl_icmp6_dio_output
                0x000000000002655d                rpl_icmp6_dao_output
                0x0000000000026be5                rpl_icmp6_dao_ack_output
                0x0000000000026d12                rpl_icmp6_init
 .text          0x0000000000026d49      0x3db obj_cooja/mtype872.a(rpl-dag-root.o)
                0x0000000000026eeb                rpl_dag_root_set_prefix
                0x0000000000026f23                rpl_dag_root_start
                0x00000000000270e8                rpl_dag_root_is_root
 .text          0x0000000000027124       0x23 obj_cooja/mtype872.a(watchdog.o)
                0x0000000000027124                watchdog_init
                0x000000000002712b                watchdog_start
                0x0000000000027132                watchdog_periodic
                0x0000000000027139                watchdog_stop
                0x0000000000027140                watchdog_reboot
 .text          0x0000000000027147       0xf6 obj_cooja/mtype872.a(serial-shell.o)
                0x0000000000027222                serial_shell_init
 .text          0x000000000002723d      0x106 obj_cooja/mtype872.a(stimer.o)
                0x000000000002723d                stimer_set
                0x000000000002726b                stimer_reset
                0x000000000002728f                stimer_restart
                0x00000000000272ad                stimer_expired
                0x00000000000272ee                stimer_remaining
                0x0000000000027320                stimer_elapsed
 .text          0x0000000000027343      0x236 obj_cooja/mtype872.a(ringbufindex.o)
                0x0000000000027343                ringbufindex_init
                0x0000000000027370                ringbufindex_put
                0x00000000000273d7                ringbufindex_peek_put
                0x0000000000027425                ringbufindex_get
                0x000000000002748e                ringbufindex_peek_get
                0x00000000000274d2                ringbufindex_size
                0x00000000000274e9                ringbufindex_elements
                0x0000000000027517                ringbufindex_full
                0x0000000000027557                ringbufindex_empty
 .text          0x0000000000027579      0x20e obj_cooja/mtype872.a(memb.o)
                0x0000000000027579                memb_init
                0x00000000000275d8                memb_alloc
                0x0000000000027650                memb_free
                0x00000000000276e8                memb_inmemb
                0x000000000002773b                memb_numfree
 .text          0x0000000000027787      0x330 obj_cooja/mtype872.a(queuebuf.o)
                0x0000000000027798                queuebuf_init
                0x00000000000277b7                queuebuf_numfree
                0x00000000000277c9                queuebuf_new_from_packetbuf
                0x0000000000027872                queuebuf_update_attr_from_packetbuf
                0x00000000000278b1                queuebuf_update_from_packetbuf
                0x0000000000027909                queuebuf_free
                0x0000000000027958                queuebuf_to_packetbuf
                0x00000000000279ca                queuebuf_dataptr
                0x0000000000027a0a                queuebuf_datalen
                0x0000000000027a36                queuebuf_addr
                0x0000000000027a79                queuebuf_attr
                0x0000000000027ab0                queuebuf_debug_print
 .text          0x0000000000027ab7      0x98b obj_cooja/mtype872.a(nbr-table.o)
                0x000000000002804f                nbr_table_register
                0x00000000000280dd                nbr_table_is_registered
                0x0000000000028130                nbr_table_head
                0x0000000000028197                nbr_table_next
                0x000000000002820d                nbr_table_add_lladdr
                0x00000000000282ff                nbr_table_get_from_lladdr
                0x0000000000028357                nbr_table_remove
                0x00000000000283a7                nbr_table_lock
                0x00000000000283d5                nbr_table_unlock
                0x0000000000028403                nbr_table_get_lladdr
 .text          0x0000000000028442      0x3e2 obj_cooja/mtype872.a(link-stats.o)
                0x0000000000028442                link_stats_from_lladdr
                0x0000000000028466                link_stats_is_fresh
                0x00000000000284b0                guess_etx_from_rssi
                0x0000000000028531                link_stats_packet_sent
                0x0000000000028665                link_stats_input_callback
                0x0000000000028792                link_stats_reset
                0x00000000000287e9                link_stats_init
 .text          0x0000000000028824      0x1da obj_cooja/mtype872.a(mac-sequence.o)
                0x0000000000028824                mac_sequence_is_duplicate
                0x0000000000028905                mac_sequence_register_seqno
 .text          0x00000000000289fe       0x33 obj_cooja/mtype872.a(mac.o)
                0x00000000000289fe                mac_call_sent_callback
 .text          0x0000000000028a31     0x15a9 obj_cooja/mtype872.a(frame802154e-ie)
                0x0000000000028b5e                frame80215e_create_ie_header_ack_nack_time_correction
                0x0000000000028bf6                frame80215e_create_ie_header_list_termination_1
                0x0000000000028c47                frame80215e_create_ie_header_list_termination_2
                0x0000000000028c98                frame80215e_create_ie_payload_list_termination
                0x0000000000028ce9                frame80215e_create_ie_mlme
                0x0000000000028d40                frame80215e_create_ie_tsch_synchronization
                0x0000000000028e08                frame80215e_create_ie_tsch_slotframe_and_link
                0x0000000000029044                frame80215e_create_ie_tsch_timeslot
                0x0000000000029138                frame80215e_create_ie_tsch_channel_hopping_sequence
                0x00000000000297a6                frame802154e_parse_information_elements
 .text          0x0000000000029fda      0x638 obj_cooja/mtype872.a(framer-802154.o)
                0x000000000002a234                framer_802154_setup_params
 .text          0x000000000002a612      0xba0 obj_cooja/mtype872.a(frame802154.o)
                0x000000000002a640                frame802154_get_pan_id
                0x000000000002a64d                frame802154_set_pan_id
                0x000000000002a665                frame802154_has_panid
                0x000000000002a840                frame802154_check_dest_panid
                0x000000000002a8b8                frame802154_is_broadcast_addr
                0x000000000002a90b                frame802154_extract_linkaddr
                0x000000000002ab7e                frame802154_hdrlen
                0x000000000002abd6                frame802154_create_fcf
                0x000000000002aca4                frame802154_create
                0x000000000002ae19                frame802154_parse_fcf
                0x000000000002aee5                frame802154_parse
 .text          0x000000000002b1b2      0xc43 obj_cooja/mtype872.a(tsch-queue.o)
                0x000000000002b1b2                tsch_queue_add_nbr
                0x000000000002b2c1                tsch_queue_get_nbr
                0x000000000002b32a                tsch_queue_get_time_source
                0x000000000002b380                tsch_queue_update_time_source
                0x000000000002b623                tsch_queue_add_packet
                0x000000000002b7c8                tsch_queue_global_packet_count
                0x000000000002b7e3                tsch_queue_packet_count
                0x000000000002b830                tsch_queue_remove_packet_from_queue
                0x000000000002b88b                tsch_queue_free_packet
                0x000000000002b8c3                tsch_queue_packet_sent
                0x000000000002b98e                tsch_queue_reset
                0x000000000002b9ee                tsch_queue_free_unused_neighbors
                0x000000000002ba76                tsch_queue_is_empty
                0x000000000002bab4                tsch_queue_get_packet_for_nbr
                0x000000000002bb4a                tsch_queue_get_packet_for_dest_addr
                0x000000000002bb8a                tsch_queue_get_unicast_packet_for_any
                0x000000000002bc30                tsch_queue_backoff_expired
                0x000000000002bc4a                tsch_queue_backoff_reset
                0x000000000002bc65                tsch_queue_backoff_inc
                0x000000000002bcd7                tsch_queue_update_all_backoff_windows
                0x000000000002bd8f                tsch_queue_init
 .text          0x000000000002bdf5      0x220 obj_cooja/mtype872.a(uipbuf.o)
                0x000000000002bdf5                uipbuf_get_next_header
                0x000000000002be77                uipbuf_get_last_header
                0x000000000002bf1b                uipbuf_get_attr
                0x000000000002bf48                uipbuf_set_attr
                0x000000000002bf84                uipbuf_clear_attr
                0x000000000002bfb0                uipbuf_set_attr_flag
                0x000000000002bfcf                uipbuf_clr_attr_flag
                0x000000000002bff4                uipbuf_is_attr_flag
 .text          0x000000000002c015      0xc50 obj_cooja/mtype872.a(uip-icmp6.o)
                0x000000000002c08e                uip_icmp6_input
                0x000000000002c0e8                uip_icmp6_register_input_handler
                0x000000000002c376                uip_icmp6_error_output
                0x000000000002c8a4                uip_icmp6_send
                0x000000000002cbde                uip_icmp6_echo_reply_callback_add
                0x000000000002cc21                uip_icmp6_echo_reply_callback_rm
                0x000000000002cc46                uip_icmp6_init
 .text          0x000000000002cc65      0x5d3 obj_cooja/mtype872.a(uip-sr.o)
                0x000000000002cc65                uip_sr_num_nodes
                0x000000000002cce5                uip_sr_get_node
                0x000000000002cd49                uip_sr_is_addr_reachable
                0x000000000002cdea                uip_sr_expire_parent
                0x000000000002ce49                uip_sr_update_node
                0x000000000002d06b                uip_sr_init
                0x000000000002d097                uip_sr_node_head
                0x000000000002d0ac                uip_sr_node_next
                0x000000000002d0c6                uip_sr_periodic
                0x000000000002d1c1                uip_sr_free_all
 .text          0x000000000002d238      0x197 obj_cooja/mtype872.a(uip-packetqueue)
                0x000000000002d270                uip_packetqueue_new
                0x000000000002d286                uip_packetqueue_alloc
                0x000000000002d2fc                uip_packetqueue_free
                0x000000000002d34d                uip_packetqueue_buf
                0x000000000002d375                uip_packetqueue_buflen
                0x000000000002d3a0                uip_packetqueue_set_buflen
 .text          0x000000000002d3cf      0x355 obj_cooja/mtype872.a(rpl-nbr-policy.)
                0x000000000002d6d2                rpl_nbr_policy_find_removable
 .text          0x000000000002d724     0x1b58 obj_cooja/mtype872.a(rpl-ext-header.)
                0x000000000002d724                rpl_ext_header_srh_get_next_hop
                0x000000000002d904                rpl_ext_header_srh_update
                0x000000000002e506                rpl_ext_header_hbh_update
                0x000000000002ef1f                rpl_ext_header_update
                0x000000000002efc5                rpl_ext_header_remove
 .text          0x000000000002f27c      0x5aa obj_cooja/mtype872.a(shell.o)
                0x000000000002f27c                shell_output_6addr
                0x000000000002f4da                shell_output_lladdr
                0x000000000002f634                shell_input
                0x000000000002f81a                shell_init
 .text          0x000000000002f826     0x28df obj_cooja/mtype872.a(shell-commands.)
                0x00000000000320eb                shell_commands_init
 .text          0x0000000000032105      0x688 obj_cooja/mtype872.a(uiplib.o)
                0x0000000000032105                uiplib_ip6addrconv
                0x00000000000322e7                uiplib_ip4addrconv
                0x00000000000323b5                uiplib_ipaddr_print
                0x0000000000032530                uiplib_ipaddr_snprint
 .text          0x000000000003278d        0x0 /usr/lib/gcc/x86_64-linux-gnu/6/crtendS.o
 .text          0x000000000003278d        0x0 /usr/lib/gcc/x86_64-linux-gnu/6/../../../x86_64-linux-gnu/crtn.o
 *(.gnu.warning)

.fini           0x0000000000032790        0x9
 *(SORT(.fini))
 .fini          0x0000000000032790        0x4 /usr/lib/gcc/x86_64-linux-gnu/6/../../../x86_64-linux-gnu/crti.o
                0x0000000000032790                _fini
 .fini          0x0000000000032794        0x5 /usr/lib/gcc/x86_64-linux-gnu/6/../../../x86_64-linux-gnu/crtn.o
                [!provide]                        PROVIDE (__etext, .)
                [!provide]                        PROVIDE (_etext, .)
                [!provide]                        PROVIDE (etext, .)

.rodata         0x00000000000327a0     0x39b5
 *(.rodata .rodata.* .gnu.linkonce.r.*)
 .rodata        0x00000000000327a0        0x9 node.o
 .rodata        0x00000000000327a9       0x46 obj_cooja/mtype872.o
 .rodata        0x00000000000327ef        0x7 obj_cooja/mtype872.a(button-sensor.o)
 .rodata        0x00000000000327f6        0x4 obj_cooja/mtype872.a(pir-sensor.o)
 .rodata        0x00000000000327fa        0x6 obj_cooja/mtype872.a(rs232.o)
 .rodata        0x0000000000032800        0xa obj_cooja/mtype872.a(vib-sensor.o)
 *fill*         0x000000000003280a        0x6 
 .rodata        0x0000000000032810       0x27 obj_cooja/mtype872.a(cfs-cooja.o)
 .rodata        0x0000000000032837       0x14 obj_cooja/mtype872.a(cooja-radio.o)
 .rodata        0x000000000003284b        0x8 obj_cooja/mtype872.a(sensors.o)
 *fill*         0x0000000000032853        0x5 
 .rodata        0x0000000000032858       0xa3 obj_cooja/mtype872.a(contiki-main.o)
 .rodata        0x00000000000328fb        0xc obj_cooja/mtype872.a(etimer.o)
 *fill*         0x0000000000032907        0x1 
 .rodata        0x0000000000032908       0xec obj_cooja/mtype872.a(log.o)
 .rodata        0x00000000000329f4        0xf obj_cooja/mtype872.a(ctimer.o)
 .rodata        0x0000000000032a03        0xe obj_cooja/mtype872.a(serial-line.o)
 *fill*         0x0000000000032a11        0x7 
 .rodata        0x0000000000032a18        0x8 obj_cooja/mtype872.a(linkaddr.o)
                0x0000000000032a18                linkaddr_null
 .rodata        0x0000000000032a20      0x765 obj_cooja/mtype872.a(tsch.o)
                0x0000000000032a38                tsch_broadcast_address
                0x0000000000032a40                tsch_eb_address
 *fill*         0x0000000000033185        0x3 
 .rodata        0x0000000000033188      0x208 obj_cooja/mtype872.a(tsch-schedule.o)
 .rodata        0x0000000000033390      0x117 obj_cooja/mtype872.a(tsch-slot-opera)
 *fill*         0x00000000000334a7        0x1 
 .rodata        0x00000000000334a8       0xf9 obj_cooja/mtype872.a(tsch-packet.o)
 .rodata        0x00000000000335a1        0xd obj_cooja/mtype872.a(tsch-rpl.o)
 *fill*         0x00000000000335ae        0x2 
 .rodata        0x00000000000335b0       0x34 obj_cooja/mtype872.a(tsch-adaptive-t)
 *fill*         0x00000000000335e4        0x4 
 .rodata        0x00000000000335e8      0x110 obj_cooja/mtype872.a(tsch-log.o)
 .rodata        0x00000000000336f8       0xae obj_cooja/mtype872.a(uip-ds6-route.o)
 *fill*         0x00000000000337a6        0xa 
 .rodata        0x00000000000337b0       0xe6 obj_cooja/mtype872.a(uip-ds6-nbr.o)
 *fill*         0x0000000000033896        0x2 
 .rodata        0x0000000000033898      0x189 obj_cooja/mtype872.a(tcpip.o)
 *fill*         0x0000000000033a21        0x7 
 .rodata        0x0000000000033a28      0x388 obj_cooja/mtype872.a(uip6.o)
 .rodata        0x0000000000033db0       0x53 obj_cooja/mtype872.a(uip-nd6.o)
 *fill*         0x0000000000033e03        0x5 
 .rodata        0x0000000000033e08      0x1cc obj_cooja/mtype872.a(sicslowpan.o)
                0x0000000000033e08                unc_llconf
                0x0000000000033e0c                unc_ctxconf
                0x0000000000033e10                unc_mxconf
                0x0000000000033e14                llprefix
 *fill*         0x0000000000033fd4        0x4 
 .rodata        0x0000000000033fd8      0x166 obj_cooja/mtype872.a(rpl-neighbor.o)
 *fill*         0x000000000003413e        0x2 
 .rodata        0x0000000000034140      0x60c obj_cooja/mtype872.a(rpl-dag.o)
 .rodata        0x000000000003474c       0x89 obj_cooja/mtype872.a(rpl-timers.o)
 *fill*         0x00000000000347d5        0x3 
 .rodata        0x00000000000347d8       0xd8 obj_cooja/mtype872.a(rpl.o)
 .rodata        0x00000000000348b0       0x25 obj_cooja/mtype872.a(rpl-mrhof.o)
 *fill*         0x00000000000348d5        0x3 
 .rodata        0x00000000000348d8      0x5a3 obj_cooja/mtype872.a(rpl-icmp6.o)
 *fill*         0x0000000000034e7b        0x5 
 .rodata        0x0000000000034e80       0x68 obj_cooja/mtype872.a(rpl-dag-root.o)
 .rodata        0x0000000000034ee8       0x18 obj_cooja/mtype872.a(serial-shell.o)
 .rodata        0x0000000000034f00      0x236 obj_cooja/mtype872.a(frame802154e-ie)
 *fill*         0x0000000000035136        0x2 
 .rodata        0x0000000000035138       0xc2 obj_cooja/mtype872.a(framer-802154.o)
 *fill*         0x00000000000351fa        0x6 
 .rodata        0x0000000000035200       0x7d obj_cooja/mtype872.a(tsch-queue.o)
 *fill*         0x000000000003527d        0x3 
 .rodata        0x0000000000035280       0x5a obj_cooja/mtype872.a(uip-icmp6.o)
 *fill*         0x00000000000352da        0x6 
 .rodata        0x00000000000352e0       0x61 obj_cooja/mtype872.a(uip-sr.o)
 *fill*         0x0000000000035341        0x7 
 .rodata        0x0000000000035348       0xe7 obj_cooja/mtype872.a(rpl-nbr-policy.)
 *fill*         0x000000000003542f        0x1 
 .rodata        0x0000000000035430      0x3e1 obj_cooja/mtype872.a(rpl-ext-header.)
 .rodata        0x0000000000035811       0x1b obj_cooja/mtype872.a(shell.o)
 *fill*         0x000000000003582c        0x4 
 .rodata        0x0000000000035830      0x8fb obj_cooja/mtype872.a(shell-commands.)
 .rodata        0x000000000003612b       0x2a obj_cooja/mtype872.a(uiplib.o)

.rodata1
 *(.rodata1)

.eh_frame_hdr   0x0000000000036158     0x1774
 *(.eh_frame_hdr)
 .eh_frame_hdr  0x0000000000036158     0x1774 node.o
                0x0000000000036158                __GNU_EH_FRAME_HDR
 *(.eh_frame_entry .eh_frame_entry.*)

.eh_frame       0x00000000000378d0     0x5ebc
 *(.eh_frame)
 .eh_frame      0x00000000000378d0       0x40 /usr/lib/gcc/x86_64-linux-gnu/6/../../../x86_64-linux-gnu/crti.o
 .eh_frame      0x0000000000037910       0x18 /usr/lib/gcc/x86_64-linux-gnu/6/../../../x86_64-linux-gnu/crti.o
                                         0x30 (size before relaxing)
 .eh_frame      0x0000000000037928       0x20 node.o
                                         0x38 (size before relaxing)
 .eh_frame      0x0000000000037948      0x180 obj_cooja/mtype872.o
                                        0x190 (size before relaxing)
 .eh_frame      0x0000000000037ac8       0x40 obj_cooja/mtype872.a(simEnvChange.o)
                                         0x58 (size before relaxing)
 .eh_frame      0x0000000000037b08       0x60 obj_cooja/mtype872.a(cooja_mt.o)
                                         0x78 (size before relaxing)
 .eh_frame      0x0000000000037b68       0x80 obj_cooja/mtype872.a(cooja_mtarch.o)
                                         0x98 (size before relaxing)
 .eh_frame      0x0000000000037be8       0xc0 obj_cooja/mtype872.a(rtimer-arch.o)
                                         0xd8 (size before relaxing)
 .eh_frame      0x0000000000037ca8      0x160 obj_cooja/mtype872.a(beep.o)
                                        0x178 (size before relaxing)
 .eh_frame      0x0000000000037e08       0xa0 obj_cooja/mtype872.a(button-sensor.o)
                                         0xb8 (size before relaxing)
 .eh_frame      0x0000000000037ea8       0xa0 obj_cooja/mtype872.a(leds-arch.o)
                                         0xb8 (size before relaxing)
 .eh_frame      0x0000000000037f48       0x40 obj_cooja/mtype872.a(moteid.o)
                                         0x58 (size before relaxing)
 .eh_frame      0x0000000000037f88       0xa0 obj_cooja/mtype872.a(pir-sensor.o)
                                         0xb8 (size before relaxing)
 .eh_frame      0x0000000000038028      0x100 obj_cooja/mtype872.a(rs232.o)
                                        0x118 (size before relaxing)
 .eh_frame      0x0000000000038128       0xa0 obj_cooja/mtype872.a(vib-sensor.o)
                                         0xb8 (size before relaxing)
 .eh_frame      0x00000000000381c8       0xc0 obj_cooja/mtype872.a(clock.o)
                                         0xd8 (size before relaxing)
 .eh_frame      0x0000000000038288      0x128 obj_cooja/mtype872.a(cooja-log.o)
                                        0x140 (size before relaxing)
 .eh_frame      0x00000000000383b0      0x160 obj_cooja/mtype872.a(cfs-cooja.o)
                                        0x178 (size before relaxing)
 .eh_frame      0x0000000000038510      0x340 obj_cooja/mtype872.a(cooja-radio.o)
                                        0x358 (size before relaxing)
 .eh_frame      0x0000000000038850       0xa0 obj_cooja/mtype872.a(eeprom.o)
                                         0xb8 (size before relaxing)
 .eh_frame      0x00000000000388f0       0x40 obj_cooja/mtype872.a(random.o)
                                         0x58 (size before relaxing)
 .eh_frame      0x0000000000038930       0xc0 obj_cooja/mtype872.a(sensors.o)
                                         0xd8 (size before relaxing)
 .eh_frame      0x00000000000389f0       0x20 obj_cooja/mtype872.a(contiki-main.o)
                                         0x38 (size before relaxing)
 .eh_frame      0x0000000000038a10       0x40 obj_cooja/mtype872.a(autostart.o)
                                         0x58 (size before relaxing)
 .eh_frame      0x0000000000038a50       0x60 obj_cooja/mtype872.a(energest.o)
                                         0x78 (size before relaxing)
 .eh_frame      0x0000000000038ab0      0x1e0 obj_cooja/mtype872.a(etimer.o)
                                        0x1f8 (size before relaxing)
 .eh_frame      0x0000000000038c90       0xe0 obj_cooja/mtype872.a(log.o)
                                         0xf8 (size before relaxing)
 .eh_frame      0x0000000000038d70      0x100 obj_cooja/mtype872.a(ctimer.o)
                                        0x118 (size before relaxing)
 .eh_frame      0x0000000000038e70      0x1c8 obj_cooja/mtype872.a(process.o)
                                        0x1e0 (size before relaxing)
 .eh_frame      0x0000000000039038       0x60 obj_cooja/mtype872.a(rtimer.o)
                                         0x78 (size before relaxing)
 .eh_frame      0x0000000000039098       0xa0 obj_cooja/mtype872.a(timer.o)
                                         0xb8 (size before relaxing)
 .eh_frame      0x0000000000039138       0x60 obj_cooja/mtype872.a(serial-line.o)
                                         0x78 (size before relaxing)
 .eh_frame      0x0000000000039198      0x180 obj_cooja/mtype872.a(list.o)
                                        0x198 (size before relaxing)
 .eh_frame      0x0000000000039318       0xa0 obj_cooja/mtype872.a(ringbuf.o)
                                         0xb8 (size before relaxing)
 .eh_frame      0x00000000000393b8      0x288 obj_cooja/mtype872.a(packetbuf.o)
                                        0x2a0 (size before relaxing)
 .eh_frame      0x0000000000039640       0x80 obj_cooja/mtype872.a(netstack.o)
                                         0x98 (size before relaxing)
 .eh_frame      0x00000000000396c0       0x60 obj_cooja/mtype872.a(linkaddr.o)
                                         0x78 (size before relaxing)
 .eh_frame      0x0000000000039720      0x350 obj_cooja/mtype872.a(tsch.o)
                                        0x358 (size before relaxing)
 .eh_frame      0x0000000000039a70      0x1e0 obj_cooja/mtype872.a(tsch-schedule.o)
                                        0x1f8 (size before relaxing)
 .eh_frame      0x0000000000039c50      0x1c8 obj_cooja/mtype872.a(tsch-slot-opera)
                                        0x1e0 (size before relaxing)
 .eh_frame      0x0000000000039e18       0xe8 obj_cooja/mtype872.a(tsch-packet.o)
                                        0x100 (size before relaxing)
 .eh_frame      0x0000000000039f00       0xa0 obj_cooja/mtype872.a(tsch-rpl.o)
                                         0xb8 (size before relaxing)
 .eh_frame      0x0000000000039fa0       0xc0 obj_cooja/mtype872.a(tsch-adaptive-t)
                                         0xd8 (size before relaxing)
 .eh_frame      0x000000000003a060       0xa8 obj_cooja/mtype872.a(tsch-log.o)
                                         0xc0 (size before relaxing)
 .eh_frame      0x000000000003a108      0x2e8 obj_cooja/mtype872.a(uip-ds6.o)
                                        0x300 (size before relaxing)
 .eh_frame      0x000000000003a3f0      0x220 obj_cooja/mtype872.a(uip-ds6-route.o)
                                        0x238 (size before relaxing)
 .eh_frame      0x000000000003a610      0x1c0 obj_cooja/mtype872.a(uip-ds6-nbr.o)
                                        0x1d8 (size before relaxing)
 .eh_frame      0x000000000003a7d0      0x248 obj_cooja/mtype872.a(tcpip.o)
                                        0x260 (size before relaxing)
 .eh_frame      0x000000000003aa18      0x1b0 obj_cooja/mtype872.a(uip6.o)
                                        0x1c0 (size before relaxing)
 .eh_frame      0x000000000003abc8       0x88 obj_cooja/mtype872.a(uip-nd6.o)
                                         0xa0 (size before relaxing)
 .eh_frame      0x000000000003ac50      0x220 obj_cooja/mtype872.a(sicslowpan.o)
                                        0x238 (size before relaxing)
 .eh_frame      0x000000000003ae70      0x290 obj_cooja/mtype872.a(rpl-neighbor.o)
                                        0x2a8 (size before relaxing)
 .eh_frame      0x000000000003b100      0x360 obj_cooja/mtype872.a(rpl-dag.o)
                                        0x378 (size before relaxing)
 .eh_frame      0x000000000003b460      0x348 obj_cooja/mtype872.a(rpl-timers.o)
                                        0x360 (size before relaxing)
 .eh_frame      0x000000000003b7a8      0x1a0 obj_cooja/mtype872.a(rpl.o)
                                        0x1b8 (size before relaxing)
 .eh_frame      0x000000000003b948      0x150 obj_cooja/mtype872.a(rpl-mrhof.o)
                                        0x160 (size before relaxing)
 .eh_frame      0x000000000003ba98      0x1c0 obj_cooja/mtype872.a(rpl-icmp6.o)
                                        0x1d8 (size before relaxing)
 .eh_frame      0x000000000003bc58       0x80 obj_cooja/mtype872.a(rpl-dag-root.o)
                                         0x98 (size before relaxing)
 .eh_frame      0x000000000003bcd8       0xa0 obj_cooja/mtype872.a(watchdog.o)
                                         0xb8 (size before relaxing)
 .eh_frame      0x000000000003bd78       0x60 obj_cooja/mtype872.a(serial-shell.o)
                                         0x78 (size before relaxing)
 .eh_frame      0x000000000003bdd8       0xc0 obj_cooja/mtype872.a(stimer.o)
                                         0xd8 (size before relaxing)
 .eh_frame      0x000000000003be98      0x120 obj_cooja/mtype872.a(ringbufindex.o)
                                        0x138 (size before relaxing)
 .eh_frame      0x000000000003bfb8       0xa0 obj_cooja/mtype872.a(memb.o)
                                         0xb8 (size before relaxing)
 .eh_frame      0x000000000003c058      0x1a0 obj_cooja/mtype872.a(queuebuf.o)
                                        0x1b8 (size before relaxing)
 .eh_frame      0x000000000003c1f8      0x2a0 obj_cooja/mtype872.a(nbr-table.o)
                                        0x2b8 (size before relaxing)
 .eh_frame      0x000000000003c498      0x100 obj_cooja/mtype872.a(link-stats.o)
                                        0x118 (size before relaxing)
 .eh_frame      0x000000000003c598       0x50 obj_cooja/mtype872.a(mac-sequence.o)
                                         0x60 (size before relaxing)
 .eh_frame      0x000000000003c5e8       0x20 obj_cooja/mtype872.a(mac.o)
                                         0x38 (size before relaxing)
 .eh_frame      0x000000000003c608      0x220 obj_cooja/mtype872.a(frame802154e-ie)
                                        0x238 (size before relaxing)
 .eh_frame      0x000000000003c828       0xb0 obj_cooja/mtype872.a(framer-802154.o)
                                         0xc0 (size before relaxing)
 .eh_frame      0x000000000003c8d8      0x1a8 obj_cooja/mtype872.a(frame802154.o)
                                        0x1c0 (size before relaxing)
 .eh_frame      0x000000000003ca80      0x2e8 obj_cooja/mtype872.a(tsch-queue.o)
                                        0x300 (size before relaxing)
 .eh_frame      0x000000000003cd68      0x100 obj_cooja/mtype872.a(uipbuf.o)
                                        0x118 (size before relaxing)
 .eh_frame      0x000000000003ce68      0x158 obj_cooja/mtype872.a(uip-icmp6.o)
                                        0x168 (size before relaxing)
 .eh_frame      0x000000000003cfc0      0x160 obj_cooja/mtype872.a(uip-sr.o)
                                        0x178 (size before relaxing)
 .eh_frame      0x000000000003d120       0xe0 obj_cooja/mtype872.a(uip-packetqueue)
                                         0xf8 (size before relaxing)
 .eh_frame      0x000000000003d200       0x80 obj_cooja/mtype872.a(rpl-nbr-policy.)
                                         0x98 (size before relaxing)
 .eh_frame      0x000000000003d280      0x128 obj_cooja/mtype872.a(rpl-ext-header.)
                                        0x140 (size before relaxing)
 .eh_frame      0x000000000003d3a8       0xa0 obj_cooja/mtype872.a(shell.o)
                                         0xb8 (size before relaxing)
 .eh_frame      0x000000000003d448      0x2c0 obj_cooja/mtype872.a(shell-commands.)
                                        0x2d8 (size before relaxing)
 .eh_frame      0x000000000003d708       0x80 obj_cooja/mtype872.a(uiplib.o)
                                         0x98 (size before relaxing)
 .eh_frame      0x000000000003d788        0x4 /usr/lib/gcc/x86_64-linux-gnu/6/crtendS.o
 *(.eh_frame.*)

.gcc_except_table
 *(.gcc_except_table .gcc_except_table.*)

.gnu_extab
 *(.gnu_extab*)

.exception_ranges
 *(.exception_ranges .exception_ranges*)
                0x000000000023e628                . = DATA_SEGMENT_ALIGN (CONSTANT (MAXPAGESIZE), CONSTANT (COMMONPAGESIZE))

.eh_frame
 *(.eh_frame)
 *(.eh_frame.*)

.gnu_extab
 *(.gnu_extab)

.gcc_except_table
 *(.gcc_except_table .gcc_except_table.*)

.exception_ranges
 *(.exception_ranges .exception_ranges*)

.tdata
 *(.tdata .tdata.* .gnu.linkonce.td.*)

.tbss
 *(.tbss .tbss.* .gnu.linkonce.tb.*)
 *(.tcommon)

.preinit_array
 *(.preinit_array)

.init_array     0x000000000023e628        0x8
 *(SORT(.init_array.*) SORT(.ctors.*))
 *(.init_array EXCLUDE_FILE(*crtend?.o *crtend.o *crtbegin?.o *crtbegin.o) .ctors)
 .init_array    0x000000000023e628        0x8 /usr/lib/gcc/x86_64-linux-gnu/6/crtbeginS.o

.fini_array     0x000000000023e630        0x8
 *(SORT(.fini_array.*) SORT(.dtors.*))
 *(.fini_array EXCLUDE_FILE(*crtend?.o *crtend.o *crtbegin?.o *crtbegin.o) .dtors)
 .fini_array    0x000000000023e630        0x8 /usr/lib/gcc/x86_64-linux-gnu/6/crtbeginS.o

.ctors
 *crtbegin.o(.ctors)
 *crtbegin?.o(.ctors)
 *(EXCLUDE_FILE(*crtend?.o *crtend.o) .ctors)
 *(SORT(.ctors.*))
 *(.ctors)

.dtors
 *crtbegin.o(.dtors)
 *crtbegin?.o(.dtors)
 *(EXCLUDE_FILE(*crtend?.o *crtend.o) .dtors)
 *(SORT(.dtors.*))
 *(.dtors)

.jcr            0x000000000023e638        0x8
 *(.jcr)
 .jcr           0x000000000023e638        0x0 /usr/lib/gcc/x86_64-linux-gnu/6/crtbeginS.o
 .jcr           0x000000000023e638        0x8 /usr/lib/gcc/x86_64-linux-gnu/6/crtendS.o

.data.rel.ro    0x000000000023e640      0x340
 *(.data.rel.ro.local* .gnu.linkonce.d.rel.ro.local.*)
 .data.rel.ro.local
                0x000000000023e640       0x10 obj_cooja/mtype872.a(beep.o)
                0x000000000023e640                beep_interface
 *fill*         0x000000000023e650       0x10 
 .data.rel.ro.local
                0x000000000023e660       0x40 obj_cooja/mtype872.a(button-sensor.o)
                0x000000000023e660                button_interface
                0x000000000023e680                button_sensor
 .data.rel.ro.local
                0x000000000023e6a0       0x10 obj_cooja/mtype872.a(leds-arch.o)
                0x000000000023e6a0                leds_interface
 .data.rel.ro.local
                0x000000000023e6b0       0x10 obj_cooja/mtype872.a(moteid.o)
                0x000000000023e6b0                moteid_interface
 .data.rel.ro.local
                0x000000000023e6c0       0x40 obj_cooja/mtype872.a(pir-sensor.o)
                0x000000000023e6c0                pir_interface
                0x000000000023e6e0                pir_sensor
 .data.rel.ro.local
                0x000000000023e700       0x10 obj_cooja/mtype872.a(rs232.o)
                0x000000000023e700                rs232_interface
 *fill*         0x000000000023e710       0x10 
 .data.rel.ro.local
                0x000000000023e720       0x40 obj_cooja/mtype872.a(vib-sensor.o)
                0x000000000023e720                vib_interface
                0x000000000023e740                vib_sensor
 .data.rel.ro.local
                0x000000000023e760       0x10 obj_cooja/mtype872.a(clock.o)
                0x000000000023e760                clock_interface
 .data.rel.ro.local
                0x000000000023e770       0x10 obj_cooja/mtype872.a(cooja-log.o)
                0x000000000023e770                simlog_interface
 .data.rel.ro.local
                0x000000000023e780       0x10 obj_cooja/mtype872.a(cfs-cooja.o)
                0x000000000023e780                cfs_interface
 *fill*         0x000000000023e790       0x10 
 .data.rel.ro.local
                0x000000000023e7a0       0x90 obj_cooja/mtype872.a(cooja-radio.o)
                0x000000000023e7a0                radio_interface
                0x000000000023e7c0                cooja_radio_driver
 .data.rel.ro.local
                0x000000000023e830       0x10 obj_cooja/mtype872.a(eeprom.o)
                0x000000000023e830                eeprom_interface
 .data.rel.ro.local
                0x000000000023e840       0x30 obj_cooja/mtype872.a(tsch.o)
                0x000000000023e840                tschmac_driver
 .data.rel.ro.local
                0x000000000023e870       0x18 obj_cooja/mtype872.a(framer-802154.o)
                0x000000000023e870                framer_802154
 *(.data.rel.ro .data.rel.ro.* .gnu.linkonce.d.rel.ro.*)
 .data.rel.ro   0x000000000023e888        0x0 /usr/lib/gcc/x86_64-linux-gnu/6/../../../x86_64-linux-gnu/crti.o
 *fill*         0x000000000023e888        0x8 
 .data.rel.ro   0x000000000023e890       0x10 node.o
                0x000000000023e890                autostart_processes
 .data.rel.ro   0x000000000023e8a0       0x20 obj_cooja/mtype872.a(sicslowpan.o)
                0x000000000023e8a0                sicslowpan_driver
 .data.rel.ro   0x000000000023e8c0        0x8 obj_cooja/mtype872.a(rpl-dag.o)
 *fill*         0x000000000023e8c8       0x18 
 .data.rel.ro   0x000000000023e8e0       0xa0 obj_cooja/mtype872.a(rpl.o)
                0x000000000023e8e0                rpl_lite_driver

.dynamic        0x000000000023e980      0x1c0
 *(.dynamic)
 .dynamic       0x000000000023e980      0x1c0 /usr/lib/gcc/x86_64-linux-gnu/6/../../../x86_64-linux-gnu/crti.o
                0x000000000023e980                _DYNAMIC

.got            0x000000000023eb40      0x4c0
 *(.got)
 .got           0x000000000023eb40      0x4c0 /usr/lib/gcc/x86_64-linux-gnu/6/../../../x86_64-linux-gnu/crti.o
 *(.igot)
                0x000000000023ffe8                . = DATA_SEGMENT_RELRO_END (., (SIZEOF (.got.plt) >= 0x18)?0x18:0x0)

.got.plt        0x000000000023f000      0xc68
 *(.got.plt)
 .got.plt       0x000000000023f000      0xc68 /usr/lib/gcc/x86_64-linux-gnu/6/../../../x86_64-linux-gnu/crti.o
                0x000000000023f000                _GLOBAL_OFFSET_TABLE_
 *(.igot.plt)

.data           0x000000000023fc80      0x880
 *(.data .data.* .gnu.linkonce.d.*)
 .data          0x000000000023fc80        0x0 /usr/lib/gcc/x86_64-linux-gnu/6/../../../x86_64-linux-gnu/crti.o
 .data          0x000000000023fc80        0x0 /usr/lib/gcc/x86_64-linux-gnu/6/crtbeginS.o
 .data.rel.local
                0x000000000023fc80        0x8 /usr/lib/gcc/x86_64-linux-gnu/6/crtbeginS.o
                0x000000000023fc80                __dso_handle
 .data          0x000000000023fc88        0x0 node.o
 *fill*         0x000000000023fc88       0x18 
 .data.rel.local
                0x000000000023fca0       0x20 node.o
                0x000000000023fca0                node_process
 .data          0x000000000023fcc0        0x0 obj_cooja/mtype872.o
 .data.rel      0x000000000023fcc0       0xa0 obj_cooja/mtype872.o
                0x000000000023fcc0                simInterfaces
                0x000000000023fd40                sensors
 .data          0x000000000023fd60        0x0 obj_cooja/mtype872.a(simEnvChange.o)
 .data          0x000000000023fd60        0x0 obj_cooja/mtype872.a(cooja_mt.o)
 .data          0x000000000023fd60        0x0 obj_cooja/mtype872.a(cooja_mtarch.o)
 .data          0x000000000023fd60        0x0 obj_cooja/mtype872.a(rtimer-arch.o)
 .data          0x000000000023fd60        0x0 obj_cooja/mtype872.a(beep.o)
 .data          0x000000000023fd60        0x0 obj_cooja/mtype872.a(button-sensor.o)
 .data          0x000000000023fd60        0x0 obj_cooja/mtype872.a(leds-arch.o)
 .data          0x000000000023fd60        0x0 obj_cooja/mtype872.a(moteid.o)
 .data          0x000000000023fd60        0x0 obj_cooja/mtype872.a(pir-sensor.o)
 .data          0x000000000023fd60        0x0 obj_cooja/mtype872.a(rs232.o)
 .data          0x000000000023fd60        0x0 obj_cooja/mtype872.a(vib-sensor.o)
 .data          0x000000000023fd60        0x0 obj_cooja/mtype872.a(clock.o)
 .data          0x000000000023fd60        0x0 obj_cooja/mtype872.a(cooja-log.o)
 .data          0x000000000023fd60        0x0 obj_cooja/mtype872.a(cfs-cooja.o)
 .data          0x000000000023fd60       0x1c obj_cooja/mtype872.a(cooja-radio.o)
                0x000000000023fd60                simRadioHWOn
                0x000000000023fd64                simSignalStrength
                0x000000000023fd68                simLastSignalStrength
                0x000000000023fd6c                simPower
                0x000000000023fd70                simRadioChannel
                0x000000000023fd74                simLQI
 *fill*         0x000000000023fd7c        0x4 
 .data.rel.local
                0x000000000023fd80       0x20 obj_cooja/mtype872.a(cooja-radio.o)
                0x000000000023fd80                cooja_radio_process
 .data          0x000000000023fda0        0x0 obj_cooja/mtype872.a(eeprom.o)
 .data          0x000000000023fda0        0x0 obj_cooja/mtype872.a(random.o)
 .data          0x000000000023fda0        0x0 obj_cooja/mtype872.a(sensors.o)
 .data.rel.local
                0x000000000023fda0       0x20 obj_cooja/mtype872.a(sensors.o)
                0x000000000023fda0                sensors_process
 .data          0x000000000023fdc0        0x0 obj_cooja/mtype872.a(contiki-main.o)
 .data          0x000000000023fdc0        0x0 obj_cooja/mtype872.a(autostart.o)
 .data          0x000000000023fdc0        0x0 obj_cooja/mtype872.a(energest.o)
 .data          0x000000000023fdc0        0x0 obj_cooja/mtype872.a(etimer.o)
 .data.rel.local
                0x000000000023fdc0       0x20 obj_cooja/mtype872.a(etimer.o)
                0x000000000023fdc0                etimer_process
 .data          0x000000000023fde0       0x1c obj_cooja/mtype872.a(log.o)
                0x000000000023fde0                curr_log_level_rpl
                0x000000000023fde4                curr_log_level_tcpip
                0x000000000023fde8                curr_log_level_ipv6
                0x000000000023fdec                curr_log_level_6lowpan
                0x000000000023fdf0                curr_log_level_mac
                0x000000000023fdf4                curr_log_level_framer
                0x000000000023fdf8                curr_log_level_main
 *fill*         0x000000000023fdfc        0x4 
 .data.rel      0x000000000023fe00      0x120 obj_cooja/mtype872.a(log.o)
                0x000000000023fe00                all_modules
 .data          0x000000000023ff20        0x0 obj_cooja/mtype872.a(ctimer.o)
 .data.rel.local
                0x000000000023ff20       0x40 obj_cooja/mtype872.a(ctimer.o)
                0x000000000023ff40                ctimer_process
 .data          0x000000000023ff60        0x0 obj_cooja/mtype872.a(process.o)
 .data          0x000000000023ff60        0x0 obj_cooja/mtype872.a(rtimer.o)
 .data          0x000000000023ff60        0x0 obj_cooja/mtype872.a(timer.o)
 .data          0x000000000023ff60        0x0 obj_cooja/mtype872.a(serial-line.o)
 .data.rel.local
                0x000000000023ff60       0x20 obj_cooja/mtype872.a(serial-line.o)
                0x000000000023ff60                serial_line_process
 .data          0x000000000023ff80        0x0 obj_cooja/mtype872.a(list.o)
 .data          0x000000000023ff80        0x0 obj_cooja/mtype872.a(ringbuf.o)
 .data          0x000000000023ff80        0x0 obj_cooja/mtype872.a(packetbuf.o)
 .data.rel.local
                0x000000000023ff80        0x8 obj_cooja/mtype872.a(packetbuf.o)
 .data          0x000000000023ff88        0x0 obj_cooja/mtype872.a(netstack.o)
 .data.rel.local
                0x000000000023ff88        0x8 obj_cooja/mtype872.a(netstack.o)
 .data          0x000000000023ff90        0x0 obj_cooja/mtype872.a(linkaddr.o)
 .data          0x000000000023ff90        0x0 obj_cooja/mtype872.a(tsch.o)
 *fill*         0x000000000023ff90       0x10 
 .data.rel.local
                0x000000000023ffa0       0x60 obj_cooja/mtype872.a(tsch.o)
                0x000000000023ffa0                tsch_process
                0x000000000023ffc0                tsch_send_eb_process
                0x000000000023ffe0                tsch_pending_events_process
 .data          0x0000000000240000        0x0 obj_cooja/mtype872.a(tsch-schedule.o)
 .data.rel.local
                0x0000000000240000       0x40 obj_cooja/mtype872.a(tsch-schedule.o)
 .data          0x0000000000240040        0x4 obj_cooja/mtype872.a(tsch-slot-opera)
 .data          0x0000000000240044        0x0 obj_cooja/mtype872.a(tsch-packet.o)
 .data          0x0000000000240044        0x0 obj_cooja/mtype872.a(tsch-rpl.o)
 .data          0x0000000000240044        0x0 obj_cooja/mtype872.a(tsch-adaptive-t)
 .data          0x0000000000240044        0x0 obj_cooja/mtype872.a(tsch-log.o)
 .data          0x0000000000240044        0x0 obj_cooja/mtype872.a(uip-ds6.o)
 .data          0x0000000000240044        0x0 obj_cooja/mtype872.a(uip-ds6-route.o)
 *fill*         0x0000000000240044        0xc 
 .data.rel.local
                0x0000000000240050       0x28 obj_cooja/mtype872.a(uip-ds6-route.o)
 .data          0x0000000000240078        0x0 obj_cooja/mtype872.a(uip-ds6-nbr.o)
 *fill*         0x0000000000240078        0x8 
 .data.rel.local
                0x0000000000240080       0x20 obj_cooja/mtype872.a(uip-ds6-nbr.o)
                0x0000000000240098                ds6_neighbors
 .data          0x00000000002400a0        0x0 obj_cooja/mtype872.a(tcpip.o)
 .data.rel.local
                0x00000000002400a0       0x20 obj_cooja/mtype872.a(tcpip.o)
                0x00000000002400a0                tcpip_process
 .data          0x00000000002400c0        0x0 obj_cooja/mtype872.a(uip6.o)
 .data          0x00000000002400c0        0x0 obj_cooja/mtype872.a(uip-nd6.o)
 .data.rel.local
                0x00000000002400c0       0x18 obj_cooja/mtype872.a(uip-nd6.o)
 .data          0x00000000002400d8        0x0 obj_cooja/mtype872.a(sicslowpan.o)
 .data          0x00000000002400d8        0x0 obj_cooja/mtype872.a(rpl-neighbor.o)
 *fill*         0x00000000002400d8        0x8 
 .data.rel.local
                0x00000000002400e0       0x20 obj_cooja/mtype872.a(rpl-neighbor.o)
                0x00000000002400f8                rpl_neighbors
 .data          0x0000000000240100        0x0 obj_cooja/mtype872.a(rpl-dag.o)
 .data          0x0000000000240100        0x0 obj_cooja/mtype872.a(rpl-timers.o)
 .data          0x0000000000240100        0x0 obj_cooja/mtype872.a(rpl.o)
 .data          0x0000000000240100        0x0 obj_cooja/mtype872.a(rpl-mrhof.o)
 .data.rel.local
                0x0000000000240100       0x48 obj_cooja/mtype872.a(rpl-mrhof.o)
                0x0000000000240100                rpl_mrhof
 .data          0x0000000000240148        0x0 obj_cooja/mtype872.a(rpl-icmp6.o)
 *fill*         0x0000000000240148        0x8 
 .data.rel.local
                0x0000000000240150       0x78 obj_cooja/mtype872.a(rpl-icmp6.o)
 .data          0x00000000002401c8        0x0 obj_cooja/mtype872.a(rpl-dag-root.o)
 .data          0x00000000002401c8        0x0 obj_cooja/mtype872.a(watchdog.o)
 .data          0x00000000002401c8        0x0 obj_cooja/mtype872.a(serial-shell.o)
 *fill*         0x00000000002401c8       0x18 
 .data.rel.local
                0x00000000002401e0       0x20 obj_cooja/mtype872.a(serial-shell.o)
                0x00000000002401e0                serial_shell_process
 .data          0x0000000000240200        0x0 obj_cooja/mtype872.a(stimer.o)
 .data          0x0000000000240200        0x0 obj_cooja/mtype872.a(ringbufindex.o)
 .data          0x0000000000240200        0x0 obj_cooja/mtype872.a(memb.o)
 .data          0x0000000000240200        0x0 obj_cooja/mtype872.a(queuebuf.o)
 .data.rel.local
                0x0000000000240200       0x38 obj_cooja/mtype872.a(queuebuf.o)
 .data          0x0000000000240238        0x0 obj_cooja/mtype872.a(nbr-table.o)
 *fill*         0x0000000000240238        0x8 
 .data.rel.local
                0x0000000000240240       0x20 obj_cooja/mtype872.a(nbr-table.o)
 .data          0x0000000000240260        0x0 obj_cooja/mtype872.a(link-stats.o)
 .data.rel.local
                0x0000000000240260       0x20 obj_cooja/mtype872.a(link-stats.o)
 .data          0x0000000000240280        0x0 obj_cooja/mtype872.a(mac-sequence.o)
 .data          0x0000000000240280        0x0 obj_cooja/mtype872.a(mac.o)
 .data          0x0000000000240280        0x0 obj_cooja/mtype872.a(frame802154e-ie)
 .data          0x0000000000240280        0x0 obj_cooja/mtype872.a(framer-802154.o)
 .data          0x0000000000240280        0x2 obj_cooja/mtype872.a(frame802154.o)
 .data          0x0000000000240282        0x0 obj_cooja/mtype872.a(tsch-queue.o)
 *fill*         0x0000000000240282        0xe 
 .data.rel.local
                0x0000000000240290       0x40 obj_cooja/mtype872.a(tsch-queue.o)
 .data          0x00000000002402d0        0x0 obj_cooja/mtype872.a(uipbuf.o)
 .data          0x00000000002402d0        0x0 obj_cooja/mtype872.a(uip-icmp6.o)
 .data.rel.local
                0x00000000002402d0       0x48 obj_cooja/mtype872.a(uip-icmp6.o)
 .data          0x0000000000240318        0x0 obj_cooja/mtype872.a(uip-sr.o)
 *fill*         0x0000000000240318        0x8 
 .data.rel.local
                0x0000000000240320       0x28 obj_cooja/mtype872.a(uip-sr.o)
 .data          0x0000000000240348        0x0 obj_cooja/mtype872.a(uip-packetqueue)
 *fill*         0x0000000000240348        0x8 
 .data.rel.local
                0x0000000000240350       0x18 obj_cooja/mtype872.a(uip-packetqueue)
 .data          0x0000000000240368        0x0 obj_cooja/mtype872.a(rpl-nbr-policy.)
 .data          0x0000000000240368        0x0 obj_cooja/mtype872.a(rpl-ext-header.)
 .data          0x0000000000240368        0x0 obj_cooja/mtype872.a(shell.o)
 .data          0x0000000000240368        0x0 obj_cooja/mtype872.a(shell-commands.)
 *fill*         0x0000000000240368       0x18 
 .data.rel.local
                0x0000000000240380      0x180 obj_cooja/mtype872.a(shell-commands.)
                0x0000000000240380                shell_commands
 .data          0x0000000000240500        0x0 obj_cooja/mtype872.a(uiplib.o)
 .data          0x0000000000240500        0x0 /usr/lib/gcc/x86_64-linux-gnu/6/crtendS.o
 .data          0x0000000000240500        0x0 /usr/lib/gcc/x86_64-linux-gnu/6/../../../x86_64-linux-gnu/crtn.o

.tm_clone_table
                0x0000000000240500        0x0
 .tm_clone_table
                0x0000000000240500        0x0 /usr/lib/gcc/x86_64-linux-gnu/6/crtbeginS.o
 .tm_clone_table
                0x0000000000240500        0x0 /usr/lib/gcc/x86_64-linux-gnu/6/crtendS.o

.data1
 *(.data1)
                0x0000000000240500                _edata = .
                [!provide]                        PROVIDE (edata, .)
                0x0000000000240500                . = .
                0x0000000000240500                __bss_start = .

.bss            0x0000000000240500    0x1ce50
 *(.dynbss)
 .dynbss        0x0000000000240500        0x0 /usr/lib/gcc/x86_64-linux-gnu/6/../../../x86_64-linux-gnu/crti.o
 *(.bss .bss.* .gnu.linkonce.b.*)
 .bss           0x0000000000240500        0x0 /usr/lib/gcc/x86_64-linux-gnu/6/../../../x86_64-linux-gnu/crti.o
 .bss           0x0000000000240500        0x1 /usr/lib/gcc/x86_64-linux-gnu/6/crtbeginS.o
 .bss           0x0000000000240501        0x0 node.o
 *fill*         0x0000000000240501       0x1f 
 .bss           0x0000000000240520     0x4040 obj_cooja/mtype872.o
 .bss           0x0000000000244560        0x1 obj_cooja/mtype872.a(simEnvChange.o)
                0x0000000000244560                simDontFallAsleep
 *fill*         0x0000000000244561        0x7 
 .bss           0x0000000000244568        0x8 obj_cooja/mtype872.a(cooja_mt.o)
 .bss           0x0000000000244570        0x8 obj_cooja/mtype872.a(cooja_mtarch.o)
 .bss           0x0000000000244578        0x0 obj_cooja/mtype872.a(rtimer-arch.o)
 .bss           0x0000000000244578        0x0 obj_cooja/mtype872.a(beep.o)
 *fill*         0x0000000000244578        0x8 
 .bss           0x0000000000244580       0x10 obj_cooja/mtype872.a(button-sensor.o)
 .bss           0x0000000000244590        0x0 obj_cooja/mtype872.a(leds-arch.o)
 .bss           0x0000000000244590        0x0 obj_cooja/mtype872.a(moteid.o)
 .bss           0x0000000000244590        0x1 obj_cooja/mtype872.a(pir-sensor.o)
                0x0000000000244590                simPirValue
 *fill*         0x0000000000244591        0x7 
 .bss           0x0000000000244598        0x8 obj_cooja/mtype872.a(rs232.o)
 .bss           0x00000000002445a0        0x1 obj_cooja/mtype872.a(vib-sensor.o)
                0x00000000002445a0                simVibValue
 .bss           0x00000000002445a1        0x0 obj_cooja/mtype872.a(clock.o)
 *fill*         0x00000000002445a1       0x1f 
 .bss           0x00000000002445c0     0x2020 obj_cooja/mtype872.a(cooja-log.o)
 .bss           0x00000000002465e0      0xfc0 obj_cooja/mtype872.a(cfs-cooja.o)
                0x00000000002465e0                simCFSData
                0x0000000000247580                simCFSSize
                0x0000000000247584                simCFSChanged
                0x0000000000247588                simCFSRead
                0x000000000024758c                simCFSWritten
 .bss           0x00000000002475a0       0x2c obj_cooja/mtype872.a(cooja-radio.o)
                0x00000000002475a0                simReceiving
                0x00000000002475a4                simInSize
                0x00000000002475a8                simLastPacketTimestamp
                0x00000000002475b0                simOutSize
 .bss           0x00000000002475cc        0xc obj_cooja/mtype872.a(eeprom.o)
                0x00000000002475cc                simEEPROMChanged
                0x00000000002475d0                simEEPROMRead
                0x00000000002475d4                simEEPROMWritten
 .bss           0x00000000002475d8        0x0 obj_cooja/mtype872.a(random.o)
 .bss           0x00000000002475d8        0xc obj_cooja/mtype872.a(sensors.o)
 .bss           0x00000000002475e4        0x0 obj_cooja/mtype872.a(contiki-main.o)
 .bss           0x00000000002475e4        0x0 obj_cooja/mtype872.a(autostart.o)
 .bss           0x00000000002475e4        0x0 obj_cooja/mtype872.a(energest.o)
 *fill*         0x00000000002475e4        0x4 
 .bss           0x00000000002475e8       0x10 obj_cooja/mtype872.a(etimer.o)
 .bss           0x00000000002475f8       0x10 obj_cooja/mtype872.a(log.o)
                0x00000000002475f8                curr_log_level_nullnet
                0x00000000002475fc                curr_log_level_6top
                0x0000000000247600                curr_log_level_coap
                0x0000000000247604                curr_log_level_lwm2m
 .bss           0x0000000000247608        0x9 obj_cooja/mtype872.a(ctimer.o)
 *fill*         0x0000000000247611        0xf 
 .bss           0x0000000000247620      0x321 obj_cooja/mtype872.a(process.o)
                0x0000000000247620                process_list
                0x0000000000247628                process_current
 *fill*         0x0000000000247941        0x7 
 .bss           0x0000000000247948        0x8 obj_cooja/mtype872.a(rtimer.o)
 .bss           0x0000000000247950        0x0 obj_cooja/mtype872.a(timer.o)
 *fill*         0x0000000000247950       0x10 
 .bss           0x0000000000247960      0x140 obj_cooja/mtype872.a(serial-line.o)
 .bss           0x0000000000247aa0        0x0 obj_cooja/mtype872.a(list.o)
 .bss           0x0000000000247aa0        0x0 obj_cooja/mtype872.a(ringbuf.o)
 .bss           0x0000000000247aa0       0xa0 obj_cooja/mtype872.a(packetbuf.o)
 .bss           0x0000000000247b40        0x8 obj_cooja/mtype872.a(netstack.o)
 .bss           0x0000000000247b48        0x0 obj_cooja/mtype872.a(linkaddr.o)
 *fill*         0x0000000000247b48       0x18 
 .bss           0x0000000000247b60      0x180 obj_cooja/mtype872.a(tsch.o)
                0x0000000000247b60                tsch_is_started
                0x0000000000247b64                tsch_is_initialized
                0x0000000000247b68                tsch_is_coordinator
                0x0000000000247b6c                tsch_is_associated
                0x0000000000247b70                tsch_association_count
                0x0000000000247b74                tsch_is_pan_secured
 .bss           0x0000000000247ce0      0x5cc obj_cooja/mtype872.a(tsch-schedule.o)
 *fill*         0x00000000002482ac       0x14 
 .bss           0x00000000002482c0      0x1c8 obj_cooja/mtype872.a(tsch-slot-opera)
                0x00000000002482c0                last_timesource_neighbor
                0x00000000002482c8                current_link
 *fill*         0x0000000000248488        0x8 
 .bss           0x0000000000248490       0x1a obj_cooja/mtype872.a(tsch-packet.o)
 .bss           0x00000000002484aa        0x0 obj_cooja/mtype872.a(tsch-rpl.o)
 *fill*         0x00000000002484aa       0x16 
 .bss           0x00000000002484c0       0x4c obj_cooja/mtype872.a(tsch-adaptive-t)
 *fill*         0x000000000024850c       0x14 
 .bss           0x0000000000248520      0x26c obj_cooja/mtype872.a(tsch-log.o)
 *fill*         0x000000000024878c        0x4 
 .bss           0x0000000000248790       0x30 obj_cooja/mtype872.a(uip-ds6.o)
 .bss           0x00000000002487c0       0x80 obj_cooja/mtype872.a(uip-ds6-route.o)
 .bss           0x0000000000248840     0x2580 obj_cooja/mtype872.a(uip-ds6-nbr.o)
 .bss           0x000000000024adc0       0x20 obj_cooja/mtype872.a(tcpip.o)
 .bss           0x000000000024ade0        0x6 obj_cooja/mtype872.a(uip6.o)
                0x000000000024ade0                uip_ext_bitmap
                0x000000000024ade1                uip_ext_len
                0x000000000024ade2                uip_ext_opt_offset
 *fill*         0x000000000024ade6        0x2 
 .bss           0x000000000024ade8       0x20 obj_cooja/mtype872.a(uip-nd6.o)
 .bss           0x000000000024ae08       0x48 obj_cooja/mtype872.a(sicslowpan.o)
 *fill*         0x000000000024ae50       0x10 
 .bss           0x000000000024ae60     0x12c0 obj_cooja/mtype872.a(rpl-neighbor.o)
 .bss           0x000000000024c120        0x0 obj_cooja/mtype872.a(rpl-dag.o)
 .bss           0x000000000024c120       0x80 obj_cooja/mtype872.a(rpl-timers.o)
 .bss           0x000000000024c1a0        0x0 obj_cooja/mtype872.a(rpl.o)
 .bss           0x000000000024c1a0        0x0 obj_cooja/mtype872.a(rpl-mrhof.o)
 .bss           0x000000000024c1a0        0x0 obj_cooja/mtype872.a(rpl-icmp6.o)
 .bss           0x000000000024c1a0       0x11 obj_cooja/mtype872.a(rpl-dag-root.o)
 .bss           0x000000000024c1b1        0x0 obj_cooja/mtype872.a(watchdog.o)
 *fill*         0x000000000024c1b1        0x1 
 .bss           0x000000000024c1b2        0x2 obj_cooja/mtype872.a(serial-shell.o)
 .bss           0x000000000024c1b4        0x0 obj_cooja/mtype872.a(stimer.o)
 .bss           0x000000000024c1b4        0x0 obj_cooja/mtype872.a(ringbufindex.o)
 .bss           0x000000000024c1b4        0x0 obj_cooja/mtype872.a(memb.o)
 *fill*         0x000000000024c1b4        0xc 
 .bss           0x000000000024c1c0      0x5e0 obj_cooja/mtype872.a(queuebuf.o)
 .bss           0x000000000024c7a0     0x16e8 obj_cooja/mtype872.a(nbr-table.o)
 *fill*         0x000000000024de88       0x18 
 .bss           0x000000000024dea0     0x12c0 obj_cooja/mtype872.a(link-stats.o)
 .bss           0x000000000024f160      0x180 obj_cooja/mtype872.a(mac-sequence.o)
 .bss           0x000000000024f2e0        0x0 obj_cooja/mtype872.a(mac.o)
 .bss           0x000000000024f2e0        0x0 obj_cooja/mtype872.a(frame802154e-ie)
 .bss           0x000000000024f2e0        0x2 obj_cooja/mtype872.a(framer-802154.o)
 .bss           0x000000000024f2e2        0x0 obj_cooja/mtype872.a(frame802154.o)
 *fill*         0x000000000024f2e2       0x1e 
 .bss           0x000000000024f300     0x73a8 obj_cooja/mtype872.a(tsch-queue.o)
 .bss           0x00000000002566a8        0xc obj_cooja/mtype872.a(uipbuf.o)
 *fill*         0x00000000002566b4        0xc 
 .bss           0x00000000002566c0       0x20 obj_cooja/mtype872.a(uip-icmp6.o)
 .bss           0x00000000002566e0     0x3040 obj_cooja/mtype872.a(uip-sr.o)
 .bss           0x0000000000259720      0x210 obj_cooja/mtype872.a(uip-packetqueue)
 .bss           0x0000000000259930       0x12 obj_cooja/mtype872.a(rpl-nbr-policy.)
 .bss           0x0000000000259942        0x0 obj_cooja/mtype872.a(rpl-ext-header.)
 *fill*         0x0000000000259942        0x6 
 .bss           0x0000000000259948       0x12 obj_cooja/mtype872.a(shell.o)
 *fill*         0x000000000025995a        0x6 
 .bss           0x0000000000259960       0x88 obj_cooja/mtype872.a(shell-commands.)
 .bss           0x00000000002599e8        0x0 obj_cooja/mtype872.a(uiplib.o)
 .bss           0x00000000002599e8        0x0 /usr/lib/gcc/x86_64-linux-gnu/6/crtendS.o
 .bss           0x00000000002599e8        0x0 /usr/lib/gcc/x86_64-linux-gnu/6/../../../x86_64-linux-gnu/crtn.o