Archive member included to satisfy reference by file (symbol)

/usr/lib/gcc/arm-none-eabi/5.4.1/armv7-m/libgcc.a(_aeabi_ldivmod.o)
                              obj_openmote-cc2538/tsch-adaptive-timesync.o (__aeabi_ldivmod)
/usr/lib/gcc/arm-none-eabi/5.4.1/armv7-m/libgcc.a(_aeabi_uldivmod.o)
                              obj_openmote-cc2538/spi-legacy.o (__aeabi_uldivmod)
/usr/lib/gcc/arm-none-eabi/5.4.1/armv7-m/libgcc.a(_udivmoddi4.o)
                              /usr/lib/gcc/arm-none-eabi/5.4.1/armv7-m/libgcc.a(_aeabi_ldivmod.o) (__udivmoddi4)
/usr/lib/gcc/arm-none-eabi/5.4.1/armv7-m/libgcc.a(_dvmd_tls.o)
                              /usr/lib/gcc/arm-none-eabi/5.4.1/armv7-m/libgcc.a(_aeabi_ldivmod.o) (__aeabi_ldiv0)
/usr/lib/gcc/arm-none-eabi/5.4.1/../../../arm-none-eabi/lib/armv7-m/libc.a(lib_a-atoi.o)
                              obj_openmote-cc2538/res-hello.o (atoi)
/usr/lib/gcc/arm-none-eabi/5.4.1/../../../arm-none-eabi/lib/armv7-m/libc.a(lib_a-ctype_.o)
                              obj_openmote-cc2538/resolv.o (__ctype_ptr__)
/usr/lib/gcc/arm-none-eabi/5.4.1/../../../arm-none-eabi/lib/armv7-m/libc.a(lib_a-memchr-stub.o)
                              obj_openmote-cc2538/coap.o (memchr)
/usr/lib/gcc/arm-none-eabi/5.4.1/../../../arm-none-eabi/lib/armv7-m/libc.a(lib_a-memcmp.o)
                              obj_openmote-cc2538/coap-observe-client.o (memcmp)
/usr/lib/gcc/arm-none-eabi/5.4.1/../../../arm-none-eabi/lib/armv7-m/libc.a(lib_a-memcpy.o)
                              obj_openmote-cc2538/ecc-algorithm.o (memcpy)
/usr/lib/gcc/arm-none-eabi/5.4.1/../../../arm-none-eabi/lib/armv7-m/libc.a(lib_a-memmove.o)
                              obj_openmote-cc2538/coap.o (memmove)
/usr/lib/gcc/arm-none-eabi/5.4.1/../../../arm-none-eabi/lib/armv7-m/libc.a(lib_a-memset.o)
                              obj_openmote-cc2538/udma.o (memset)
/usr/lib/gcc/arm-none-eabi/5.4.1/../../../arm-none-eabi/lib/armv7-m/libc.a(lib_a-rand.o)
                              obj_openmote-cc2538/coap-transactions.o (rand)
/usr/lib/gcc/arm-none-eabi/5.4.1/../../../arm-none-eabi/lib/armv7-m/libc.a(lib_a-reent.o)
                              obj_openmote-cc2538/syscalls.o (errno)
/usr/lib/gcc/arm-none-eabi/5.4.1/../../../arm-none-eabi/lib/armv7-m/libc.a(lib_a-strcasecmp.o)
                              obj_openmote-cc2538/resolv.o (strcasecmp)
/usr/lib/gcc/arm-none-eabi/5.4.1/../../../arm-none-eabi/lib/armv7-m/libc.a(lib_a-strcat.o)
                              coap-example-server.o (strcat)
/usr/lib/gcc/arm-none-eabi/5.4.1/../../../arm-none-eabi/lib/armv7-m/libc.a(lib_a-strchr.o)
                              obj_openmote-cc2538/coap.o (strchr)
/usr/lib/gcc/arm-none-eabi/5.4.1/../../../arm-none-eabi/lib/armv7-m/libc.a(lib_a-strcmp.o)
                              obj_openmote-cc2538/cfs-coffee.o (strcmp)
/usr/lib/gcc/arm-none-eabi/5.4.1/../../../arm-none-eabi/lib/armv7-m/libc.a(lib_a-strcpy.o)
                              coap-example-server.o (strcpy)
/usr/lib/gcc/arm-none-eabi/5.4.1/../../../arm-none-eabi/lib/armv7-m/libc.a(lib_a-strlen-stub.o)
                              obj_openmote-cc2538/res-chunks.o (strlen)
/usr/lib/gcc/arm-none-eabi/5.4.1/../../../arm-none-eabi/lib/armv7-m/libc.a(lib_a-strncasecmp.o)
                              obj_openmote-cc2538/resolv.o (strncasecmp)
/usr/lib/gcc/arm-none-eabi/5.4.1/../../../arm-none-eabi/lib/armv7-m/libc.a(lib_a-strncat.o)
                              obj_openmote-cc2538/resolv.o (strncat)
/usr/lib/gcc/arm-none-eabi/5.4.1/../../../arm-none-eabi/lib/armv7-m/libc.a(lib_a-strncmp.o)
                              obj_openmote-cc2538/res-leds.o (strncmp)
/usr/lib/gcc/arm-none-eabi/5.4.1/../../../arm-none-eabi/lib/armv7-m/libc.a(lib_a-strncpy.o)
                              obj_openmote-cc2538/cfs-coffee.o (strncpy)
/usr/lib/gcc/arm-none-eabi/5.4.1/../../../arm-none-eabi/lib/armv7-m/libc.a(lib_a-strtok.o)
                              coap-example-server.o (strtok)
/usr/lib/gcc/arm-none-eabi/5.4.1/../../../arm-none-eabi/lib/armv7-m/libc.a(lib_a-strtok_r.o)
                              /usr/lib/gcc/arm-none-eabi/5.4.1/../../../arm-none-eabi/lib/armv7-m/libc.a(lib_a-strtok.o) (__strtok_r)
/usr/lib/gcc/arm-none-eabi/5.4.1/../../../arm-none-eabi/lib/armv7-m/libc.a(lib_a-strtol.o)
                              /usr/lib/gcc/arm-none-eabi/5.4.1/../../../arm-none-eabi/lib/armv7-m/libc.a(lib_a-atoi.o) (_strtol_r)
/usr/lib/gcc/arm-none-eabi/5.4.1/../../../arm-none-eabi/lib/armv7-m/libc.a(lib_a-freer.o)
                              /usr/lib/gcc/arm-none-eabi/5.4.1/../../../arm-none-eabi/lib/armv7-m/libc.a(lib_a-reent.o) (_free_r)
/usr/lib/gcc/arm-none-eabi/5.4.1/../../../arm-none-eabi/lib/armv7-m/libc.a(lib_a-impure.o)
                              /usr/lib/gcc/arm-none-eabi/5.4.1/../../../arm-none-eabi/lib/armv7-m/libc.a(lib_a-rand.o) (_impure_ptr)
/usr/lib/gcc/arm-none-eabi/5.4.1/../../../arm-none-eabi/lib/armv7-m/libc.a(lib_a-mallocr.o)
[...]
Memory Configuration

Name             Origin             Length             Attributes
FLASH_FW         0x0000000000202000 0x000000000003dfd4 xr
FLASH_CCA        0x000000000023ffd4 0x000000000000002c xr
NRSRAM           0x0000000020000000 0x0000000000000000 xrw
FRSRAM           0x0000000020000000 0x0000000000008000 xrw
*default*        0x0000000000000000 0xffffffffffffffff

Linker script and memory map

LOAD obj_openmote-cc2538/startup-gcc.o
LOAD obj_openmote-cc2538/platform.o
LOAD obj_openmote-cc2538/board.o
LOAD obj_openmote-cc2538/leds-arch.o
LOAD obj_openmote-cc2538/board-buttons.o
LOAD obj_openmote-cc2538/openmote-sensors.o
LOAD obj_openmote-cc2538/antenna.o
LOAD obj_openmote-cc2538/adxl346.o
LOAD obj_openmote-cc2538/max44009.o
LOAD obj_openmote-cc2538/sht21.o
LOAD obj_openmote-cc2538/tps62730.o
LOAD obj_openmote-cc2538/soc.o
LOAD obj_openmote-cc2538/clock.o
LOAD obj_openmote-cc2538/rtimer-arch.o
LOAD obj_openmote-cc2538/uart.o
LOAD obj_openmote-cc2538/watchdog.o
LOAD obj_openmote-cc2538/nvic.o
LOAD obj_openmote-cc2538/sys-ctrl.o
LOAD obj_openmote-cc2538/gpio.o
LOAD obj_openmote-cc2538/ioc.o
LOAD obj_openmote-cc2538/spi-legacy.o
LOAD obj_openmote-cc2538/adc.o
LOAD obj_openmote-cc2538/spi-arch.o
LOAD obj_openmote-cc2538/crypto.o
LOAD obj_openmote-cc2538/aes.o
LOAD obj_openmote-cc2538/ecb.o
LOAD obj_openmote-cc2538/cbc.o
LOAD obj_openmote-cc2538/ctr.o
LOAD obj_openmote-cc2538/cbc-mac.o
LOAD obj_openmote-cc2538/gcm.o
LOAD obj_openmote-cc2538/ccm.o
LOAD obj_openmote-cc2538/sha256.o
LOAD obj_openmote-cc2538/gpio-hal-arch.o
LOAD obj_openmote-cc2538/cc2538-aes-128.o
LOAD obj_openmote-cc2538/cc2538-ccm-star.o
LOAD obj_openmote-cc2538/cc2538-rf.o
LOAD obj_openmote-cc2538/udma.o
LOAD obj_openmote-cc2538/lpm.o
LOAD obj_openmote-cc2538/int-master.o
LOAD obj_openmote-cc2538/pka.o
LOAD obj_openmote-cc2538/bignum-driver.o
LOAD obj_openmote-cc2538/ecc-driver.o
LOAD obj_openmote-cc2538/ecc-algorithm.o
LOAD obj_openmote-cc2538/ecc-curve.o
LOAD obj_openmote-cc2538/dbg.o
LOAD obj_openmote-cc2538/ieee-addr.o
LOAD obj_openmote-cc2538/slip-arch.o
LOAD obj_openmote-cc2538/slip.o
LOAD obj_openmote-cc2538/i2c.o
LOAD obj_openmote-cc2538/cc2538-temp-sensor.o
LOAD obj_openmote-cc2538/vdd3-sensor.o
LOAD obj_openmote-cc2538/cfs-coffee.o
LOAD obj_openmote-cc2538/cfs-coffee-arch.o
LOAD obj_openmote-cc2538/pwm.o
LOAD obj_openmote-cc2538/usb-core.o
LOAD obj_openmote-cc2538/cdc-acm.o
LOAD obj_openmote-cc2538/usb-arch.o
LOAD obj_openmote-cc2538/usb-serial.o
LOAD obj_openmote-cc2538/cdc-acm-descriptors.o
LOAD obj_openmote-cc2538/res-chunks.o
LOAD obj_openmote-cc2538/res-car-temp-two.o
LOAD obj_openmote-cc2538/res-radio.o
LOAD obj_openmote-cc2538/res-car-cell-one.o
LOAD obj_openmote-cc2538/res-car-kilometrage.o
LOAD obj_openmote-cc2538/res-sht11.o
LOAD obj_openmote-cc2538/res-car-temp-one.o
LOAD obj_openmote-cc2538/res-car-temp-three.o
LOAD obj_openmote-cc2538/res-mirror.o
LOAD obj_openmote-cc2538/res-car-pwm-ec.o
LOAD obj_openmote-cc2538/res-car-pwm-bc.o
LOAD obj_openmote-cc2538/res-sub.o
LOAD obj_openmote-cc2538/res-hello.o
LOAD obj_openmote-cc2538/res-car-battery.o
LOAD obj_openmote-cc2538/res-separate.o
LOAD obj_openmote-cc2538/res-light.o
LOAD obj_openmote-cc2538/res-car-speed.o
LOAD obj_openmote-cc2538/res-leds.o
LOAD obj_openmote-cc2538/res-car-temp-four.o
LOAD obj_openmote-cc2538/res-b1-sep-b2.o
LOAD obj_openmote-cc2538/res-battery.o
LOAD obj_openmote-cc2538/res-event.o
LOAD obj_openmote-cc2538/res-car-cells.o
LOAD obj_openmote-cc2538/res-temperature.o
LOAD obj_openmote-cc2538/res-push.o
LOAD obj_openmote-cc2538/res-toggle.o
LOAD obj_openmote-cc2538/coap-observe-client.o
LOAD obj_openmote-cc2538/coap-blocking-api.o
LOAD obj_openmote-cc2538/coap-callback-api.o
LOAD obj_openmote-cc2538/coap-engine.o
LOAD obj_openmote-cc2538/coap-timer-default.o
LOAD obj_openmote-cc2538/coap-transactions.o
LOAD obj_openmote-cc2538/coap-res-well-known-core.o
LOAD obj_openmote-cc2538/coap-keystore-simple.o
LOAD obj_openmote-cc2538/coap-log.o
LOAD obj_openmote-cc2538/coap.o
LOAD obj_openmote-cc2538/coap-uip.o
LOAD obj_openmote-cc2538/coap-separate.o
LOAD obj_openmote-cc2538/coap-timer.o
LOAD obj_openmote-cc2538/coap-block1.o
LOAD obj_openmote-cc2538/coap-observe.o
LOAD obj_openmote-cc2538/shell.o
LOAD obj_openmote-cc2538/shell-commands.o
LOAD obj_openmote-cc2538/serial-shell.o
LOAD obj_openmote-cc2538/contiki-main.o
LOAD obj_openmote-cc2538/stimer.o
LOAD obj_openmote-cc2538/autostart.o
LOAD obj_openmote-cc2538/energest.o
LOAD obj_openmote-cc2538/etimer.o
LOAD obj_openmote-cc2538/log.o
LOAD obj_openmote-cc2538/mutex.o
LOAD obj_openmote-cc2538/ctimer.o
LOAD obj_openmote-cc2538/compower.o
LOAD obj_openmote-cc2538/process.o
LOAD obj_openmote-cc2538/rtimer.o
LOAD obj_openmote-cc2538/timer.o
LOAD obj_openmote-cc2538/stack-check.o
LOAD obj_openmote-cc2538/button-hal.o
LOAD obj_openmote-cc2538/serial-line.o
LOAD obj_openmote-cc2538/spi.o
LOAD obj_openmote-cc2538/leds.o
LOAD obj_openmote-cc2538/nullradio.o
LOAD obj_openmote-cc2538/gpio-hal.o
LOAD obj_openmote-cc2538/dbl-circ-list.o
LOAD obj_openmote-cc2538/crc16.o
LOAD obj_openmote-cc2538/ifft.o
LOAD obj_openmote-cc2538/ccm-star.o
LOAD obj_openmote-cc2538/sensors.o
LOAD obj_openmote-cc2538/dbl-list.o
LOAD obj_openmote-cc2538/ringbufindex.o
LOAD obj_openmote-cc2538/list.o
LOAD obj_openmote-cc2538/circular-list.o
LOAD obj_openmote-cc2538/aes-128.o
LOAD obj_openmote-cc2538/trickle-timer.o
LOAD obj_openmote-cc2538/memb.o
LOAD obj_openmote-cc2538/heapmem.o
LOAD obj_openmote-cc2538/random.o
LOAD obj_openmote-cc2538/assert.o
LOAD obj_openmote-cc2538/ringbuf.o
LOAD obj_openmote-cc2538/queuebuf.o
LOAD obj_openmote-cc2538/nbr-table.o
LOAD obj_openmote-cc2538/packetbuf.o
LOAD obj_openmote-cc2538/netstack.o
LOAD obj_openmote-cc2538/linkaddr.o
LOAD obj_openmote-cc2538/net-debug.o
LOAD obj_openmote-cc2538/link-stats.o
LOAD obj_openmote-cc2538/mac-sequence.o
LOAD obj_openmote-cc2538/mac.o
LOAD obj_openmote-cc2538/frame802154e-ie.o
LOAD obj_openmote-cc2538/framer-802154.o
LOAD obj_openmote-cc2538/nullframer.o
LOAD obj_openmote-cc2538/frame802154.o
LOAD obj_openmote-cc2538/strformat.o
LOAD obj_openmote-cc2538/printf.o
LOAD obj_openmote-cc2538/sprintf.o
LOAD obj_openmote-cc2538/snprintf.o
LOAD obj_openmote-cc2538/puts.o
LOAD obj_openmote-cc2538/putchar.o
LOAD obj_openmote-cc2538/syscalls.o
LOAD obj_openmote-cc2538/tsch-queue.o
LOAD obj_openmote-cc2538/tsch.o
LOAD obj_openmote-cc2538/tsch-schedule.o
LOAD obj_openmote-cc2538/tsch-slot-operation.o
LOAD obj_openmote-cc2538/tsch-packet.o
LOAD obj_openmote-cc2538/tsch-security.o
LOAD obj_openmote-cc2538/tsch-rpl.o
LOAD obj_openmote-cc2538/tsch-adaptive-timesync.o
LOAD obj_openmote-cc2538/tsch-log.o
LOAD obj_openmote-cc2538/uipbuf.o
LOAD obj_openmote-cc2538/uip-icmp6.o
LOAD obj_openmote-cc2538/uip-sr.o
LOAD obj_openmote-cc2538/uip-ds6.o
LOAD obj_openmote-cc2538/uip-packetqueue.o
LOAD obj_openmote-cc2538/tcp-socket.o
LOAD obj_openmote-cc2538/uiplib.o
LOAD obj_openmote-cc2538/ip64-addr.o
LOAD obj_openmote-cc2538/uip-udp-packet.o
LOAD obj_openmote-cc2538/uip-ds6-route.o
LOAD obj_openmote-cc2538/psock.o
LOAD obj_openmote-cc2538/uip-ds6-nbr.o
LOAD obj_openmote-cc2538/tcpip.o
LOAD obj_openmote-cc2538/uip6.o
LOAD obj_openmote-cc2538/resolv.o
LOAD obj_openmote-cc2538/uip-nameserver.o
LOAD obj_openmote-cc2538/uip-nd6.o
LOAD obj_openmote-cc2538/udp-socket.o
LOAD obj_openmote-cc2538/simple-udp.o
LOAD obj_openmote-cc2538/sicslowpan.o
LOAD obj_openmote-cc2538/rpl-nbr-policy.o
LOAD obj_openmote-cc2538/rpl-of0.o
LOAD obj_openmote-cc2538/rpl-neighbor.o
LOAD obj_openmote-cc2538/rpl-dag.o
LOAD obj_openmote-cc2538/rpl-timers.o
LOAD obj_openmote-cc2538/rpl-ext-header.o
LOAD obj_openmote-cc2538/rpl.o
LOAD obj_openmote-cc2538/rpl-mrhof.o
LOAD obj_openmote-cc2538/rpl-icmp6.o
LOAD obj_openmote-cc2538/rpl-dag-root.o
LOAD coap-example-server.o
LOAD /usr/lib/gcc/arm-none-eabi/5.4.1/../../../arm-none-eabi/lib/armv7-m/libm.a
START GROUP
LOAD /usr/lib/gcc/arm-none-eabi/5.4.1/armv7-m/libgcc.a
LOAD /usr/lib/gcc/arm-none-eabi/5.4.1/../../../arm-none-eabi/lib/armv7-m/libc.a
END GROUP

.text           0x0000000000202000    0x126be
                0x0000000000202000                _text = .
 *(SORT(.vectors))
 .vectors       0x0000000000202000      0x28c obj_openmote-cc2538/startup-gcc.o
                0x0000000000202000                vectors
 *(SORT(.text*))
 .text.reset_handler
                0x000000000020228c       0x40 obj_openmote-cc2538/startup-gcc.o
                0x000000000020228c                reset_handler
 .text.platform_init_stage_two
                0x00000000002022cc       0x70 obj_openmote-cc2538/platform.o
                0x00000000002022cc                platform_init_stage_two
 .text.platform_init_stage_three
                0x000000000020233c       0x8c obj_openmote-cc2538/platform.o
                0x000000000020233c                platform_init_stage_three
 .text.antenna_external
                0x00000000002023c8       0x14 obj_openmote-cc2538/antenna.o
                0x00000000002023c8                antenna_external
 .text.antenna_init
                0x00000000002023dc       0x1c obj_openmote-cc2538/antenna.o
                0x00000000002023dc                antenna_init
 .text.soc_get_rev
                0x00000000002023f8       0x18 obj_openmote-cc2538/soc.o
                0x00000000002023f8                soc_get_rev
 .text.soc_print_info
                0x0000000000202410       0x10 obj_openmote-cc2538/soc.o
                0x0000000000202410                soc_print_info
 .text.update_ticks
                0x0000000000202420       0x4c obj_openmote-cc2538/clock.o
 .text.clock_init
                0x000000000020246c       0x4c obj_openmote-cc2538/clock.o
                0x000000000020246c                clock_init
 .text.clock_time
                0x00000000002024b8       0x14 obj_openmote-cc2538/clock.o
                0x00000000002024b8                clock_time
 .text.clock_seconds
                0x00000000002024cc       0x14 obj_openmote-cc2538/clock.o
                0x00000000002024cc                clock_seconds
 .text.clock_delay_usec
                0x00000000002024e0       0x1c obj_openmote-cc2538/clock.o
                0x00000000002024e0                clock_delay_usec
 .text.clock_adjust
                0x00000000002024fc       0x20 obj_openmote-cc2538/clock.o
                0x00000000002024fc                clock_adjust
 .text.rtimer_arch_next_trigger
                0x000000000020251c        0xc obj_openmote-cc2538/rtimer-arch.o
                0x000000000020251c                rtimer_arch_next_trigger
 .text.rtimer_arch_now
                0x0000000000202528       0x2c obj_openmote-cc2538/rtimer-arch.o
                0x0000000000202528                rtimer_arch_now
 .text.rtimer_arch_schedule
                0x0000000000202554       0x58 obj_openmote-cc2538/rtimer-arch.o
                0x0000000000202554                rtimer_arch_schedule
 .text.rtimer_isr
                0x00000000002025ac       0x2c obj_openmote-cc2538/rtimer-arch.o
                0x00000000002025ac                rtimer_isr
 .text.permit_pm1
                0x00000000002025d8       0x24 obj_openmote-cc2538/uart.o
 .text.uart_isr
                0x00000000002025fc       0x64 obj_openmote-cc2538/uart.o
 .text.uart_init
                0x0000000000202660      0x198 obj_openmote-cc2538/uart.o
                0x0000000000202660                uart_init
 .text.uart_set_input
                0x00000000002027f8       0x10 obj_openmote-cc2538/uart.o
                0x00000000002027f8                uart_set_input
 .text.uart_write_byte
                0x0000000000202808       0x1c obj_openmote-cc2538/uart.o
                0x0000000000202808                uart_write_byte
 .text.watchdog_init
                0x0000000000202824        0xc obj_openmote-cc2538/watchdog.o
                0x0000000000202824                watchdog_init
 .text.watchdog_start
                0x0000000000202830        0xc obj_openmote-cc2538/watchdog.o
                0x0000000000202830                watchdog_start
 .text.watchdog_periodic
                0x000000000020283c       0x10 obj_openmote-cc2538/watchdog.o
                0x000000000020283c                watchdog_periodic
 .text.watchdog_reboot
                0x000000000020284c       0x10 obj_openmote-cc2538/watchdog.o
                0x000000000020284c                watchdog_reboot
 .text.nvic_init
                0x000000000020285c       0x10 obj_openmote-cc2538/nvic.o
                0x000000000020285c                nvic_init
 .text.sys_ctrl_init
                0x000000000020286c       0x74 obj_openmote-cc2538/sys-ctrl.o
                0x000000000020286c                sys_ctrl_init
 .text.gpio_port_isr
                0x00000000002028e0       0x4c obj_openmote-cc2538/gpio.o
 .text.ioc_init
                0x000000000020292c       0x1c obj_openmote-cc2538/ioc.o
                0x000000000020292c                ioc_init
 .text.ioc_set_over
                0x0000000000202948       0x14 obj_openmote-cc2538/ioc.o
                0x0000000000202948                ioc_set_over
 .text.ioc_set_sel
                0x000000000020295c       0x14 obj_openmote-cc2538/ioc.o
                0x000000000020295c                ioc_set_sel
 .text.adc_get  0x0000000000202970       0x74 obj_openmote-cc2538/adc.o
                0x0000000000202970                adc_get
 .text.permit_pm1
                0x00000000002029e4       0x10 obj_openmote-cc2538/crypto.o
 .text.crypto_isr
                0x00000000002029f4       0x28 obj_openmote-cc2538/crypto.o
                0x00000000002029f4                crypto_isr
 .text.crypto_enable
                0x0000000000202a1c       0x20 obj_openmote-cc2538/crypto.o
                0x0000000000202a1c                crypto_enable
 .text.crypto_init
                0x0000000000202a3c       0x3c obj_openmote-cc2538/crypto.o
                0x0000000000202a3c                crypto_init
 .text.crypto_disable
                0x0000000000202a78       0x20 obj_openmote-cc2538/crypto.o
                0x0000000000202a78                crypto_disable
 .text.gpio_hal_arch_pin_cfg_set
                0x0000000000202a98       0xe4 obj_openmote-cc2538/gpio-hal-arch.o
                0x0000000000202a98                gpio_hal_arch_pin_cfg_set
 .text.on       0x0000000000202b7c       0x2c obj_openmote-cc2538/cc2538-rf.o
 .text.off      0x0000000000202ba8       0x44 obj_openmote-cc2538/cc2538-rf.o
 .text.set_channel
                0x0000000000202bec       0x48 obj_openmote-cc2538/cc2538-rf.o
 .text.channel_clear
                0x0000000000202c34       0x3c obj_openmote-cc2538/cc2538-rf.o
 .text.receiving_packet
                0x0000000000202c70       0x18 obj_openmote-cc2538/cc2538-rf.o
 .text.pending_packet
                0x0000000000202c88       0x10 obj_openmote-cc2538/cc2538-rf.o
 .text.get_value
                0x0000000000202c98      0x164 obj_openmote-cc2538/cc2538-rf.o
 .text.prepare  0x0000000000202dfc       0x64 obj_openmote-cc2538/cc2538-rf.o
 .text.transmit
                0x0000000000202e60       0x98 obj_openmote-cc2538/cc2538-rf.o
 .text.set_poll_mode
                0x0000000000202ef8       0x9c obj_openmote-cc2538/cc2538-rf.o
 .text.set_value
                0x0000000000202f94       0xf8 obj_openmote-cc2538/cc2538-rf.o
 .text.set_object
                0x000000000020308c       0x30 obj_openmote-cc2538/cc2538-rf.o
 .text.read     0x00000000002030bc       0xe0 obj_openmote-cc2538/cc2538-rf.o
 .text.init     0x000000000020319c       0xc8 obj_openmote-cc2538/cc2538-rf.o
 .text.process_thread_cc2538_rf_process
                0x0000000000203264       0x90 obj_openmote-cc2538/cc2538-rf.o
 .text.get_object
                0x00000000002032f4      0x144 obj_openmote-cc2538/cc2538-rf.o
 .text.cc2538_rf_rx_tx_isr
                0x0000000000203438       0x24 obj_openmote-cc2538/cc2538-rf.o
                0x0000000000203438                cc2538_rf_rx_tx_isr
 .text.cc2538_rf_err_isr
                0x000000000020345c       0x28 obj_openmote-cc2538/cc2538-rf.o
                0x000000000020345c                cc2538_rf_err_isr
 .text.udma_init
                0x0000000000203484       0x34 obj_openmote-cc2538/udma.o
                0x0000000000203484                udma_init
 .text.udma_set_channel_src
                0x00000000002034b8       0x10 obj_openmote-cc2538/udma.o
                0x00000000002034b8                udma_set_channel_src
 .text.udma_set_channel_dst
                0x00000000002034c8       0x14 obj_openmote-cc2538/udma.o
                0x00000000002034c8                udma_set_channel_dst
 .text.udma_set_channel_control_word
                0x00000000002034dc       0x14 obj_openmote-cc2538/udma.o
                0x00000000002034dc                udma_set_channel_control_word
 .text.udma_channel_enable
                0x00000000002034f0       0x18 obj_openmote-cc2538/udma.o
                0x00000000002034f0                udma_channel_enable
 .text.udma_channel_mask_set
                0x0000000000203508       0x18 obj_openmote-cc2538/udma.o
                0x0000000000203508                udma_channel_mask_set
 .text.udma_channel_sw_request
                0x0000000000203520       0x18 obj_openmote-cc2538/udma.o
                0x0000000000203520                udma_channel_sw_request
 .text.udma_channel_get_mode
                0x0000000000203538       0x1c obj_openmote-cc2538/udma.o
                0x0000000000203538                udma_channel_get_mode
 .text.udma_isr
                0x0000000000203554       0x10 obj_openmote-cc2538/udma.o
                0x0000000000203554                udma_isr
 .text.udma_err_isr
                0x0000000000203564        0xc obj_openmote-cc2538/udma.o
                0x0000000000203564                udma_err_isr
 .text.select_32_mhz_xosc
                0x0000000000203570       0x30 obj_openmote-cc2538/lpm.o
 .text.lpm_exit
                0x00000000002035a0       0x34 obj_openmote-cc2538/lpm.o
                0x00000000002035a0                lpm_exit
 .text.lpm_enter
                0x00000000002035d4       0xb8 obj_openmote-cc2538/lpm.o
                0x00000000002035d4                lpm_enter
 .text.lpm_register_peripheral
                0x000000000020368c       0x24 obj_openmote-cc2538/lpm.o
                0x000000000020368c                lpm_register_peripheral
 .text.lpm_init
                0x00000000002036b0       0x24 obj_openmote-cc2538/lpm.o
                0x00000000002036b0                lpm_init
 .text.pka_isr  0x00000000002036d4       0x28 obj_openmote-cc2538/pka.o
                0x00000000002036d4                pka_isr
 .text.ieee_addr_cpy_to
                0x00000000002036fc       0x74 obj_openmote-cc2538/ieee-addr.o
                0x00000000002036fc                ieee_addr_cpy_to
 .text.i2c_master_enable
                0x0000000000203770       0x10 obj_openmote-cc2538/i2c.o
                0x0000000000203770                i2c_master_enable
 .text.i2c_set_frequency
                0x0000000000203780       0x1c obj_openmote-cc2538/i2c.o
                0x0000000000203780                i2c_set_frequency
 .text.i2c_init
                0x000000000020379c       0xc8 obj_openmote-cc2538/i2c.o
                0x000000000020379c                i2c_init
 .text.submit_setup
                0x0000000000203864       0x24 obj_openmote-cc2538/usb-core.o
 .text.notify_user
                0x0000000000203888       0x1c obj_openmote-cc2538/usb-core.o
 .text.usb_set_global_event_process
                0x00000000002038a4        0xc obj_openmote-cc2538/usb-core.o
                0x00000000002038a4                usb_set_global_event_process
 .text.usb_get_global_events
                0x00000000002038b0       0x10 obj_openmote-cc2538/usb-core.o
                0x00000000002038b0                usb_get_global_events
 .text.usb_send_ctrl_response
                0x00000000002038c0       0x3c obj_openmote-cc2538/usb-core.o
                0x00000000002038c0                usb_send_ctrl_response
 .text.usb_error_stall
                0x00000000002038fc       0x10 obj_openmote-cc2538/usb-core.o
                0x00000000002038fc                usb_error_stall
 .text.usb_send_ctrl_status
                0x000000000020390c       0x24 obj_openmote-cc2538/usb-core.o
                0x000000000020390c                usb_send_ctrl_status
 .text.handle_standard_requests
                0x0000000000203930      0x144 obj_openmote-cc2538/usb-core.o
 .text.process_thread_usb_process
                0x0000000000203a74      0x150 obj_openmote-cc2538/usb-core.o
 .text.usb_get_ctrl_data
                0x0000000000203bc4       0x44 obj_openmote-cc2538/usb-core.o
                0x0000000000203bc4                usb_get_ctrl_data
 .text.usb_register_request_handler
                0x0000000000203c08       0x18 obj_openmote-cc2538/usb-core.o
                0x0000000000203c08                usb_register_request_handler
 .text.usb_setup
                0x0000000000203c20       0x30 obj_openmote-cc2538/usb-core.o
                0x0000000000203c20                usb_setup
 .text.notify_user
                0x0000000000203c50       0x1c obj_openmote-cc2538/cdc-acm.o
 .text.handle_cdc_acm_requests
                0x0000000000203c6c       0x88 obj_openmote-cc2538/cdc-acm.o
 .text.set_line_encoding
                0x0000000000203cf4       0x2c obj_openmote-cc2538/cdc-acm.o
 .text.usb_cdc_acm_setup
                0x0000000000203d20        0xc obj_openmote-cc2538/cdc-acm.o
                0x0000000000203d20                usb_cdc_acm_setup
 .text.usb_cdc_acm_get_events
                0x0000000000203d2c       0x10 obj_openmote-cc2538/cdc-acm.o
                0x0000000000203d2c                usb_cdc_acm_get_events
 .text.usb_cdc_acm_get_line_state
                0x0000000000203d3c        0xc obj_openmote-cc2538/cdc-acm.o
                0x0000000000203d3c                usb_cdc_acm_get_line_state
 .text.usb_cdc_acm_set_event_process
                0x0000000000203d48        0xc obj_openmote-cc2538/cdc-acm.o
                0x0000000000203d48                usb_cdc_acm_set_event_process
 .text.disable_irq
                0x0000000000203d54       0x1c obj_openmote-cc2538/usb-arch.o
 .text.restore_irq
                0x0000000000203d70       0x10 obj_openmote-cc2538/usb-arch.o
 .text.permit_pm1
                0x0000000000203d80       0x10 obj_openmote-cc2538/usb-arch.o
 .text.ep_setup
                0x0000000000203d90       0xc0 obj_openmote-cc2538/usb-arch.o
 .text.notify_process
                0x0000000000203e50       0x1c obj_openmote-cc2538/usb-arch.o
 .text.set_stall
                0x0000000000203e6c       0x58 obj_openmote-cc2538/usb-arch.o
 .text.fill_buffers
                0x0000000000203ec4      0x10c obj_openmote-cc2538/usb-arch.o
 .text.write_hw_buffer
                0x0000000000203fd0       0x60 obj_openmote-cc2538/usb-arch.o
 .text.ep0_tx   0x0000000000204030       0xdc obj_openmote-cc2538/usb-arch.o
 .text.ep0_interrupt_handler
                0x000000000020410c      0x188 obj_openmote-cc2538/usb-arch.o
 .text.out_ep_interrupt_handler
                0x0000000000204294       0xd8 obj_openmote-cc2538/usb-arch.o
 .text.usb_set_ep_event_process
                0x000000000020436c       0x14 obj_openmote-cc2538/usb-arch.o
                0x000000000020436c                usb_set_ep_event_process
 .text.usb_arch_set_global_event_process
                0x0000000000204380        0xc obj_openmote-cc2538/usb-arch.o
                0x0000000000204380                usb_arch_set_global_event_process
 .text.usb_arch_get_global_events
                0x000000000020438c       0x20 obj_openmote-cc2538/usb-arch.o
                0x000000000020438c                usb_arch_get_global_events
 .text.usb_get_ep_events
                0x00000000002043ac       0x2c obj_openmote-cc2538/usb-arch.o
                0x00000000002043ac                usb_get_ep_events
 .text.usb_submit_recv_buffer
                0x00000000002043d8       0x98 obj_openmote-cc2538/usb-arch.o
                0x00000000002043d8                usb_submit_recv_buffer
 .text.usb_submit_xmit_buffer
                0x0000000000204470      0x158 obj_openmote-cc2538/usb-arch.o
                0x0000000000204470                usb_submit_xmit_buffer
 .text.usb_arch_setup_control_endpoint
                0x00000000002045c8       0x18 obj_openmote-cc2538/usb-arch.o
                0x00000000002045c8                usb_arch_setup_control_endpoint
 .text.reset    0x00000000002045e0       0x40 obj_openmote-cc2538/usb-arch.o
 .text.usb_arch_setup
                0x0000000000204620       0x78 obj_openmote-cc2538/usb-arch.o
                0x0000000000204620                usb_arch_setup
 .text.usb_arch_setup_bulk_endpoint
                0x0000000000204698       0x18 obj_openmote-cc2538/usb-arch.o
                0x0000000000204698                usb_arch_setup_bulk_endpoint
 .text.usb_arch_disable_endpoint
                0x00000000002046b0       0x98 obj_openmote-cc2538/usb-arch.o
                0x00000000002046b0                usb_arch_disable_endpoint
 .text.usb_arch_discard_all_buffers
                0x0000000000204748       0x30 obj_openmote-cc2538/usb-arch.o
                0x0000000000204748                usb_arch_discard_all_buffers
 .text.usb_arch_halt_endpoint
                0x0000000000204778       0x88 obj_openmote-cc2538/usb-arch.o
                0x0000000000204778                usb_arch_halt_endpoint
 .text.usb_arch_get_ep_status
                0x0000000000204800       0x1c obj_openmote-cc2538/usb-arch.o
                0x0000000000204800                usb_arch_get_ep_status
 .text.usb_arch_set_address
                0x000000000020481c        0xc obj_openmote-cc2538/usb-arch.o
                0x000000000020481c                usb_arch_set_address
 .text.usb_arch_send_pending
                0x0000000000204828       0x30 obj_openmote-cc2538/usb-arch.o
                0x0000000000204828                usb_arch_send_pending
 .text.usb_isr  0x0000000000204858       0xcc obj_openmote-cc2538/usb-arch.o
                0x0000000000204858                usb_isr
 .text.queue_rx_urb
                0x0000000000204924       0x20 obj_openmote-cc2538/usb-serial.o
 .text.process_thread_usb_serial_process
                0x0000000000204944      0x134 obj_openmote-cc2538/usb-serial.o
 .text.usb_class_get_string_descriptor
                0x0000000000204a78       0x14 obj_openmote-cc2538/usb-serial.o
                0x0000000000204a78                usb_class_get_string_descriptor
 .text.usb_serial_set_input
                0x0000000000204a8c        0xc obj_openmote-cc2538/usb-serial.o
                0x0000000000204a8c                usb_serial_set_input
 .text.usb_serial_init
                0x0000000000204a98        0xc obj_openmote-cc2538/usb-serial.o
                0x0000000000204a98                usb_serial_init
 .text.res_event_handler
                0x0000000000204aa4        0xc obj_openmote-cc2538/res-car-temp-two.o
 .text.res_get_handler
                0x0000000000204ab0       0x38 obj_openmote-cc2538/res-car-temp-two.o
 .text.res_event_handler
                0x0000000000204ae8        0xc obj_openmote-cc2538/res-car-kilometrage.o
 .text.res_get_handler
                0x0000000000204af4       0x38 obj_openmote-cc2538/res-car-kilometrage.o
 .text.res_event_handler
                0x0000000000204b2c        0xc obj_openmote-cc2538/res-car-temp-one.o
 .text.res_get_handler
                0x0000000000204b38       0x38 obj_openmote-cc2538/res-car-temp-one.o
 .text.res_event_handler
                0x0000000000204b70        0xc obj_openmote-cc2538/res-car-temp-three.o
 .text.res_get_handler
                0x0000000000204b7c       0x38 obj_openmote-cc2538/res-car-temp-three.o
 .text.res_event_handler
                0x0000000000204bb4        0xc obj_openmote-cc2538/res-car-pwm-ec.o
 .text.res_get_handler
                0x0000000000204bc0       0x38 obj_openmote-cc2538/res-car-pwm-ec.o
 .text.res_event_handler
                0x0000000000204bf8        0xc obj_openmote-cc2538/res-car-pwm-bc.o
 .text.res_get_handler
                0x0000000000204c04       0x38 obj_openmote-cc2538/res-car-pwm-bc.o
 .text.res_event_handler
                0x0000000000204c3c        0xc obj_openmote-cc2538/res-car-battery.o
 .text.res_get_handler
                0x0000000000204c48       0x38 obj_openmote-cc2538/res-car-battery.o
 .text.res_event_handler
                0x0000000000204c80        0xc obj_openmote-cc2538/res-car-speed.o
 .text.res_get_handler
                0x0000000000204c8c       0x38 obj_openmote-cc2538/res-car-speed.o
 .text.res_event_handler
                0x0000000000204cc4        0xc obj_openmote-cc2538/res-car-temp-four.o
 .text.res_get_handler
                0x0000000000204cd0       0x38 obj_openmote-cc2538/res-car-temp-four.o
 .text.res_get_handler
                0x0000000000204d08       0x50 obj_openmote-cc2538/res-car-cells.o
 .text.simple_reply.isra.1
                0x0000000000204d58       0x38 obj_openmote-cc2538/coap-observe-client.o
 .text.classify_notification
                0x0000000000204d90       0x80 obj_openmote-cc2538/coap-observe-client.o
 .text.coap_get_obs_subject_by_token
                0x0000000000204e10       0x58 obj_openmote-cc2538/coap-observe-client.o
                0x0000000000204e10                coap_get_obs_subject_by_token
 .text.coap_handle_notification
                0x0000000000204e68       0xe4 obj_openmote-cc2538/coap-observe-client.o
                0x0000000000204e68                coap_handle_notification
 .text.process_callback
                0x0000000000204f4c       0x3c obj_openmote-cc2538/coap-engine.o
 .text.coap_call_handlers
                0x0000000000204f88       0x54 obj_openmote-cc2538/coap-engine.o
                0x0000000000204f88                coap_call_handlers
 .text.coap_receive
                0x0000000000204fdc      0x394 obj_openmote-cc2538/coap-engine.o
                0x0000000000204fdc                coap_receive
 .text.coap_activate_resource
                0x0000000000205370       0x40 obj_openmote-cc2538/coap-engine.o
                0x0000000000205370                coap_activate_resource
 .text.coap_engine_init
                0x00000000002053b0       0x44 obj_openmote-cc2538/coap-engine.o
                0x00000000002053b0                coap_engine_init
 .text.coap_get_first_resource
                0x00000000002053f4        0xc obj_openmote-cc2538/coap-engine.o
                0x00000000002053f4                coap_get_first_resource
 .text.update   0x0000000000205400        0xc obj_openmote-cc2538/coap-timer-default.o
 .text.process_thread_coap_timer_process
                0x000000000020540c       0x84 obj_openmote-cc2538/coap-timer-default.o
 .text.uptime   0x0000000000205490       0x3c obj_openmote-cc2538/coap-timer-default.o
 .text.init     0x00000000002054cc        0xc obj_openmote-cc2538/coap-timer-default.o
 .text.coap_new_transaction
                0x00000000002054d8       0x34 obj_openmote-cc2538/coap-transactions.o
                0x00000000002054d8                coap_new_transaction
 .text.coap_clear_transaction
                0x000000000020550c       0x50 obj_openmote-cc2538/coap-transactions.o
                0x000000000020550c                coap_clear_transaction
 .text.coap_send_transaction
                0x000000000020555c      0x118 obj_openmote-cc2538/coap-transactions.o
                0x000000000020555c                coap_send_transaction
 .text.coap_retransmit_transaction
                0x0000000000205674       0x58 obj_openmote-cc2538/coap-transactions.o
 .text.coap_get_transaction_by_mid
                0x00000000002056cc       0x48 obj_openmote-cc2538/coap-transactions.o
                0x00000000002056cc                coap_get_transaction_by_mid
 .text.well_known_core_get_handler
                0x0000000000205714      0x15c obj_openmote-cc2538/coap-res-well-known-core.o
 .text.coap_init_connection
                0x0000000000205870       0x10 obj_openmote-cc2538/coap.o
                0x0000000000205870                coap_init_connection
 .text.coap_get_mid
                0x0000000000205880       0x10 obj_openmote-cc2538/coap.o
                0x0000000000205880                coap_get_mid
 .text.coap_serialize_message
                0x0000000000205890      0x358 obj_openmote-cc2538/coap.o
                0x0000000000205890                coap_serialize_message
 .text.coap_parse_message
                0x0000000000205be8      0x2dc obj_openmote-cc2538/coap.o
                0x0000000000205be8                coap_parse_message
 .text.process_thread_coap_engine
                0x0000000000205ec4       0xa4 obj_openmote-cc2538/coap-uip.o
 .text.coap_endpoint_log
                0x0000000000205f68       0x48 obj_openmote-cc2538/coap-uip.o
                0x0000000000205f68                coap_endpoint_log
 .text.coap_databuf
                0x0000000000205fb0        0xc obj_openmote-cc2538/coap-uip.o
                0x0000000000205fb0                coap_databuf
 .text.coap_transport_init
                0x0000000000205fbc        0xc obj_openmote-cc2538/coap-uip.o
                0x0000000000205fbc                coap_transport_init
 .text.coap_sendto
                0x0000000000205fc8       0x34 obj_openmote-cc2538/coap-uip.o
                0x0000000000205fc8                coap_sendto
 .text.coap_timer_uptime
                0x0000000000205ffc        0xc obj_openmote-cc2538/coap-timer.o
 .text.coap_timer_stop
                0x0000000000206008       0x1c obj_openmote-cc2538/coap-timer.o
                0x0000000000206008                coap_timer_stop
 .text.coap_timer_time_to_next_expiration
                0x0000000000206024       0x34 obj_openmote-cc2538/coap-timer.o
                0x0000000000206024                coap_timer_time_to_next_expiration
 .text.coap_timer_run
                0x0000000000206058       0x64 obj_openmote-cc2538/coap-timer.o
                0x0000000000206058                coap_timer_run
 .text.coap_timer_init
                0x00000000002060bc       0x2c obj_openmote-cc2538/coap-timer.o
                0x00000000002060bc                coap_timer_init
 .text.add_timer
                0x00000000002060e8       0x70 obj_openmote-cc2538/coap-timer.o
 .text.coap_remove_observer
                0x0000000000206158       0x4c obj_openmote-cc2538/coap-observe.o
                0x0000000000206158                coap_remove_observer
 .text.coap_remove_observer_by_client
                0x00000000002061a4       0x60 obj_openmote-cc2538/coap-observe.o
                0x00000000002061a4                coap_remove_observer_by_client
 .text.coap_remove_observer_by_token
                0x0000000000206204       0x74 obj_openmote-cc2538/coap-observe.o
                0x0000000000206204                coap_remove_observer_by_token
 .text.coap_remove_observer_by_uri
                0x0000000000206278       0x7c obj_openmote-cc2538/coap-observe.o
                0x0000000000206278                coap_remove_observer_by_uri
 .text.coap_remove_observer_by_mid
                0x00000000002062f4       0x5c obj_openmote-cc2538/coap-observe.o
                0x00000000002062f4                coap_remove_observer_by_mid
 .text.coap_notify_observers_sub
                0x0000000000206350      0x210 obj_openmote-cc2538/coap-observe.o
                0x0000000000206350                coap_notify_observers_sub
 .text.coap_observe_handler
                0x0000000000206560      0x140 obj_openmote-cc2538/coap-observe.o
                0x0000000000206560                coap_observe_handler
 .text.shell_output_6addr
                0x00000000002066a0       0xd0 obj_openmote-cc2538/shell.o
                0x00000000002066a0                shell_output_6addr
 .text.shell_output_lladdr
                0x0000000000206770       0x58 obj_openmote-cc2538/shell.o
                0x0000000000206770                shell_output_lladdr
 .text.shell_input
                0x00000000002067c8       0xd8 obj_openmote-cc2538/shell.o
                0x00000000002067c8                shell_input
 .text.echo_reply_handler
                0x00000000002068a0       0x2c obj_openmote-cc2538/shell-commands.o
 .text.cmd_rpl_global_repair
                0x00000000002068cc       0x38 obj_openmote-cc2538/shell-commands.o
 .text.cmd_rpl_local_repair
                0x0000000000206904       0x38 obj_openmote-cc2538/shell-commands.o
 .text.cmd_help
                0x000000000020693c       0x50 obj_openmote-cc2538/shell-commands.o
 .text.cmd_tsch_status
                0x000000000020698c      0x128 obj_openmote-cc2538/shell-commands.o
 .text.cmd_tsch_schedule
                0x0000000000206ab4       0xc4 obj_openmote-cc2538/shell-commands.o
 .text.cmd_tsch_set_coordinator
                0x0000000000206b78      0x128 obj_openmote-cc2538/shell-commands.o
 .text.cmd_ipaddr
                0x0000000000206ca0       0x70 obj_openmote-cc2538/shell-commands.o
 .text.cmd_routes
                0x0000000000206d10      0x154 obj_openmote-cc2538/shell-commands.o
 .text.cmd_rpl_status
                0x0000000000206e64      0x254 obj_openmote-cc2538/shell-commands.o
 .text.cmd_rpl_refresh_routes
                0x00000000002070b8       0x34 obj_openmote-cc2538/shell-commands.o
 .text.cmd_rpl_set_root
                0x00000000002070ec      0x168 obj_openmote-cc2538/shell-commands.o
 .text.cmd_ping
                0x0000000000207254      0x168 obj_openmote-cc2538/shell-commands.o
 .text.shell_output_log_levels
                0x00000000002073bc       0x50 obj_openmote-cc2538/shell-commands.o
 .text.cmd_log  0x000000000020740c       0xf8 obj_openmote-cc2538/shell-commands.o
 .text.cmd_ip_neighbors
                0x0000000000207504       0xd4 obj_openmote-cc2538/shell-commands.o
 .text.cmd_reboot
                0x00000000002075d8       0x2c obj_openmote-cc2538/shell-commands.o
 .text.shell_commands_init
                0x0000000000207604       0x10 obj_openmote-cc2538/shell-commands.o
                0x0000000000207604                shell_commands_init
 .text.process_thread_serial_shell_process
                0x0000000000207614       0x58 obj_openmote-cc2538/serial-shell.o
 .text.serial_shell_output
                0x000000000020766c        0xc obj_openmote-cc2538/serial-shell.o
 .text.serial_shell_init
                0x0000000000207678        0xc obj_openmote-cc2538/serial-shell.o
                0x0000000000207678                serial_shell_init
 .text.startup.main
                0x0000000000207684      0x168 obj_openmote-cc2538/contiki-main.o
                0x0000000000207684                main
 .text.stimer_expired
                0x00000000002077ec       0x20 obj_openmote-cc2538/stimer.o
                0x00000000002077ec                stimer_expired
 .text.update_time
                0x000000000020780c       0x44 obj_openmote-cc2538/etimer.o
 .text.etimer_request_poll
                0x0000000000207850        0xc obj_openmote-cc2538/etimer.o
                0x0000000000207850                etimer_request_poll
 .text.process_thread_etimer_process
                0x000000000020785c       0xac obj_openmote-cc2538/etimer.o
 .text.add_timer
                0x0000000000207908       0x40 obj_openmote-cc2538/etimer.o
 .text.etimer_pending
                0x0000000000207948       0x10 obj_openmote-cc2538/etimer.o
                0x0000000000207948                etimer_pending
 .text.etimer_stop
                0x0000000000207958       0x34 obj_openmote-cc2538/etimer.o
                0x0000000000207958                etimer_stop
 .text.log_6addr
                0x000000000020798c       0xa4 obj_openmote-cc2538/log.o
                0x000000000020798c                log_6addr
 .text.log_lladdr
                0x0000000000207a30       0x3c obj_openmote-cc2538/log.o
                0x0000000000207a30                log_lladdr
 .text.log_set_level
                0x0000000000207a6c       0x44 obj_openmote-cc2538/log.o
                0x0000000000207a6c                log_set_level
 .text.log_get_level
                0x0000000000207ab0       0x40 obj_openmote-cc2538/log.o
                0x0000000000207ab0                log_get_level
 .text.log_level_to_str
                0x0000000000207af0       0x18 obj_openmote-cc2538/log.o
                0x0000000000207af0                log_level_to_str
 .text.process_thread_ctimer_process
                0x0000000000207b08       0x80 obj_openmote-cc2538/ctimer.o
 .text.ctimer_init
                0x0000000000207b88       0x28 obj_openmote-cc2538/ctimer.o
                0x0000000000207b88                ctimer_init
 .text.ctimer_set_with_process
                0x0000000000207bb0       0x44 obj_openmote-cc2538/ctimer.o
                0x0000000000207bb0                ctimer_set_with_process
 .text.ctimer_set
                0x0000000000207bf4       0x14 obj_openmote-cc2538/ctimer.o
                0x0000000000207bf4                ctimer_set
 .text.ctimer_reset
                0x0000000000207c08       0x38 obj_openmote-cc2538/ctimer.o
                0x0000000000207c08                ctimer_reset
 .text.ctimer_stop
                0x0000000000207c40       0x2c obj_openmote-cc2538/ctimer.o
                0x0000000000207c40                ctimer_stop
 .text.ctimer_expired
                0x0000000000207c6c       0x34 obj_openmote-cc2538/ctimer.o
                0x0000000000207c6c                ctimer_expired
 .text.call_process.part.0
                0x0000000000207ca0       0x38 obj_openmote-cc2538/process.o
 .text.exit_process
                0x0000000000207cd8       0x80 obj_openmote-cc2538/process.o
 .text.do_poll  0x0000000000207d58       0x34 obj_openmote-cc2538/process.o
 .text.process_alloc_event
                0x0000000000207d8c       0x10 obj_openmote-cc2538/process.o
                0x0000000000207d8c                process_alloc_event
 .text.process_init
                0x0000000000207d9c       0x30 obj_openmote-cc2538/process.o
                0x0000000000207d9c                process_init
 .text.process_run
                0x0000000000207dcc       0x84 obj_openmote-cc2538/process.o
                0x0000000000207dcc                process_run
 .text.process_nevents
                0x0000000000207e50       0x14 obj_openmote-cc2538/process.o
                0x0000000000207e50                process_nevents
 .text.process_post
                0x0000000000207e64       0x3c obj_openmote-cc2538/process.o
                0x0000000000207e64                process_post
 .text.process_post_synch
                0x0000000000207ea0       0x14 obj_openmote-cc2538/process.o
                0x0000000000207ea0                process_post_synch
 .text.process_start
                0x0000000000207eb4       0x30 obj_openmote-cc2538/process.o
                0x0000000000207eb4                process_start
 .text.process_poll
                0x0000000000207ee4       0x18 obj_openmote-cc2538/process.o
                0x0000000000207ee4                process_poll
 .text.rtimer_set
                0x0000000000207efc       0x24 obj_openmote-cc2538/rtimer.o
                0x0000000000207efc                rtimer_set
 .text.rtimer_run_next
                0x0000000000207f20       0x28 obj_openmote-cc2538/rtimer.o
                0x0000000000207f20                rtimer_run_next
 .text.stack_check_init
                0x0000000000207f48       0x28 obj_openmote-cc2538/stack-check.o
                0x0000000000207f48                stack_check_init
 .text.stack_check_get_usage
                0x0000000000207f70       0x44 obj_openmote-cc2538/stack-check.o
                0x0000000000207f70                stack_check_get_usage
 .text.process_thread_stack_check_process
                0x0000000000207fb4       0x88 obj_openmote-cc2538/stack-check.o
 .text.duration_exceeded_callback
                0x000000000020803c       0x34 obj_openmote-cc2538/button-hal.o
 .text.process_thread_button_hal_process
                0x0000000000208070       0x70 obj_openmote-cc2538/button-hal.o
 .text.press_release_handler
                0x00000000002080e0       0x18 obj_openmote-cc2538/button-hal.o
 .text.debounce_handler
                0x00000000002080f8       0x64 obj_openmote-cc2538/button-hal.o
 .text.button_hal_init
                0x000000000020815c       0xf8 obj_openmote-cc2538/button-hal.o
                0x000000000020815c                button_hal_init
 .text.process_thread_serial_line_process
                0x0000000000208254       0x9c obj_openmote-cc2538/serial-line.o
 .text.serial_line_input_byte
                0x00000000002082f0       0x44 obj_openmote-cc2538/serial-line.o
                0x00000000002082f0                serial_line_input_byte
 .text.serial_line_init
                0x0000000000208334       0x24 obj_openmote-cc2538/serial-line.o
                0x0000000000208334                serial_line_init
 .text.leds_on  0x0000000000208358       0x60 obj_openmote-cc2538/leds.o
                0x0000000000208358                leds_on
 .text.leds_off
                0x00000000002083b8       0x48 obj_openmote-cc2538/leds.o
                0x00000000002083b8                leds_off
 .text.leds_init
                0x0000000000208400       0x44 obj_openmote-cc2538/leds.o
                0x0000000000208400                leds_init
 .text.leds_toggle
                0x0000000000208444       0x24 obj_openmote-cc2538/leds.o
                0x0000000000208444                leds_toggle
 .text.gpio_hal_register_handler
                0x0000000000208468        0xc obj_openmote-cc2538/gpio-hal.o
                0x0000000000208468                gpio_hal_register_handler
 .text.gpio_hal_event_handler
                0x0000000000208474       0x24 obj_openmote-cc2538/gpio-hal.o
                0x0000000000208474                gpio_hal_event_handler
 .text.gpio_hal_init
                0x0000000000208498        0xc obj_openmote-cc2538/gpio-hal.o
                0x0000000000208498                gpio_hal_init
 .text.process_thread_sensors_process
                0x00000000002084a4       0xdc obj_openmote-cc2538/sensors.o
 .text.random_rand
                0x0000000000208580       0x20 obj_openmote-cc2538/random.o
                0x0000000000208580                random_rand
 .text.random_init
                0x00000000002085a0       0x7c obj_openmote-cc2538/random.o
                0x00000000002085a0                random_init
 .text.queuebuf_init
                0x000000000020861c       0x1c obj_openmote-cc2538/queuebuf.o
                0x000000000020861c                queuebuf_init
 .text.queuebuf_new_from_packetbuf
                0x0000000000208638       0x44 obj_openmote-cc2538/queuebuf.o
                0x0000000000208638                queuebuf_new_from_packetbuf
 .text.queuebuf_free
                0x000000000020867c       0x2c obj_openmote-cc2538/queuebuf.o
                0x000000000020867c                queuebuf_free
 .text.queuebuf_to_packetbuf
                0x00000000002086a8       0x30 obj_openmote-cc2538/queuebuf.o
                0x00000000002086a8                queuebuf_to_packetbuf
 .text.queuebuf_dataptr
                0x00000000002086d8       0x18 obj_openmote-cc2538/queuebuf.o
                0x00000000002086d8                queuebuf_dataptr
 .text.index_from_key
                0x00000000002086f0       0x20 obj_openmote-cc2538/nbr-table.o
 .text.index_from_lladdr
                0x0000000000208710       0x40 obj_openmote-cc2538/nbr-table.o
 .text.nbr_get_bit.constprop.0
                0x0000000000208750       0x2c obj_openmote-cc2538/nbr-table.o
 .text.nbr_table_is_registered
                0x000000000020877c       0x20 obj_openmote-cc2538/nbr-table.o
                0x000000000020877c                nbr_table_is_registered
 .text.nbr_table_register
                0x000000000020879c       0x30 obj_openmote-cc2538/nbr-table.o
                0x000000000020879c                nbr_table_register
 .text.nbr_table_next
                0x00000000002087cc       0x48 obj_openmote-cc2538/nbr-table.o
                0x00000000002087cc                nbr_table_next
 .text.nbr_table_head
                0x0000000000208814       0x38 obj_openmote-cc2538/nbr-table.o
                0x0000000000208814                nbr_table_head
 .text.nbr_table_add_lladdr
                0x000000000020884c      0x164 obj_openmote-cc2538/nbr-table.o
                0x000000000020884c                nbr_table_add_lladdr
 .text.nbr_table_remove
                0x00000000002089b0       0x2c obj_openmote-cc2538/nbr-table.o
                0x00000000002089b0                nbr_table_remove
 .text.nbr_table_lock
                0x00000000002089dc       0x10 obj_openmote-cc2538/nbr-table.o
                0x00000000002089dc                nbr_table_lock
 .text.nbr_table_unlock
                0x00000000002089ec       0x10 obj_openmote-cc2538/nbr-table.o
                0x00000000002089ec                nbr_table_unlock
 .text.nbr_table_get_lladdr
                0x00000000002089fc       0x24 obj_openmote-cc2538/nbr-table.o
                0x00000000002089fc                nbr_table_get_lladdr
 .text.packetbuf_hdrreduce
                0x0000000000208a20       0x28 obj_openmote-cc2538/packetbuf.o
                0x0000000000208a20                packetbuf_hdrreduce
 .text.packetbuf_set_datalen
                0x0000000000208a48        0xc obj_openmote-cc2538/packetbuf.o
                0x0000000000208a48                packetbuf_set_datalen
 .text.packetbuf_hdrptr
                0x0000000000208a54        0x8 obj_openmote-cc2538/packetbuf.o
                0x0000000000208a54                packetbuf_hdrptr
 .text.packetbuf_datalen
                0x0000000000208a5c        0xc obj_openmote-cc2538/packetbuf.o
                0x0000000000208a5c                packetbuf_datalen
 .text.packetbuf_hdrlen
                0x0000000000208a68       0x18 obj_openmote-cc2538/packetbuf.o
                0x0000000000208a68                packetbuf_hdrlen
 .text.packetbuf_dataptr
                0x0000000000208a80       0x10 obj_openmote-cc2538/packetbuf.o
                0x0000000000208a80                packetbuf_dataptr
 .text.packetbuf_copyto
                0x0000000000208a90       0x44 obj_openmote-cc2538/packetbuf.o
                0x0000000000208a90                packetbuf_copyto
 .text.packetbuf_totlen
                0x0000000000208ad4       0x14 obj_openmote-cc2538/packetbuf.o
                0x0000000000208ad4                packetbuf_totlen
 .text.packetbuf_hdralloc
                0x0000000000208ae8       0x3c obj_openmote-cc2538/packetbuf.o
                0x0000000000208ae8                packetbuf_hdralloc
 .text.packetbuf_attr_clear
                0x0000000000208b24       0x34 obj_openmote-cc2538/packetbuf.o
                0x0000000000208b24                packetbuf_attr_clear
 .text.packetbuf_clear
                0x0000000000208b58       0x20 obj_openmote-cc2538/packetbuf.o
                0x0000000000208b58                packetbuf_clear
 .text.packetbuf_copyfrom
                0x0000000000208b78       0x2c obj_openmote-cc2538/packetbuf.o
                0x0000000000208b78                packetbuf_copyfrom
 .text.packetbuf_attr_copyto
                0x0000000000208ba4       0x24 obj_openmote-cc2538/packetbuf.o
                0x0000000000208ba4                packetbuf_attr_copyto
 .text.packetbuf_attr_copyfrom
                0x0000000000208bc8       0x24 obj_openmote-cc2538/packetbuf.o
                0x0000000000208bc8                packetbuf_attr_copyfrom
 .text.packetbuf_set_attr
                0x0000000000208bec       0x10 obj_openmote-cc2538/packetbuf.o
                0x0000000000208bec                packetbuf_set_attr
 .text.packetbuf_attr
                0x0000000000208bfc        0xc obj_openmote-cc2538/packetbuf.o
                0x0000000000208bfc                packetbuf_attr
 .text.packetbuf_set_addr
                0x0000000000208c08       0x18 obj_openmote-cc2538/packetbuf.o
                0x0000000000208c08                packetbuf_set_addr
 .text.packetbuf_addr
                0x0000000000208c20       0x10 obj_openmote-cc2538/packetbuf.o
                0x0000000000208c20                packetbuf_addr
 .text.packetbuf_holds_broadcast
                0x0000000000208c30       0x10 obj_openmote-cc2538/packetbuf.o
                0x0000000000208c30                packetbuf_holds_broadcast
 .text.netstack_process_ip_callback
                0x0000000000208c40       0x40 obj_openmote-cc2538/netstack.o
                0x0000000000208c40                netstack_process_ip_callback
 .text.netstack_init
                0x0000000000208c80       0x24 obj_openmote-cc2538/netstack.o
                0x0000000000208c80                netstack_init
 .text.periodic
                0x0000000000208ca4       0x2c obj_openmote-cc2538/link-stats.o
 .text.link_stats_from_lladdr
                0x0000000000208cd0        0xc obj_openmote-cc2538/link-stats.o
                0x0000000000208cd0                link_stats_from_lladdr
 .text.link_stats_packet_sent
                0x0000000000208cdc       0x78 obj_openmote-cc2538/link-stats.o
                0x0000000000208cdc                link_stats_packet_sent
 .text.link_stats_input_callback
                0x0000000000208d54       0x4c obj_openmote-cc2538/link-stats.o
                0x0000000000208d54                link_stats_input_callback
 .text.link_stats_reset
                0x0000000000208da0       0x24 obj_openmote-cc2538/link-stats.o
                0x0000000000208da0                link_stats_reset
 .text.link_stats_init
                0x0000000000208dc4       0x28 obj_openmote-cc2538/link-stats.o
                0x0000000000208dc4                link_stats_init
 .text.mac_sequence_is_duplicate
                0x0000000000208dec       0x4c obj_openmote-cc2538/mac-sequence.o
                0x0000000000208dec                mac_sequence_is_duplicate
 .text.mac_sequence_register_seqno
                0x0000000000208e38       0x60 obj_openmote-cc2538/mac-sequence.o
                0x0000000000208e38                mac_sequence_register_seqno
 .text.create_frame
                0x0000000000208e98       0xd0 obj_openmote-cc2538/framer-802154.o
 .text.frame802154_get_pan_id
                0x0000000000208f68        0xc obj_openmote-cc2538/frame802154.o
                0x0000000000208f68                frame802154_get_pan_id
 .text.frame802154_set_pan_id
                0x0000000000208f74        0xc obj_openmote-cc2538/frame802154.o
                0x0000000000208f74                frame802154_set_pan_id
 .text.frame802154_check_dest_panid
                0x0000000000208f80       0x3c obj_openmote-cc2538/frame802154.o
                0x0000000000208f80                frame802154_check_dest_panid
 .text.frame802154_extract_linkaddr
                0x0000000000208fbc       0x78 obj_openmote-cc2538/frame802154.o
                0x0000000000208fbc                frame802154_extract_linkaddr
 .text.frame802154_parse
                0x0000000000209034      0x124 obj_openmote-cc2538/frame802154.o
                0x0000000000209034                frame802154_parse
 .text.fill_space
                0x0000000000209158       0x34 obj_openmote-cc2538/strformat.o
 .text.format_str_v
                0x000000000020918c      0x6c8 obj_openmote-cc2538/strformat.o
                0x000000000020918c                format_str_v
 .text.printf   0x0000000000209854       0x20 obj_openmote-cc2538/printf.o
                0x0000000000209854                printf
 .text.vsnprintf
                0x0000000000209874       0x28 obj_openmote-cc2538/snprintf.o
                0x0000000000209874                vsnprintf
 .text.tsch_queue_get_nbr
                0x000000000020989c       0x34 obj_openmote-cc2538/tsch-queue.o
                0x000000000020989c                tsch_queue_get_nbr
 .text.tsch_queue_add_nbr
                0x00000000002098d0       0x7c obj_openmote-cc2538/tsch-queue.o
                0x00000000002098d0                tsch_queue_add_nbr
 .text.tsch_queue_get_time_source
                0x000000000020994c       0x28 obj_openmote-cc2538/tsch-queue.o
                0x000000000020994c                tsch_queue_get_time_source
 .text.tsch_queue_update_time_source
                0x0000000000209974       0x50 obj_openmote-cc2538/tsch-queue.o
                0x0000000000209974                tsch_queue_update_time_source
 .text.tsch_queue_add_packet
                0x00000000002099c4       0x84 obj_openmote-cc2538/tsch-queue.o
                0x00000000002099c4                tsch_queue_add_packet
 .text.tsch_queue_free_packet
                0x0000000000209a48       0x20 obj_openmote-cc2538/tsch-queue.o
                0x0000000000209a48                tsch_queue_free_packet
 .text.tsch_queue_reset
                0x0000000000209a68       0x34 obj_openmote-cc2538/tsch-queue.o
                0x0000000000209a68                tsch_queue_reset
 .text.tsch_queue_free_unused_neighbors
                0x0000000000209a9c       0x58 obj_openmote-cc2538/tsch-queue.o
                0x0000000000209a9c                tsch_queue_free_unused_neighbors
 .text.tsch_queue_get_unicast_packet_for_any
                0x0000000000209af4       0x44 obj_openmote-cc2538/tsch-queue.o
                0x0000000000209af4                tsch_queue_get_unicast_packet_for_any
 .text.tsch_queue_update_all_backoff_windows
                0x0000000000209b38       0x50 obj_openmote-cc2538/tsch-queue.o
                0x0000000000209b38                tsch_queue_update_all_backoff_windows
 .text.tsch_queue_init
                0x0000000000209b88       0x48 obj_openmote-cc2538/tsch-queue.o
                0x0000000000209b88                tsch_queue_init
 .text.turn_off
                0x0000000000209bd0       0x10 obj_openmote-cc2538/tsch.o
 .text.tsch_reset
                0x0000000000209be0       0x94 obj_openmote-cc2538/tsch.o
 .text.process_thread_tsch_send_eb_process
                0x0000000000209c74      0x10c obj_openmote-cc2538/tsch.o
 .text.send_packet
                0x0000000000209d80       0xb0 obj_openmote-cc2538/tsch.o
 .text.tsch_init
                0x0000000000209e30       0x94 obj_openmote-cc2538/tsch.o
 .text.packet_input
                0x0000000000209ec4       0x40 obj_openmote-cc2538/tsch.o
 .text.keepalive_send
                0x0000000000209f04       0x34 obj_openmote-cc2538/tsch.o
 .text.turn_on  0x0000000000209f38       0x48 obj_openmote-cc2538/tsch.o
 .text.tsch_set_coordinator
                0x0000000000209f80       0x28 obj_openmote-cc2538/tsch.o
                0x0000000000209f80                tsch_set_coordinator
 .text.tsch_set_pan_secured
                0x0000000000209fa8        0xc obj_openmote-cc2538/tsch.o
                0x0000000000209fa8                tsch_set_pan_secured
 .text.tsch_set_join_priority
                0x0000000000209fb4        0xc obj_openmote-cc2538/tsch.o
                0x0000000000209fb4                tsch_set_join_priority
 .text.tsch_set_eb_period
                0x0000000000209fc0       0x14 obj_openmote-cc2538/tsch.o
                0x0000000000209fc0                tsch_set_eb_period
 .text.tsch_schedule_keepalive
                0x0000000000209fd4       0x58 obj_openmote-cc2538/tsch.o
                0x0000000000209fd4                tsch_schedule_keepalive
 .text.tsch_set_ka_timeout
                0x000000000020a02c       0x18 obj_openmote-cc2538/tsch.o
                0x000000000020a02c                tsch_set_ka_timeout
 .text.tsch_schedule_keepalive_immediately
                0x000000000020a044       0x28 obj_openmote-cc2538/tsch.o
                0x000000000020a044                tsch_schedule_keepalive_immediately
 .text.tsch_disassociate
                0x000000000020a06c       0x20 obj_openmote-cc2538/tsch.o
                0x000000000020a06c                tsch_disassociate
 .text.process_thread_tsch_pending_events_process
                0x000000000020a08c      0x158 obj_openmote-cc2538/tsch.o
 .text.keepalive_packet_sent
                0x000000000020a1e4       0x6c obj_openmote-cc2538/tsch.o
 .text.tsch_scan
                0x000000000020a250      0x2f8 obj_openmote-cc2538/tsch.o
                0x000000000020a250                tsch_scan
 .text.process_thread_tsch_process
                0x000000000020a548       0xcc obj_openmote-cc2538/tsch.o
 .text.tsch_schedule_get_slotframe_by_handle
                0x000000000020a614       0x2c obj_openmote-cc2538/tsch-schedule.o
                0x000000000020a614                tsch_schedule_get_slotframe_by_handle
 .text.tsch_schedule_add_slotframe
                0x000000000020a640       0x64 obj_openmote-cc2538/tsch-schedule.o
                0x000000000020a640                tsch_schedule_add_slotframe
 .text.tsch_schedule_remove_link
                0x000000000020a6a4       0x78 obj_openmote-cc2538/tsch-schedule.o
                0x000000000020a6a4                tsch_schedule_remove_link
 .text.tsch_schedule_remove_slotframe
                0x000000000020a71c       0x44 obj_openmote-cc2538/tsch-schedule.o
                0x000000000020a71c                tsch_schedule_remove_slotframe
 .text.tsch_schedule_remove_all_slotframes
                0x000000000020a760       0x1c obj_openmote-cc2538/tsch-schedule.o
                0x000000000020a760                tsch_schedule_remove_all_slotframes
 .text.tsch_schedule_add_link
                0x000000000020a77c       0xb4 obj_openmote-cc2538/tsch-schedule.o
                0x000000000020a77c                tsch_schedule_add_link
 .text.tsch_schedule_get_next_active_link
                0x000000000020a830      0x10c obj_openmote-cc2538/tsch-schedule.o
                0x000000000020a830                tsch_schedule_get_next_active_link
 .text.tsch_schedule_init
                0x000000000020a93c       0x30 obj_openmote-cc2538/tsch-schedule.o
                0x000000000020a93c                tsch_schedule_init
 .text.tsch_schedule_create_minimal
                0x000000000020a96c       0x28 obj_openmote-cc2538/tsch-schedule.o
                0x000000000020a96c                tsch_schedule_create_minimal
 .text.tsch_schedule_slotframe_head
                0x000000000020a994        0xc obj_openmote-cc2538/tsch-schedule.o
                0x000000000020a994                tsch_schedule_slotframe_head
 .text.tsch_radio_off
                0x000000000020a9a0       0x1c obj_openmote-cc2538/tsch-slot-operation.o
 .text.tsch_schedule_slot_operation.isra.2
                0x000000000020a9bc       0x5c obj_openmote-cc2538/tsch-slot-operation.o
 .text.get_packet_and_neighbor_for_link.constprop.6
                0x000000000020aa18       0x68 obj_openmote-cc2538/tsch-slot-operation.o
 .text.tsch_tx_slot.constprop.5
                0x000000000020aa80      0x368 obj_openmote-cc2538/tsch-slot-operation.o
 .text.tsch_is_locked
                0x000000000020ade8        0xc obj_openmote-cc2538/tsch-slot-operation.o
                0x000000000020ade8                tsch_is_locked
 .text.tsch_get_lock
                0x000000000020adf4       0x48 obj_openmote-cc2538/tsch-slot-operation.o
                0x000000000020adf4                tsch_get_lock
 .text.tsch_release_lock
                0x000000000020ae3c        0xc obj_openmote-cc2538/tsch-slot-operation.o
                0x000000000020ae3c                tsch_release_lock
 .text.tsch_calculate_channel
                0x000000000020ae48       0x48 obj_openmote-cc2538/tsch-slot-operation.o
                0x000000000020ae48                tsch_calculate_channel
 .text.tsch_slot_operation
                0x000000000020ae90      0x5a4 obj_openmote-cc2538/tsch-slot-operation.o
 .text.tsch_slot_operation_start
                0x000000000020b434       0x6c obj_openmote-cc2538/tsch-slot-operation.o
                0x000000000020b434                tsch_slot_operation_start
 .text.tsch_slot_operation_sync
                0x000000000020b4a0       0x38 obj_openmote-cc2538/tsch-slot-operation.o
                0x000000000020b4a0                tsch_slot_operation_sync
 .text.tsch_packet_eackbuf_attr
                0x000000000020b4d8        0xc obj_openmote-cc2538/tsch-packet.o
                0x000000000020b4d8                tsch_packet_eackbuf_attr
 .text.tsch_packet_create_eack
                0x000000000020b4e4       0xa0 obj_openmote-cc2538/tsch-packet.o
                0x000000000020b4e4                tsch_packet_create_eack
 .text.tsch_packet_parse_eack
                0x000000000020b584       0xa8 obj_openmote-cc2538/tsch-packet.o
                0x000000000020b584                tsch_packet_parse_eack
 .text.tsch_packet_create_eb
                0x000000000020b62c      0x158 obj_openmote-cc2538/tsch-packet.o
                0x000000000020b62c                tsch_packet_create_eb
 .text.tsch_packet_update_eb
                0x000000000020b784       0x34 obj_openmote-cc2538/tsch-packet.o
                0x000000000020b784                tsch_packet_update_eb
 .text.tsch_rpl_callback_ka_sent
                0x000000000020b7b8       0x20 obj_openmote-cc2538/tsch-rpl.o
                0x000000000020b7b8                tsch_rpl_callback_ka_sent
 .text.tsch_rpl_callback_leaving_network
                0x000000000020b7d8       0x1c obj_openmote-cc2538/tsch-rpl.o
                0x000000000020b7d8                tsch_rpl_callback_leaving_network
 .text.tsch_rpl_callback_new_dio_interval
                0x000000000020b7f4       0x44 obj_openmote-cc2538/tsch-rpl.o
                0x000000000020b7f4                tsch_rpl_callback_new_dio_interval
 .text.tsch_rpl_callback_parent_switch
                0x000000000020b838       0x24 obj_openmote-cc2538/tsch-rpl.o
                0x000000000020b838                tsch_rpl_callback_parent_switch
 .text.compensate_internal
                0x000000000020b85c       0xa4 obj_openmote-cc2538/tsch-adaptive-timesync.o
 .text.tsch_adaptive_timesync_get_drift_ppm
                0x000000000020b900       0x14 obj_openmote-cc2538/tsch-adaptive-timesync.o
                0x000000000020b900                tsch_adaptive_timesync_get_drift_ppm
 .text.tsch_timesync_update
                0x000000000020b914       0xcc obj_openmote-cc2538/tsch-adaptive-timesync.o
                0x000000000020b914                tsch_timesync_update
 .text.tsch_timesync_adaptive_compensate
                0x000000000020b9e0       0x70 obj_openmote-cc2538/tsch-adaptive-timesync.o
                0x000000000020b9e0                tsch_timesync_adaptive_compensate
 .text.uipbuf_get_attr
                0x000000000020ba50       0x14 obj_openmote-cc2538/uipbuf.o
                0x000000000020ba50                uipbuf_get_attr
 .text.uipbuf_clear_attr
                0x000000000020ba64       0x18 obj_openmote-cc2538/uipbuf.o
                0x000000000020ba64                uipbuf_clear_attr
 .text.echo_reply_input
                0x000000000020ba7c       0xa4 obj_openmote-cc2538/uip-icmp6.o
 .text.echo_request_input
                0x000000000020bb20       0xcc obj_openmote-cc2538/uip-icmp6.o
 .text.uip_icmp6_input
                0x000000000020bbec       0x38 obj_openmote-cc2538/uip-icmp6.o
                0x000000000020bbec                uip_icmp6_input
 .text.uip_icmp6_register_input_handler
                0x000000000020bc24        0xc obj_openmote-cc2538/uip-icmp6.o
                0x000000000020bc24                uip_icmp6_register_input_handler
 .text.uip_icmp6_error_output
                0x000000000020bc30      0x150 obj_openmote-cc2538/uip-icmp6.o
                0x000000000020bc30                uip_icmp6_error_output
 .text.uip_icmp6_send
                0x000000000020bd80       0x78 obj_openmote-cc2538/uip-icmp6.o
                0x000000000020bd80                uip_icmp6_send
 .text.uip_icmp6_echo_reply_callback_add
                0x000000000020bdf8       0x14 obj_openmote-cc2538/uip-icmp6.o
                0x000000000020bdf8                uip_icmp6_echo_reply_callback_add
 .text.uip_icmp6_init
                0x000000000020be0c       0x1c obj_openmote-cc2538/uip-icmp6.o
                0x000000000020be0c                uip_icmp6_init
 .text.node_matches_address.part.0
                0x000000000020be28       0x28 obj_openmote-cc2538/uip-sr.o
 .text.uip_sr_num_nodes
                0x000000000020be50        0xc obj_openmote-cc2538/uip-sr.o
                0x000000000020be50                uip_sr_num_nodes
 .text.uip_sr_get_node
                0x000000000020be5c       0x34 obj_openmote-cc2538/uip-sr.o
                0x000000000020be5c                uip_sr_get_node
 .text.uip_sr_is_addr_reachable
                0x000000000020be90       0x44 obj_openmote-cc2538/uip-sr.o
                0x000000000020be90                uip_sr_is_addr_reachable
 .text.uip_sr_update_node
                0x000000000020bed4       0xa4 obj_openmote-cc2538/uip-sr.o
                0x000000000020bed4                uip_sr_update_node
 .text.uip_sr_init
                0x000000000020bf78       0x24 obj_openmote-cc2538/uip-sr.o
                0x000000000020bf78                uip_sr_init
 .text.uip_sr_node_head
                0x000000000020bf9c        0xc obj_openmote-cc2538/uip-sr.o
                0x000000000020bf9c                uip_sr_node_head
 .text.uip_sr_periodic
                0x000000000020bfa8       0x68 obj_openmote-cc2538/uip-sr.o
                0x000000000020bfa8                uip_sr_periodic
 .text.uip_sr_free_all
                0x000000000020c010       0x40 obj_openmote-cc2538/uip-sr.o
                0x000000000020c010                uip_sr_free_all
 .text.uip_ds6_prefix_add
                0x000000000020c050       0x64 obj_openmote-cc2538/uip-ds6.o
                0x000000000020c050                uip_ds6_prefix_add
 .text.uip_ds6_is_addr_onlink
                0x000000000020c0b4       0x40 obj_openmote-cc2538/uip-ds6.o
                0x000000000020c0b4                uip_ds6_is_addr_onlink
 .text.uip_ds6_addr_lookup
                0x000000000020c0f4       0x2c obj_openmote-cc2538/uip-ds6.o
                0x000000000020c0f4                uip_ds6_addr_lookup
 .text.uip_ds6_get_link_local
                0x000000000020c120       0x40 obj_openmote-cc2538/uip-ds6.o
                0x000000000020c120                uip_ds6_get_link_local
 .text.uip_ds6_maddr_add
                0x000000000020c160       0x4c obj_openmote-cc2538/uip-ds6.o
                0x000000000020c160                uip_ds6_maddr_add
 .text.uip_ds6_addr_add
                0x000000000020c1ac       0x94 obj_openmote-cc2538/uip-ds6.o
                0x000000000020c1ac                uip_ds6_addr_add
 .text.uip_ds6_maddr_lookup
                0x000000000020c240       0x2c obj_openmote-cc2538/uip-ds6.o
                0x000000000020c240                uip_ds6_maddr_lookup
 .text.uip_ds6_addr_rm
                0x000000000020c26c       0x44 obj_openmote-cc2538/uip-ds6.o
                0x000000000020c26c                uip_ds6_addr_rm
 .text.uip_ds6_periodic
                0x000000000020c2b0       0x4c obj_openmote-cc2538/uip-ds6.o
                0x000000000020c2b0                uip_ds6_periodic
 .text.uip_ds6_select_src
                0x000000000020c2fc       0x94 obj_openmote-cc2538/uip-ds6.o
                0x000000000020c2fc                uip_ds6_select_src
 .text.uip_ds6_compute_reachable_time
                0x000000000020c390       0x2c obj_openmote-cc2538/uip-ds6.o
                0x000000000020c390                uip_ds6_compute_reachable_time
 .text.uip_ds6_init
                0x000000000020c3bc       0xe0 obj_openmote-cc2538/uip-ds6.o
                0x000000000020c3bc                uip_ds6_init
 .text.uip_udp_packet_send
                0x000000000020c49c       0x34 obj_openmote-cc2538/uip-udp-packet.o
                0x000000000020c49c                uip_udp_packet_send
 .text.uip_ds6_route_init
                0x000000000020c4d0       0x1c obj_openmote-cc2538/uip-ds6-route.o
                0x000000000020c4d0                uip_ds6_route_init
 .text.uip_ds6_defrt_rm
                0x000000000020c4ec       0x38 obj_openmote-cc2538/uip-ds6-route.o
                0x000000000020c4ec                uip_ds6_defrt_rm
 .text.uip_ds6_defrt_lookup
                0x000000000020c524       0x34 obj_openmote-cc2538/uip-ds6-route.o
                0x000000000020c524                uip_ds6_defrt_lookup
 .text.uip_ds6_defrt_add
                0x000000000020c558       0x60 obj_openmote-cc2538/uip-ds6-route.o
                0x000000000020c558                uip_ds6_defrt_add
 .text.uip_ds6_defrt_choose
                0x000000000020c5b8       0x30 obj_openmote-cc2538/uip-ds6-route.o
                0x000000000020c5b8                uip_ds6_defrt_choose
 .text.uip_ds6_defrt_periodic
                0x000000000020c5e8       0x30 obj_openmote-cc2538/uip-ds6-route.o
                0x000000000020c5e8                uip_ds6_defrt_periodic
 .text.uip_ds6_nbr_rm
                0x000000000020c618       0x24 obj_openmote-cc2538/uip-ds6-nbr.o
                0x000000000020c618                uip_ds6_nbr_rm
 .text.uip_ds6_neighbors_init
                0x000000000020c63c       0x1c obj_openmote-cc2538/uip-ds6-nbr.o
                0x000000000020c63c                uip_ds6_neighbors_init
 .text.uip_ds6_nbr_add
                0x000000000020c658       0x44 obj_openmote-cc2538/uip-ds6-nbr.o
                0x000000000020c658                uip_ds6_nbr_add
 .text.uip_ds6_nbr_get_ll
                0x000000000020c69c       0x10 obj_openmote-cc2538/uip-ds6-nbr.o
                0x000000000020c69c                uip_ds6_nbr_get_ll
 .text.uip_ds6_nbr_head
                0x000000000020c6ac        0xc obj_openmote-cc2538/uip-ds6-nbr.o
                0x000000000020c6ac                uip_ds6_nbr_head
 .text.uip_ds6_nbr_next
                0x000000000020c6b8       0x10 obj_openmote-cc2538/uip-ds6-nbr.o
                0x000000000020c6b8                uip_ds6_nbr_next
 .text.uip_ds6_nbr_lookup
                0x000000000020c6c8       0x38 obj_openmote-cc2538/uip-ds6-nbr.o
                0x000000000020c6c8                uip_ds6_nbr_lookup
 .text.uip_ds6_nbr_ll_lookup
                0x000000000020c700       0x10 obj_openmote-cc2538/uip-ds6-nbr.o
                0x000000000020c700                uip_ds6_nbr_ll_lookup
 .text.tcpip_output
                0x000000000020c710       0x40 obj_openmote-cc2538/tcpip.o
                0x000000000020c710                tcpip_output
 .text.udp_new  0x000000000020c750       0x18 obj_openmote-cc2538/tcpip.o
                0x000000000020c750                udp_new
 .text.tcpip_input
                0x000000000020c768       0x34 obj_openmote-cc2538/tcpip.o
                0x000000000020c768                tcpip_input
 .text.tcpip_ipv6_output
                0x000000000020c79c       0xfc obj_openmote-cc2538/tcpip.o
                0x000000000020c79c                tcpip_ipv6_output
 .text.packet_input
                0x000000000020c898       0x20 obj_openmote-cc2538/tcpip.o
 .text.process_thread_tcpip_process
                0x000000000020c8b8       0xbc obj_openmote-cc2538/tcpip.o
 .text.tcpip_uipcall
                0x000000000020c974       0x2c obj_openmote-cc2538/tcpip.o
                0x000000000020c974                tcpip_uipcall
 .text.upper_layer_chksum
                0x000000000020c9a0       0x54 obj_openmote-cc2538/uip6.o
 .text.ext_hdr_options_process
                0x000000000020c9f4       0xc4 obj_openmote-cc2538/uip6.o
 .text.uip_init
                0x000000000020cab8       0x34 obj_openmote-cc2538/uip6.o
                0x000000000020cab8                uip_init
 .text.remove_ext_hdr
                0x000000000020caec       0x5c obj_openmote-cc2538/uip6.o
                0x000000000020caec                remove_ext_hdr
 .text.uip_udp_new
                0x000000000020cb48       0x8c obj_openmote-cc2538/uip6.o
                0x000000000020cb48                uip_udp_new
 .text.uip_process
                0x000000000020cbd4      0x48c obj_openmote-cc2538/uip6.o
                0x000000000020cbd4                uip_process
 .text.ns_input
                0x000000000020d060      0x264 obj_openmote-cc2538/uip-nd6.o
 .text.uip_nd6_init
                0x000000000020d2c4        0xc obj_openmote-cc2538/uip-nd6.o
                0x000000000020d2c4                uip_nd6_init
 .text.sicslowpan_init
                0x000000000020d2d0       0x18 obj_openmote-cc2538/sicslowpan.o
                0x000000000020d2d0                sicslowpan_init
 .text.set_packet_attrs
                0x000000000020d2e8       0x40 obj_openmote-cc2538/sicslowpan.o
 .text.compress_addr_64
                0x000000000020d328       0x90 obj_openmote-cc2538/sicslowpan.o
 .text.addr_context_lookup_by_prefix
                0x000000000020d3b8       0x24 obj_openmote-cc2538/sicslowpan.o
 .text.output   0x000000000020d3dc      0x620 obj_openmote-cc2538/sicslowpan.o
 .text.packet_sent
                0x000000000020d9fc       0x54 obj_openmote-cc2538/sicslowpan.o
 .text.uncompress_addr
                0x000000000020da50       0x90 obj_openmote-cc2538/sicslowpan.o
 .text.input    0x000000000020dae0      0x508 obj_openmote-cc2538/sicslowpan.o
 .text.update_state
                0x000000000020dfe8       0x8c obj_openmote-cc2538/rpl-nbr-policy.o
 .text.rpl_nbr_policy_find_removable
                0x000000000020e074       0x50 obj_openmote-cc2538/rpl-nbr-policy.o
                0x000000000020e074                rpl_nbr_policy_find_removable
 .text.remove_neighbor
                0x000000000020e0c4       0x3c obj_openmote-cc2538/rpl-neighbor.o
 .text.rpl_neighbor_get_from_lladdr
                0x000000000020e100       0x10 obj_openmote-cc2538/rpl-neighbor.o
                0x000000000020e100                rpl_neighbor_get_from_lladdr
 .text.rpl_neighbor_rank_via_nbr
                0x000000000020e110       0x18 obj_openmote-cc2538/rpl-neighbor.o
                0x000000000020e110                rpl_neighbor_rank_via_nbr
 .text.rpl_neighbor_get_lladdr
                0x000000000020e128       0x10 obj_openmote-cc2538/rpl-neighbor.o
                0x000000000020e128                rpl_neighbor_get_lladdr
 .text.best_parent
                0x000000000020e138       0x84 obj_openmote-cc2538/rpl-neighbor.o
 .text.rpl_neighbor_is_parent
                0x000000000020e1bc       0x18 obj_openmote-cc2538/rpl-neighbor.o
                0x000000000020e1bc                rpl_neighbor_is_parent
 .text.rpl_neighbor_set_preferred_parent
                0x000000000020e1d4       0x4c obj_openmote-cc2538/rpl-neighbor.o
                0x000000000020e1d4                rpl_neighbor_set_preferred_parent
 .text.rpl_neighbor_remove_all
                0x000000000020e220       0x2c obj_openmote-cc2538/rpl-neighbor.o
                0x000000000020e220                rpl_neighbor_remove_all
 .text.rpl_neighbor_get_from_ipaddr
                0x000000000020e24c       0x1c obj_openmote-cc2538/rpl-neighbor.o
                0x000000000020e24c                rpl_neighbor_get_from_ipaddr
 .text.rpl_neighbor_select_best
                0x000000000020e268       0x4c obj_openmote-cc2538/rpl-neighbor.o
                0x000000000020e268                rpl_neighbor_select_best
 .text.rpl_neighbor_init
                0x000000000020e2b4       0x14 obj_openmote-cc2538/rpl-neighbor.o
                0x000000000020e2b4                rpl_neighbor_init
 .text.init_dag
                0x000000000020e2c8       0x7c obj_openmote-cc2538/rpl-dag.o
 .text.init_dag_from_dio
                0x000000000020e344       0x84 obj_openmote-cc2538/rpl-dag.o
 .text.rpl_dag_get_root_ipaddr
                0x000000000020e3c8       0x30 obj_openmote-cc2538/rpl-dag.o
                0x000000000020e3c8                rpl_dag_get_root_ipaddr
 .text.rpl_dag_leave
                0x000000000020e3f8       0x54 obj_openmote-cc2538/rpl-dag.o
                0x000000000020e3f8                rpl_dag_leave
 .text.rpl_dag_poison_and_leave
                0x000000000020e44c       0x10 obj_openmote-cc2538/rpl-dag.o
                0x000000000020e44c                rpl_dag_poison_and_leave
 .text.rpl_dag_periodic
                0x000000000020e45c       0x48 obj_openmote-cc2538/rpl-dag.o
                0x000000000020e45c                rpl_dag_periodic
 .text.rpl_is_addr_in_our_dag
                0x000000000020e4a4       0x28 obj_openmote-cc2538/rpl-dag.o
                0x000000000020e4a4                rpl_is_addr_in_our_dag
 .text.rpl_get_any_dag
                0x000000000020e4cc       0x14 obj_openmote-cc2538/rpl-dag.o
                0x000000000020e4cc                rpl_get_any_dag
 .text.rpl_refresh_routes
                0x000000000020e4e0       0x24 obj_openmote-cc2538/rpl-dag.o
                0x000000000020e4e0                rpl_refresh_routes
 .text.rpl_local_repair
                0x000000000020e504       0x34 obj_openmote-cc2538/rpl-dag.o
                0x000000000020e504                rpl_local_repair
 .text.rpl_global_repair
                0x000000000020e538       0x48 obj_openmote-cc2538/rpl-dag.o
                0x000000000020e538                rpl_global_repair
 .text.rpl_dag_ready_to_advertise
                0x000000000020e580       0x24 obj_openmote-cc2538/rpl-dag.o
                0x000000000020e580                rpl_dag_ready_to_advertise
 .text.rpl_dag_update_state
                0x000000000020e5a4      0x128 obj_openmote-cc2538/rpl-dag.o
                0x000000000020e5a4                rpl_dag_update_state
 .text.rpl_process_dio
                0x000000000020e6cc      0x174 obj_openmote-cc2538/rpl-dag.o
                0x000000000020e6cc                rpl_process_dio
 .text.rpl_process_dis
                0x000000000020e840       0x2c obj_openmote-cc2538/rpl-dag.o
                0x000000000020e840                rpl_process_dis
 .text.rpl_process_dao
                0x000000000020e86c       0x4c obj_openmote-cc2538/rpl-dag.o
                0x000000000020e86c                rpl_process_dao
 .text.rpl_process_dao_ack
                0x000000000020e8b8       0x54 obj_openmote-cc2538/rpl-dag.o
                0x000000000020e8b8                rpl_process_dao_ack
 .text.rpl_dag_init_root
                0x000000000020e90c       0xa8 obj_openmote-cc2538/rpl-dag.o
                0x000000000020e90c                rpl_dag_init_root
 .text.rpl_dag_init
                0x000000000020e9b4       0x10 obj_openmote-cc2538/rpl-dag.o
                0x000000000020e9b4                rpl_dag_init
 .text.new_dio_interval
                0x000000000020e9c4       0x6c obj_openmote-cc2538/rpl-timers.o
 .text.handle_unicast_dio_timer
                0x000000000020ea30       0x1c obj_openmote-cc2538/rpl-timers.o
 .text.handle_dao_timer
                0x000000000020ea4c       0xdc obj_openmote-cc2538/rpl-timers.o
 .text.handle_dao_ack_timer
                0x000000000020eb28       0x14 obj_openmote-cc2538/rpl-timers.o
 .text.handle_leaving_timer
                0x000000000020eb3c       0x10 obj_openmote-cc2538/rpl-timers.o
 .text.handle_dio_timer
                0x000000000020eb4c       0x70 obj_openmote-cc2538/rpl-timers.o
 .text.rpl_timers_schedule_periodic_dis
                0x000000000020ebbc       0x38 obj_openmote-cc2538/rpl-timers.o
                0x000000000020ebbc                rpl_timers_schedule_periodic_dis
 .text.handle_dis_timer
                0x000000000020ebf4       0x34 obj_openmote-cc2538/rpl-timers.o
 .text.handle_periodic_timer
                0x000000000020ec28       0x48 obj_openmote-cc2538/rpl-timers.o
 .text.rpl_timers_dio_reset
                0x000000000020ec70       0x24 obj_openmote-cc2538/rpl-timers.o
                0x000000000020ec70                rpl_timers_dio_reset
 .text.rpl_timers_schedule_unicast_dio
                0x000000000020ec94       0x28 obj_openmote-cc2538/rpl-timers.o
                0x000000000020ec94                rpl_timers_schedule_unicast_dio
 .text.rpl_timers_schedule_dao
                0x000000000020ecbc       0x4c obj_openmote-cc2538/rpl-timers.o
                0x000000000020ecbc                rpl_timers_schedule_dao
 .text.rpl_timers_schedule_dao_ack
                0x000000000020ed08       0x48 obj_openmote-cc2538/rpl-timers.o
                0x000000000020ed08                rpl_timers_schedule_dao_ack
 .text.get_probing_delay
                0x000000000020ed50       0x34 obj_openmote-cc2538/rpl-timers.o
                0x000000000020ed50                get_probing_delay
 .text.get_probing_target
                0x000000000020ed84       0xc0 obj_openmote-cc2538/rpl-timers.o
                0x000000000020ed84                get_probing_target
 .text.rpl_schedule_probing
                0x000000000020ee44       0x28 obj_openmote-cc2538/rpl-timers.o
                0x000000000020ee44                rpl_schedule_probing
 .text.handle_probing_timer
                0x000000000020ee6c       0x30 obj_openmote-cc2538/rpl-timers.o
 .text.rpl_timers_unschedule_leaving
                0x000000000020ee9c       0x24 obj_openmote-cc2538/rpl-timers.o
                0x000000000020ee9c                rpl_timers_unschedule_leaving
 .text.rpl_timers_schedule_leaving
                0x000000000020eec0       0x30 obj_openmote-cc2538/rpl-timers.o
                0x000000000020eec0                rpl_timers_schedule_leaving
 .text.rpl_timers_init
                0x000000000020eef0       0x20 obj_openmote-cc2538/rpl-timers.o
                0x000000000020eef0                rpl_timers_init
 .text.rpl_timers_stop_dag_timers
                0x000000000020ef10       0x44 obj_openmote-cc2538/rpl-timers.o
                0x000000000020ef10                rpl_timers_stop_dag_timers
 .text.rpl_timers_unschedule_state_update
                0x000000000020ef54       0x14 obj_openmote-cc2538/rpl-timers.o
                0x000000000020ef54                rpl_timers_unschedule_state_update
 .text.rpl_timers_schedule_state_update
                0x000000000020ef68       0x1c obj_openmote-cc2538/rpl-timers.o
                0x000000000020ef68                rpl_timers_schedule_state_update
 .text.update_hbh_header
                0x000000000020ef84       0x60 obj_openmote-cc2538/rpl-ext-header.o
 .text.rpl_ext_header_srh_get_next_hop
                0x000000000020efe4       0xcc obj_openmote-cc2538/rpl-ext-header.o
                0x000000000020efe4                rpl_ext_header_srh_get_next_hop
 .text.rpl_ext_header_srh_update
                0x000000000020f0b0       0xe0 obj_openmote-cc2538/rpl-ext-header.o
                0x000000000020f0b0                rpl_ext_header_srh_update
 .text.rpl_ext_header_hbh_update
                0x000000000020f190       0xc0 obj_openmote-cc2538/rpl-ext-header.o
                0x000000000020f190                rpl_ext_header_hbh_update
 .text.rpl_ext_header_remove
                0x000000000020f250       0xa4 obj_openmote-cc2538/rpl-ext-header.o
                0x000000000020f250                rpl_ext_header_remove
 .text.rpl_ext_header_update
                0x000000000020f2f4      0x294 obj_openmote-cc2538/rpl-ext-header.o
                0x000000000020f2f4                rpl_ext_header_update
 .text.rpl_has_joined
                0x000000000020f588       0x18 obj_openmote-cc2538/rpl.o
                0x000000000020f588                rpl_has_joined
 .text.rpl_is_reachable
                0x000000000020f5a0       0x18 obj_openmote-cc2538/rpl.o
                0x000000000020f5a0                rpl_is_reachable
 .text.get_sr_node_ipaddr
                0x000000000020f5b8       0x2c obj_openmote-cc2538/rpl.o
 .text.set_ip_from_prefix
                0x000000000020f5e4       0x2c obj_openmote-cc2538/rpl.o
 .text.init     0x000000000020f610       0x40 obj_openmote-cc2538/rpl.o
 .text.rpl_link_callback
                0x000000000020f650       0x20 obj_openmote-cc2538/rpl.o
                0x000000000020f650                rpl_link_callback
 .text.rpl_get_global_address
                0x000000000020f670       0x64 obj_openmote-cc2538/rpl.o
                0x000000000020f670                rpl_get_global_address
 .text.rpl_reset_prefix
                0x000000000020f6d4       0x28 obj_openmote-cc2538/rpl.o
                0x000000000020f6d4                rpl_reset_prefix
 .text.rpl_set_prefix_from_addr
                0x000000000020f6fc       0x70 obj_openmote-cc2538/rpl.o
                0x000000000020f6fc                rpl_set_prefix_from_addr
 .text.update_metric_container
                0x000000000020f76c        0xc obj_openmote-cc2538/rpl-mrhof.o
 .text.within_hysteresis
                0x000000000020f778       0x3c obj_openmote-cc2538/rpl-mrhof.o
 .text.rank_via_nbr
                0x000000000020f7b4       0x30 obj_openmote-cc2538/rpl-mrhof.o
 .text.best_parent
                0x000000000020f7e4       0x70 obj_openmote-cc2538/rpl-mrhof.o
 .text.dao_ack_input
                0x000000000020f854       0x44 obj_openmote-cc2538/rpl-icmp6.o
 .text.dao_input
                0x000000000020f898      0x114 obj_openmote-cc2538/rpl-icmp6.o
 .text.dio_input
                0x000000000020f9ac      0x224 obj_openmote-cc2538/rpl-icmp6.o
 .text.dis_input
                0x000000000020fbd0       0x3c obj_openmote-cc2538/rpl-icmp6.o
 .text.rpl_icmp6_dis_output
                0x000000000020fc0c       0x38 obj_openmote-cc2538/rpl-icmp6.o
                0x000000000020fc0c                rpl_icmp6_dis_output
 .text.rpl_icmp6_dio_output
                0x000000000020fc44      0x190 obj_openmote-cc2538/rpl-icmp6.o
                0x000000000020fc44                rpl_icmp6_dio_output
 .text.rpl_icmp6_dao_output
                0x000000000020fdd4       0xc4 obj_openmote-cc2538/rpl-icmp6.o
                0x000000000020fdd4                rpl_icmp6_dao_output
 .text.rpl_icmp6_dao_ack_output
                0x000000000020fe98       0x44 obj_openmote-cc2538/rpl-icmp6.o
                0x000000000020fe98                rpl_icmp6_dao_ack_output
 .text.rpl_icmp6_init
                0x000000000020fedc       0x30 obj_openmote-cc2538/rpl-icmp6.o
                0x000000000020fedc                rpl_icmp6_init
 .text.rpl_dag_root_set_prefix
                0x000000000020ff0c       0xb4 obj_openmote-cc2538/rpl-dag-root.o
                0x000000000020ff0c                rpl_dag_root_set_prefix
 .text.rpl_dag_root_start
                0x000000000020ffc0       0xa0 obj_openmote-cc2538/rpl-dag-root.o
                0x000000000020ffc0                rpl_dag_root_start
 .text.rpl_dag_root_is_root
                0x0000000000210060       0x18 obj_openmote-cc2538/rpl-dag-root.o
                0x0000000000210060                rpl_dag_root_is_root
 .text.handle_incoming_resource
                0x0000000000210078      0x228 coap-example-server.o
                0x0000000000210078                handle_incoming_resource
 .text.process_thread_er_example_server
                0x00000000002102a0      0x1fc coap-example-server.o
 .text          0x000000000021049c       0xa0 /usr/lib/gcc/arm-none-eabi/5.4.1/armv7-m/libgcc.a(_aeabi_ldivmod.o)
                0x000000000021049c                __aeabi_ldivmod
 .text          0x000000000021053c       0x30 /usr/lib/gcc/arm-none-eabi/5.4.1/armv7-m/libgcc.a(_aeabi_uldivmod.o)
                0x000000000021053c                __aeabi_uldivmod
 .text          0x000000000021056c      0x2ec /usr/lib/gcc/arm-none-eabi/5.4.1/armv7-m/libgcc.a(_udivmoddi4.o)
                0x000000000021056c                __udivmoddi4
 .text          0x0000000000210858        0x4 /usr/lib/gcc/arm-none-eabi/5.4.1/armv7-m/libgcc.a(_dvmd_tls.o)
                0x0000000000210858                __aeabi_ldiv0
                0x0000000000210858                __aeabi_idiv0
 .text          0x000000000021085c       0x10 /usr/lib/gcc/arm-none-eabi/5.4.1/../../../arm-none-eabi/lib/armv7-m/libc.a(lib_a-atoi.o)
                0x000000000021085c                atoi
                0x0000000000210864                _atoi_r
 .text          0x000000000021086c       0x64 /usr/lib/gcc/arm-none-eabi/5.4.1/../../../arm-none-eabi/lib/armv7-m/libc.a(lib_a-memcmp.o)
                0x000000000021086c                memcmp
 .text          0x00000000002108d0       0xec /usr/lib/gcc/arm-none-eabi/5.4.1/../../../arm-none-eabi/lib/armv7-m/libc.a(lib_a-memcpy.o)
                0x00000000002108d0                memcpy
 .text          0x00000000002109bc       0xc8 /usr/lib/gcc/arm-none-eabi/5.4.1/../../../arm-none-eabi/lib/armv7-m/libc.a(lib_a-memmove.o)
                0x00000000002109bc                memmove
 .text          0x0000000000210a84       0x9c /usr/lib/gcc/arm-none-eabi/5.4.1/../../../arm-none-eabi/lib/armv7-m/libc.a(lib_a-memset.o)
                0x0000000000210a84                memset
 .text          0x0000000000210b20       0x54 /usr/lib/gcc/arm-none-eabi/5.4.1/../../../arm-none-eabi/lib/armv7-m/libc.a(lib_a-rand.o)
                0x0000000000210b20                srand
                0x0000000000210b34                rand
 .text          0x0000000000210b74       0x40 /usr/lib/gcc/arm-none-eabi/5.4.1/../../../arm-none-eabi/lib/armv7-m/libc.a(lib_a-strcat.o)
                0x0000000000210b74                strcat
 .text          0x0000000000210bb4       0xd0 /usr/lib/gcc/arm-none-eabi/5.4.1/../../../arm-none-eabi/lib/armv7-m/libc.a(lib_a-strchr.o)
                0x0000000000210bb4                strchr
 .text          0x0000000000210c84      0x1bc /usr/lib/gcc/arm-none-eabi/5.4.1/../../../arm-none-eabi/lib/armv7-m/libc.a(lib_a-strcmp.o)
                0x0000000000210c84                strcmp
 .text          0x0000000000210e40       0xbc /usr/lib/gcc/arm-none-eabi/5.4.1/../../../arm-none-eabi/lib/armv7-m/libc.a(lib_a-strcpy.o)
                0x0000000000210e40                strcpy
 .text          0x0000000000210efc       0x5c /usr/lib/gcc/arm-none-eabi/5.4.1/../../../arm-none-eabi/lib/armv7-m/libc.a(lib_a-strlen-stub.o)
                0x0000000000210efc                strlen
 .text          0x0000000000210f58       0x9c /usr/lib/gcc/arm-none-eabi/5.4.1/../../../arm-none-eabi/lib/armv7-m/libc.a(lib_a-strncmp.o)
                0x0000000000210f58                strncmp
 .text          0x0000000000210ff4       0x68 /usr/lib/gcc/arm-none-eabi/5.4.1/../../../arm-none-eabi/lib/armv7-m/libc.a(lib_a-strncpy.o)
                0x0000000000210ff4                strncpy
 .text          0x000000000021105c       0x10 /usr/lib/gcc/arm-none-eabi/5.4.1/../../../arm-none-eabi/lib/armv7-m/libc.a(lib_a-strtok.o)
                0x000000000021105c                strtok
 .text          0x000000000021106c       0x6c /usr/lib/gcc/arm-none-eabi/5.4.1/../../../arm-none-eabi/lib/armv7-m/libc.a(lib_a-strtok_r.o)
                0x000000000021106c                __strtok_r
                0x00000000002110d0                strtok_r