Archive member included to satisfy reference by file (symbol)

obj_cooja/mtype658.a(simEnvChange.o)
                              obj_cooja/mtype658.o (simDontFallAsleep)
obj_cooja/mtype658.a(cooja_mt.o)
                              obj_cooja/mtype658.o (cooja_mt_start)
obj_cooja/mtype658.a(cooja_mtarch.o)
                              obj_cooja/mtype658.a(cooja_mt.o) (cooja_mtarch_start)
obj_cooja/mtype658.a(rtimer-arch.o)
                              obj_cooja/mtype658.o (rtimer_arch_check)
obj_cooja/mtype658.a(beep.o)  obj_cooja/mtype658.o (beep_interface)
obj_cooja/mtype658.a(button-sensor.o)
                              obj_cooja/mtype658.o (button_interface)
obj_cooja/mtype658.a(leds-arch.o)
                              obj_cooja/mtype658.o (leds_interface)
obj_cooja/mtype658.a(moteid.o)
                              obj_cooja/mtype658.o (moteid_interface)
obj_cooja/mtype658.a(pir-sensor.o)
                              obj_cooja/mtype658.o (pir_interface)
obj_cooja/mtype658.a(rs232.o)
                              obj_cooja/mtype658.o (rs232_interface)
obj_cooja/mtype658.a(vib-sensor.o)
                              obj_cooja/mtype658.o (vib_interface)
obj_cooja/mtype658.a(clock.o)
                              obj_cooja/mtype658.o (clock_interface)
obj_cooja/mtype658.a(cooja-log.o)
                              obj_cooja/mtype658.o (simlog_interface)
obj_cooja/mtype658.a(cfs-cooja.o)
                              obj_cooja/mtype658.o (cfs_interface)
obj_cooja/mtype658.a(cooja-radio.o)
                              obj_cooja/mtype658.o (radio_interface)
obj_cooja/mtype658.a(eeprom.o)
                              obj_cooja/mtype658.o (eeprom_interface)
obj_cooja/mtype658.a(random.o)
                              obj_cooja/mtype658.a(moteid.o) (random_init)
obj_cooja/mtype658.a(sensors.o)
                              obj_cooja/mtype658.a(button-sensor.o) (sensors_changed)
obj_cooja/mtype658.a(contiki-main.o)
                              obj_cooja/mtype658.o (main)
obj_cooja/mtype658.a(autostart.o)
                              obj_cooja/mtype658.a(contiki-main.o) (autostart_start)
obj_cooja/mtype658.a(energest.o)
                              obj_cooja/mtype658.a(contiki-main.o) (energest_init)
obj_cooja/mtype658.a(etimer.o)
                              obj_cooja/mtype658.a(contiki-main.o) (etimer_process)
obj_cooja/mtype658.a(log.o)   obj_cooja/mtype658.o (curr_log_level_main)
obj_cooja/mtype658.a(ctimer.o)
                              obj_cooja/mtype658.a(contiki-main.o) (ctimer_init)
obj_cooja/mtype658.a(process.o)
                              obj_cooja/mtype658.a(etimer.o) (process_current)
obj_cooja/mtype658.a(rtimer.o)
                              obj_cooja/mtype658.a(contiki-main.o) (rtimer_init)
obj_cooja/mtype658.a(timer.o)
                              obj_cooja/mtype658.a(button-sensor.o) (timer_set)
obj_cooja/mtype658.a(serial-line.o)
                              obj_cooja/mtype658.a(rs232.o) (serial_line_input_byte)
obj_cooja/mtype658.a(list.o)  obj_cooja/mtype658.a(ctimer.o) (list_init)
obj_cooja/mtype658.a(ringbuf.o)
                              obj_cooja/mtype658.a(serial-line.o) (ringbuf_init)
obj_cooja/mtype658.a(packetbuf.o)
                              obj_cooja/mtype658.a(cooja-radio.o) (packetbuf_clear)
obj_cooja/mtype658.a(netstack.o)
                              obj_cooja/mtype658.a(contiki-main.o) (netstack_init)
obj_cooja/mtype658.a(linkaddr.o)
                              obj_cooja/mtype658.a(contiki-main.o) (linkaddr_node_addr)
obj_cooja/mtype658.a(csma.o)  obj_cooja/mtype658.a(cooja-radio.o) (csma_driver)
obj_cooja/mtype658.a(csma-output.o)
                              obj_cooja/mtype658.a(csma.o) (csma_output_packet)
obj_cooja/mtype658.a(uipbuf.o)
                              udp-client.o (uipbuf_get_attr)
obj_cooja/mtype658.a(uip-ds6.o)
                              obj_cooja/mtype658.a(contiki-main.o) (uip_ds6_get_link_local)
obj_cooja/mtype658.a(uip-ds6-route.o)
                              obj_cooja/mtype658.a(uip-ds6.o) (uip_ds6_route_init)
obj_cooja/mtype658.a(uip-ds6-nbr.o)
                              obj_cooja/mtype658.a(uip-ds6.o) (uip_ds6_neighbors_init)
obj_cooja/mtype658.a(tcpip.o)
                              obj_cooja/mtype658.a(contiki-main.o) (tcpip_process)
obj_cooja/mtype658.a(uip6.o)  obj_cooja/mtype658.a(contiki-main.o) (uip_lladdr)
obj_cooja/mtype658.a(uip-nd6.o)
                              obj_cooja/mtype658.a(uip6.o) (uip_nd6_init)
obj_cooja/mtype658.a(simple-udp.o)
                              udp-client.o (simple_udp_sendto)
obj_cooja/mtype658.a(sicslowpan.o)
                              obj_cooja/mtype658.a(contiki-main.o) (sicslowpan_driver)
obj_cooja/mtype658.a(rpl.o)   udp-client.o (rpl_lite_driver)
obj_cooja/mtype658.a(rpl-icmp6.o)
                              obj_cooja/mtype658.a(rpl.o) (rpl_icmp6_init)
obj_cooja/mtype658.a(rpl-dag-root.o)
[...]
Memory Configuration

Name             Origin             Length             Attributes
*default*        0x0000000000000000 0xffffffffffffffff

Linker script and memory map

LOAD /usr/lib/gcc/x86_64-linux-gnu/6/../../../x86_64-linux-gnu/crti.o
LOAD /usr/lib/gcc/x86_64-linux-gnu/6/crtbeginS.o
LOAD udp-client.o
LOAD obj_cooja/mtype658.o
LOAD obj_cooja/mtype658.a
LOAD /usr/lib/gcc/x86_64-linux-gnu/6/libgcc.a
LOAD /usr/lib/gcc/x86_64-linux-gnu/6/libgcc_s.so
START GROUP
LOAD /usr/lib/gcc/x86_64-linux-gnu/6/libgcc_s.so.1
LOAD /usr/lib/gcc/x86_64-linux-gnu/6/libgcc.a
END GROUP
LOAD /usr/lib/gcc/x86_64-linux-gnu/6/../../../x86_64-linux-gnu/libc.so
START GROUP
LOAD /lib/x86_64-linux-gnu/libc.so.6
LOAD /usr/lib/x86_64-linux-gnu/libc_nonshared.a
LOAD /lib/x86_64-linux-gnu/ld-linux-x86-64.so.2
END GROUP
LOAD /usr/lib/gcc/x86_64-linux-gnu/6/libgcc.a
LOAD /usr/lib/gcc/x86_64-linux-gnu/6/libgcc_s.so
START GROUP
LOAD /usr/lib/gcc/x86_64-linux-gnu/6/libgcc_s.so.1
LOAD /usr/lib/gcc/x86_64-linux-gnu/6/libgcc.a
END GROUP
LOAD /usr/lib/gcc/x86_64-linux-gnu/6/crtendS.o
LOAD /usr/lib/gcc/x86_64-linux-gnu/6/../../../x86_64-linux-gnu/crtn.o
                0x00000000000001c8                . = (SEGMENT_START ("text-segment", 0x0) + SIZEOF_HEADERS)

.note.gnu.build-id
                0x00000000000001c8       0x24
 *(.note.gnu.build-id)
 .note.gnu.build-id
                0x00000000000001c8       0x24 /usr/lib/gcc/x86_64-linux-gnu/6/../../../x86_64-linux-gnu/crti.o

.hash
 *(.hash)

.gnu.hash       0x00000000000001f0     0x1300
 *(.gnu.hash)
 .gnu.hash      0x00000000000001f0     0x1300 /usr/lib/gcc/x86_64-linux-gnu/6/../../../x86_64-linux-gnu/crti.o

.dynsym         0x00000000000014f0     0x3648
 *(.dynsym)
 .dynsym        0x00000000000014f0     0x3648 /usr/lib/gcc/x86_64-linux-gnu/6/../../../x86_64-linux-gnu/crti.o

.dynstr         0x0000000000004b38     0x27cd
 *(.dynstr)
 .dynstr        0x0000000000004b38     0x27cd /usr/lib/gcc/x86_64-linux-gnu/6/../../../x86_64-linux-gnu/crti.o

.gnu.version    0x0000000000007306      0x486
 *(.gnu.version)
 .gnu.version   0x0000000000007306      0x486 /usr/lib/gcc/x86_64-linux-gnu/6/../../../x86_64-linux-gnu/crti.o

.gnu.version_d  0x0000000000007790        0x0
 *(.gnu.version_d)
 .gnu.version_d
                0x0000000000007790        0x0 /usr/lib/gcc/x86_64-linux-gnu/6/../../../x86_64-linux-gnu/crti.o

.gnu.version_r  0x0000000000007790       0x30
 *(.gnu.version_r)
 .gnu.version_r
                0x0000000000007790       0x30 /usr/lib/gcc/x86_64-linux-gnu/6/../../../x86_64-linux-gnu/crti.o

.rela.dyn       0x00000000000077c0     0x1c98
 *(.rela.init)
 *(.rela.text .rela.text.* .rela.gnu.linkonce.t.*)
 .rela.text     0x00000000000077c0        0x0 /usr/lib/gcc/x86_64-linux-gnu/6/../../../x86_64-linux-gnu/crti.o
 *(.rela.fini)
 *(.rela.rodata .rela.rodata.* .rela.gnu.linkonce.r.*)
 *(.rela.data .rela.data.* .rela.gnu.linkonce.d.*)
 .rela.data.rel.local
                0x00000000000077c0      0x618 /usr/lib/gcc/x86_64-linux-gnu/6/../../../x86_64-linux-gnu/crti.o
 .rela.data.rel.ro
                0x0000000000007dd8      0x270 /usr/lib/gcc/x86_64-linux-gnu/6/../../../x86_64-linux-gnu/crti.o
 .rela.data.rel
                0x0000000000008048      0x378 /usr/lib/gcc/x86_64-linux-gnu/6/../../../x86_64-linux-gnu/crti.o
 .rela.data.rel.ro.local
                0x00000000000083c0      0x588 /usr/lib/gcc/x86_64-linux-gnu/6/../../../x86_64-linux-gnu/crti.o
 *(.rela.tdata .rela.tdata.* .rela.gnu.linkonce.td.*)
 *(.rela.tbss .rela.tbss.* .rela.gnu.linkonce.tb.*)
 *(.rela.ctors)
 *(.rela.dtors)
 *(.rela.got)
 .rela.got      0x0000000000008948      0xae0 /usr/lib/gcc/x86_64-linux-gnu/6/../../../x86_64-linux-gnu/crti.o
 *(.rela.bss .rela.bss.* .rela.gnu.linkonce.b.*)
 *(.rela.ldata .rela.ldata.* .rela.gnu.linkonce.l.*)
 *(.rela.lbss .rela.lbss.* .rela.gnu.linkonce.lb.*)
 *(.rela.lrodata .rela.lrodata.* .rela.gnu.linkonce.lr.*)
 *(.rela.ifunc)
 .rela.fini_array
                0x0000000000009428       0x18 /usr/lib/gcc/x86_64-linux-gnu/6/../../../x86_64-linux-gnu/crti.o
 .rela.init_array
                0x0000000000009440       0x18 /usr/lib/gcc/x86_64-linux-gnu/6/../../../x86_64-linux-gnu/crti.o

.rela.plt       0x0000000000009458     0x1ae8
 *(.rela.plt)
 .rela.plt      0x0000000000009458     0x1ae8 /usr/lib/gcc/x86_64-linux-gnu/6/../../../x86_64-linux-gnu/crti.o
 *(.rela.iplt)

.init           0x000000000000af40       0x17
 *(SORT(.init))
 .init          0x000000000000af40       0x12 /usr/lib/gcc/x86_64-linux-gnu/6/../../../x86_64-linux-gnu/crti.o
                0x000000000000af40                _init
 .init          0x000000000000af52        0x5 /usr/lib/gcc/x86_64-linux-gnu/6/../../../x86_64-linux-gnu/crtn.o

.plt            0x000000000000af60     0x1200
 *(.plt)
 .plt           0x000000000000af60     0x1200 /usr/lib/gcc/x86_64-linux-gnu/6/../../../x86_64-linux-gnu/crti.o
 *(.iplt)

.plt.got        0x000000000000c160       0x18
 *(.plt.got)
 .plt.got       0x000000000000c160       0x18 /usr/lib/gcc/x86_64-linux-gnu/6/../../../x86_64-linux-gnu/crti.o

.plt.bnd
 *(.plt.bnd)

.text           0x000000000000c180    0x15de7
 *(.text.unlikely .text.*_unlikely .text.unlikely.*)
 *(.text.exit .text.exit.*)
 *(.text.startup .text.startup.*)
 *(.text.hot .text.hot.*)
 *(.text .stub .text.* .gnu.linkonce.t.*)
 .text          0x000000000000c180        0x0 /usr/lib/gcc/x86_64-linux-gnu/6/../../../x86_64-linux-gnu/crti.o
 .text          0x000000000000c180      0x100 /usr/lib/gcc/x86_64-linux-gnu/6/crtbeginS.o
 .text          0x000000000000c280      0x2b0 udp-client.o
 .text          0x000000000000c530      0x3b8 obj_cooja/mtype658.o
                0x000000000000c5b9                platform_init_stage_one
                0x000000000000c5c0                platform_init_stage_two
                0x000000000000c5cc                platform_init_stage_three
                0x000000000000c673                platform_main_loop
                0x000000000000c709                Java_org_contikios_cooja_corecomm_Lib3_init
                0x000000000000c74c                Java_org_contikios_cooja_corecomm_Lib3_getMemory
                0x000000000000c7a4                Java_org_contikios_cooja_corecomm_Lib3_setMemory
                0x000000000000c831                Java_org_contikios_cooja_corecomm_Lib3_tick
                0x000000000000c8ba                Java_org_contikios_cooja_corecomm_Lib3_setReferenceAddress
 .text          0x000000000000c8e8       0x89 obj_cooja/mtype658.a(simEnvChange.o)
                0x000000000000c8e8                doActionsBeforeTick
                0x000000000000c92c                doActionsAfterTick
 .text          0x000000000000c971       0x9f obj_cooja/mtype658.a(cooja_mt.o)
                0x000000000000c971                cooja_mt_start
                0x000000000000c9ad                cooja_mt_exec
                0x000000000000c9ec                cooja_mt_yield
 .text          0x000000000000ca10       0xfe obj_cooja/mtype658.a(cooja_mtarch.o)
                0x000000000000ca10                cooja_mtarch_start
                0x000000000000caaf                cooja_sw
                0x000000000000cad8                cooja_mtarch_exec
                0x000000000000cb02                cooja_mtarch_yield
 .text          0x000000000000cb0e       0xb4 obj_cooja/mtype658.a(rtimer-arch.o)
                0x000000000000cb0e                rtimer_arch_init
                0x000000000000cb30                rtimer_arch_schedule
                0x000000000000cb56                rtimer_arch_next
                0x000000000000cb66                rtimer_arch_pending
                0x000000000000cb75                rtimer_arch_check
                0x000000000000cbb2                rtimer_arch_now
 .text          0x000000000000cbc2       0xba obj_cooja/mtype658.a(beep.o)
                0x000000000000cbc2                beep_alarm
                0x000000000000cbd9                beep_beep
                0x000000000000cbed                beep
                0x000000000000cbfe                beep_down
                0x000000000000cc12                beep_on
                0x000000000000cc23                beep_off
                0x000000000000cc34                beep_spinup
                0x000000000000cc45                beep_quick
                0x000000000000cc59                beep_long
 .text          0x000000000000cc7c      0x12d obj_cooja/mtype658.a(button-sensor.o)
 .text          0x000000000000cda9       0x57 obj_cooja/mtype658.a(leds-arch.o)
                0x000000000000cda9                leds_arch_init
                0x000000000000cdba                leds_arch_get
                0x000000000000cdca                leds_arch_set
 .text          0x000000000000ce00       0x39 obj_cooja/mtype658.a(moteid.o)
 .text          0x000000000000ce39       0xe5 obj_cooja/mtype658.a(pir-sensor.o)
 .text          0x000000000000cf1e      0x175 obj_cooja/mtype658.a(rs232.o)
                0x000000000000cf1e                rs232_init
                0x000000000000cf25                rs232_set_speed
                0x000000000000cf31                rs232_set_input
                0x000000000000cf47                rs232_send
                0x000000000000cf6e                rs232_print
                0x000000000000cf95                slip_arch_writeb
 .text          0x000000000000d093       0xe5 obj_cooja/mtype658.a(vib-sensor.o)
 .text          0x000000000000d178       0x57 obj_cooja/mtype658.a(clock.o)
                0x000000000000d178                clock_init
                0x000000000000d17f                clock_time
                0x000000000000d18f                clock_seconds
                0x000000000000d1b7                clock_delay
 .text          0x000000000000d1cf      0x2e5 obj_cooja/mtype658.a(cooja-log.o)
                0x000000000000d1cf                simlog_char
                0x000000000000d228                simlog
                0x000000000000d2c7                log_message
                0x000000000000d300                log_set_putchar_with_slip
                0x000000000000d313                log_putchar
                0x000000000000d393                log_puts
                0x000000000000d3bc                log_printf
 .text          0x000000000000d4b4      0x373 obj_cooja/mtype658.a(cfs-cooja.o)
                0x000000000000d4b4                cfs_open
                0x000000000000d52d                cfs_close
                0x000000000000d53e                cfs_read
                0x000000000000d602                cfs_write
                0x000000000000d711                cfs_seek
                0x000000000000d7bc                cfs_remove
                0x000000000000d7e8                cfs_opendir
                0x000000000000d7fb                cfs_readdir
                0x000000000000d80e                cfs_closedir
 .text          0x000000000000d827      0x6f6 obj_cooja/mtype658.a(cooja-radio.o)
                0x000000000000d876                radio_set_channel
                0x000000000000d88c                radio_set_txpower
                0x000000000000d8a5                radio_signal_strength_last
                0x000000000000d8b4                radio_signal_strength_current
                0x000000000000d8c3                radio_LQI
 .text          0x000000000000df1d      0x125 obj_cooja/mtype658.a(eeprom.o)
                0x000000000000df1d                eeprom_init
                0x000000000000df24                eeprom_read
                0x000000000000dfac                eeprom_write
 .text          0x000000000000e042       0x27 obj_cooja/mtype658.a(random.o)
                0x000000000000e042                random_init
                0x000000000000e05e                random_rand
 .text          0x000000000000e069      0x340 obj_cooja/mtype658.a(sensors.o)
                0x000000000000e0ae                sensors_first
                0x000000000000e0be                sensors_next
                0x000000000000e0e9                sensors_changed
                0x000000000000e132                sensors_find
 .text          0x000000000000e3a9      0x27b obj_cooja/mtype658.a(contiki-main.o)
                0x000000000000e3a9                main
 .text          0x000000000000e624       0xb3 obj_cooja/mtype658.a(autostart.o)
                0x000000000000e624                autostart_start
                0x000000000000e680                autostart_exit
 .text          0x000000000000e6d7       0x19 obj_cooja/mtype658.a(energest.o)
                0x000000000000e6d7                energest_init
                0x000000000000e6de                energest_flush
                0x000000000000e6e5                energest_get_total_time
 .text          0x000000000000e6f0      0x53f obj_cooja/mtype658.a(etimer.o)
                0x000000000000e98f                etimer_request_poll
                0x000000000000ea39                etimer_set
                0x000000000000ea6b                etimer_reset_with_new_interval
                0x000000000000eaa2                etimer_reset
                0x000000000000eac9                etimer_restart
                0x000000000000eaf0                etimer_adjust
                0x000000000000eb1d                etimer_expired
                0x000000000000eb38                etimer_expiration_time
                0x000000000000eb54                etimer_start_time
                0x000000000000eb65                etimer_pending
                0x000000000000eb7b                etimer_next_expiration_time
                0x000000000000eb98                etimer_stop
 .text          0x000000000000ec2f      0x581 obj_cooja/mtype658.a(log.o)
                0x000000000000ec2f                log_6addr
                0x000000000000edaa                log_6addr_compact
                0x000000000000ee9b                log_lladdr
                0x000000000000ef18                log_lladdr_compact
                0x000000000000ef8f                log_set_level
                0x000000000000f096                log_get_level
                0x000000000000f149                log_level_to_str
 .text          0x000000000000f1b0      0x421 obj_cooja/mtype658.a(ctimer.o)
                0x000000000000f30e                ctimer_init
                0x000000000000f33f                ctimer_set
                0x000000000000f37f                ctimer_set_with_process
                0x000000000000f435                ctimer_reset
                0x000000000000f4a2                ctimer_restart
                0x000000000000f50f                ctimer_stop
                0x000000000000f569                ctimer_expired
 .text          0x000000000000f5d1      0x641 obj_cooja/mtype658.a(process.o)
                0x000000000000f5d1                process_alloc_event
                0x000000000000f5e7                process_start
                0x000000000000f84c                process_exit
                0x000000000000f874                process_init
                0x000000000000fa64                process_run
                0x000000000000fa95                process_nevents
                0x000000000000fab1                process_post
                0x000000000000fb75                process_post_synch
                0x000000000000fbbf                process_poll
                0x000000000000fbf8                process_is_running
 .text          0x000000000000fc12       0xf6 obj_cooja/mtype658.a(rtimer.o)
                0x000000000000fc12                rtimer_init
                0x000000000000fc1e                rtimer_set
                0x000000000000fc9b                rtimer_run_next
 .text          0x000000000000fd08       0xdf obj_cooja/mtype658.a(timer.o)
                0x000000000000fd08                timer_set
                0x000000000000fd36                timer_reset
                0x000000000000fd5a                timer_restart
                0x000000000000fd78                timer_expired
                0x000000000000fdb5                timer_remaining
 .text          0x000000000000fde7      0x20c obj_cooja/mtype658.a(serial-line.o)
                0x000000000000fde7                serial_line_input_byte
                0x000000000000ffc0                serial_line_init
 .text          0x000000000000fff3      0x324 obj_cooja/mtype658.a(list.o)
                0x000000000000fff3                list_init
                0x0000000000010009                list_head
                0x000000000001001a                list_copy
                0x0000000000010037                list_tail
                0x000000000001007c                list_add
                0x00000000000100dc                list_push
                0x000000000001011b                list_chop
                0x00000000000101a4                list_pop
                0x00000000000101da                list_remove
                0x0000000000010262                list_length
                0x0000000000010299                list_insert
                0x00000000000102f8                list_item_next
 .text          0x0000000000010317      0x189 obj_cooja/mtype658.a(ringbuf.o)
                0x0000000000010317                ringbuf_init
                0x0000000000010354                ringbuf_put
                0x00000000000103df                ringbuf_get
                0x0000000000010459                ringbuf_size
                0x0000000000010471                ringbuf_elements
 .text          0x00000000000104a0      0x457 obj_cooja/mtype658.a(packetbuf.o)
                0x00000000000104a0                packetbuf_clear
                0x00000000000104ca                packetbuf_copyfrom
                0x0000000000010520                packetbuf_copyto
                0x00000000000105c3                packetbuf_hdralloc
                0x000000000001064d                packetbuf_hdrreduce
                0x0000000000010699                packetbuf_set_datalen
                0x00000000000106b1                packetbuf_dataptr
                0x00000000000106d3                packetbuf_hdrptr
                0x00000000000106e0                packetbuf_datalen
                0x00000000000106ed                packetbuf_hdrlen
                0x0000000000010705                packetbuf_totlen
                0x0000000000010724                packetbuf_remaininglen
                0x0000000000010738                packetbuf_attr_clear
                0x0000000000010798                packetbuf_attr_copyto
                0x00000000000107df                packetbuf_attr_copyfrom
                0x0000000000010826                packetbuf_set_attr
                0x0000000000010852                packetbuf_attr
                0x000000000001086f                packetbuf_set_addr
                0x00000000000108b1                packetbuf_addr
                0x00000000000108d7                packetbuf_holds_broadcast
 .text          0x00000000000108f7      0x11b obj_cooja/mtype658.a(netstack.o)
                0x00000000000108f7                netstack_process_ip_callback
                0x0000000000010994                netstack_ip_packet_processor_add
                0x00000000000109c0                uip_ds6_ip_packet_processor_rm
                0x00000000000109e5                netstack_init
 .text          0x0000000000010a12       0x74 obj_cooja/mtype658.a(linkaddr.o)
                0x0000000000010a12                linkaddr_copy
                0x0000000000010a2f                linkaddr_cmp
                0x0000000000010a61                linkaddr_set_node_addr
 .text          0x0000000000010a86      0x173 obj_cooja/mtype658.a(csma.o)
 .text          0x0000000000010bf9      0xa36 obj_cooja/mtype658.a(csma-output.o)
                0x0000000000011346                csma_output_packet
                0x00000000000115ff                csma_output_init
 .text          0x000000000001162f      0x220 obj_cooja/mtype658.a(uipbuf.o)
                0x000000000001162f                uipbuf_get_next_header
                0x00000000000116b1                uipbuf_get_last_header
                0x0000000000011755                uipbuf_get_attr
                0x0000000000011782                uipbuf_set_attr
                0x00000000000117be                uipbuf_clear_attr
                0x00000000000117ea                uipbuf_set_attr_flag
                0x0000000000011809                uipbuf_clr_attr_flag
                0x000000000001182e                uipbuf_is_attr_flag
 .text          0x000000000001184f      0xd4a obj_cooja/mtype658.a(uip-ds6.o)
                0x000000000001184f                uip_ds6_init
                0x0000000000011a29                uip_ds6_periodic
                0x0000000000011ac7                uip_ds6_list_loop
                0x0000000000011ba9                uip_ds6_prefix_add
                0x0000000000011c75                uip_ds6_prefix_rm
                0x0000000000011c8f                uip_ds6_prefix_lookup
                0x0000000000011ce2                uip_ds6_is_addr_onlink
                0x0000000000011d72                uip_ds6_addr_add
                0x0000000000011eb3                uip_ds6_addr_rm
                0x0000000000011f67                uip_ds6_addr_lookup
                0x0000000000011fb5                uip_ds6_get_link_local
                0x0000000000012056                uip_ds6_get_global
                0x00000000000120f7                uip_ds6_maddr_add
                0x000000000001216c                uip_ds6_maddr_rm
                0x0000000000012186                uip_ds6_maddr_lookup
                0x00000000000121d7                uip_ds6_aaddr_add
                0x000000000001224c                uip_ds6_aaddr_rm
                0x0000000000012266                uip_ds6_aaddr_lookup
                0x00000000000122b7                uip_ds6_select_src
                0x000000000001243d                uip_ds6_set_addr_iid
                0x0000000000012472                uip_ds6_set_lladdr_from_iid
                0x00000000000124a5                get_match_length
                0x000000000001254f                uip_ds6_compute_reachable_time
 .text          0x0000000000012599      0x39e obj_cooja/mtype658.a(uip-ds6-route.o)
                0x00000000000125ee                uip_ds6_route_init
                0x0000000000012610                uip_ds6_route_nexthop
                0x000000000001261f                uip_ds6_route_head
                0x000000000001262a                uip_ds6_route_next
                0x0000000000012639                uip_ds6_route_is_nexthop
                0x0000000000012648                uip_ds6_route_num_routes
                0x0000000000012653                uip_ds6_route_lookup
                0x0000000000012662                uip_ds6_route_add
                0x000000000001267a                uip_ds6_route_rm
                0x0000000000012685                uip_ds6_route_rm_by_nexthop
                0x0000000000012690                uip_ds6_defrt_head
                0x00000000000126a5                uip_ds6_defrt_add
                0x000000000001275e                uip_ds6_defrt_rm
                0x00000000000127cd                uip_ds6_defrt_lookup
                0x0000000000012840                uip_ds6_defrt_choose
                0x00000000000128bf                uip_ds6_defrt_periodic
 .text          0x0000000000012937      0x3ec obj_cooja/mtype658.a(uip-ds6-nbr.o)
                0x0000000000012937                uip_ds6_neighbors_init
                0x000000000001295f                uip_ds6_nbr_add
                0x00000000000129fc                uip_ds6_nbr_rm
                0x0000000000012a58                uip_ds6_nbr_update_ll
                0x0000000000012b39                uip_ds6_nbr_get_ipaddr
                0x0000000000012b55                uip_ds6_nbr_get_ll
                0x0000000000012b7c                uip_ds6_nbr_num
                0x0000000000012bd0                uip_ds6_nbr_head
                0x0000000000012be8                uip_ds6_nbr_next
                0x0000000000012c0f                uip_ds6_nbr_lookup
                0x0000000000012c87                uip_ds6_nbr_ll_lookup
                0x0000000000012cae                uip_ds6_nbr_ipaddr_from_lladdr
                0x0000000000012cde                uip_ds6_nbr_lladdr_from_ipaddr
                0x0000000000012d16                uip_ds6_link_callback
 .text          0x0000000000012d23      0x83d obj_cooja/mtype658.a(tcpip.o)
                0x0000000000012d4f                tcpip_output
                0x0000000000012df1                udp_attach
                0x0000000000012e1b                udp_new
                0x0000000000012e72                udp_broadcast_new
                0x0000000000012fec                tcpip_input
                0x00000000000131c5                tcpip_ipv6_output
                0x000000000001341f                tcpip_poll_udp
                0x0000000000013449                tcpip_uipcall
 .text          0x0000000000013560     0x17e9 obj_cooja/mtype658.a(uip6.o)
                0x000000000001361e                uip_chksum
                0x0000000000013716                uip_icmp6chksum
                0x0000000000013726                uip_udpchksum
                0x0000000000013736                uip_init
                0x0000000000013793                remove_ext_hdr
                0x00000000000138ca                uip_udp_new
                0x0000000000013cac                uip_process
                0x0000000000014c00                uip_htons
                0x0000000000014c1f                uip_htonl
                0x0000000000014c63                uip_send
 .text          0x0000000000014d49      0x830 obj_cooja/mtype658.a(uip-nd6.o)
                0x0000000000015566                uip_nd6_init
 .text          0x0000000000015579      0x41b obj_cooja/mtype658.a(simple-udp.o)
                0x00000000000155a6                simple_udp_send
                0x0000000000015614                simple_udp_sendto
                0x0000000000015682                simple_udp_sendto_port
                0x00000000000156ec                simple_udp_register
 .text          0x0000000000015994     0x2f59 obj_cooja/mtype658.a(sicslowpan.o)
                0x0000000000015feb                netstack_sniffer_add
                0x0000000000016001                netstack_sniffer_remove
                0x00000000000188b9                sicslowpan_init
                0x00000000000188e1                sicslowpan_get_last_rssi
 .text          0x00000000000188ed      0x59a obj_cooja/mtype658.a(rpl.o)
                0x00000000000188ed                rpl_lollipop_greater_than
                0x000000000001894d                rpl_get_global_address
                0x0000000000018ae9                rpl_link_callback
                0x0000000000018b29                rpl_has_joined
                0x0000000000018b58                rpl_is_reachable
                0x0000000000018bf6                rpl_reset_prefix
                0x0000000000018c46                rpl_set_prefix_from_addr
                0x0000000000018d31                rpl_set_prefix
 .text          0x0000000000018e87     0x1518 obj_cooja/mtype658.a(rpl-icmp6.o)
                0x0000000000018ffb                rpl_icmp6_update_nbr_table
                0x00000000000190be                rpl_icmp6_dis_output
                0x00000000000196a2                rpl_icmp6_dio_output
                0x0000000000019f5b                rpl_icmp6_dao_output
                0x000000000001a2d7                rpl_icmp6_dao_ack_output
                0x000000000001a368                rpl_icmp6_init
 .text          0x000000000001a39f      0x3db obj_cooja/mtype658.a(rpl-dag-root.o)
                0x000000000001a541                rpl_dag_root_set_prefix
                0x000000000001a579                rpl_dag_root_start
                0x000000000001a73e                rpl_dag_root_is_root
 .text          0x000000000001a77a       0x23 obj_cooja/mtype658.a(watchdog.o)
                0x000000000001a77a                watchdog_init
                0x000000000001a781                watchdog_start
                0x000000000001a788                watchdog_periodic
                0x000000000001a78f                watchdog_stop
                0x000000000001a796                watchdog_reboot
 .text          0x000000000001a79d      0x106 obj_cooja/mtype658.a(stimer.o)
                0x000000000001a79d                stimer_set
                0x000000000001a7cb                stimer_reset
                0x000000000001a7ef                stimer_restart
                0x000000000001a80d                stimer_expired
                0x000000000001a84e                stimer_remaining
                0x000000000001a880                stimer_elapsed
 .text          0x000000000001a8a3      0x20e obj_cooja/mtype658.a(memb.o)
                0x000000000001a8a3                memb_init
                0x000000000001a902                memb_alloc
                0x000000000001a97a                memb_free
                0x000000000001aa12                memb_inmemb
                0x000000000001aa65                memb_numfree
 .text          0x000000000001aab1      0x330 obj_cooja/mtype658.a(queuebuf.o)
                0x000000000001aac2                queuebuf_init
                0x000000000001aae1                queuebuf_numfree
                0x000000000001aaf3                queuebuf_new_from_packetbuf
                0x000000000001ab9c                queuebuf_update_attr_from_packetbuf
                0x000000000001abdb                queuebuf_update_from_packetbuf
                0x000000000001ac33                queuebuf_free
                0x000000000001ac82                queuebuf_to_packetbuf
                0x000000000001acf4                queuebuf_dataptr
                0x000000000001ad34                queuebuf_datalen
                0x000000000001ad60                queuebuf_addr
                0x000000000001ada3                queuebuf_attr
                0x000000000001adda                queuebuf_debug_print
 .text          0x000000000001ade1      0x98b obj_cooja/mtype658.a(nbr-table.o)
                0x000000000001b379                nbr_table_register
                0x000000000001b407                nbr_table_is_registered
                0x000000000001b45a                nbr_table_head
                0x000000000001b4c1                nbr_table_next
                0x000000000001b537                nbr_table_add_lladdr
                0x000000000001b629                nbr_table_get_from_lladdr
                0x000000000001b681                nbr_table_remove
                0x000000000001b6d1                nbr_table_lock
                0x000000000001b6ff                nbr_table_unlock
                0x000000000001b72d                nbr_table_get_lladdr
 .text          0x000000000001b76c      0x3e2 obj_cooja/mtype658.a(link-stats.o)
                0x000000000001b76c                link_stats_from_lladdr
                0x000000000001b790                link_stats_is_fresh
                0x000000000001b7da                guess_etx_from_rssi
                0x000000000001b85b                link_stats_packet_sent
                0x000000000001b98f                link_stats_input_callback
                0x000000000001babc                link_stats_reset
                0x000000000001bb13                link_stats_init
 .text          0x000000000001bb4e      0x1da obj_cooja/mtype658.a(mac-sequence.o)
                0x000000000001bb4e                mac_sequence_is_duplicate
                0x000000000001bc2f                mac_sequence_register_seqno
 .text          0x000000000001bd28       0x33 obj_cooja/mtype658.a(mac.o)
                0x000000000001bd28                mac_call_sent_callback
 .text          0x000000000001bd5b      0x3e9 obj_cooja/mtype658.a(framer-802154.o)
                0x000000000001becf                framer_802154_setup_params
 .text          0x000000000001c144      0xba0 obj_cooja/mtype658.a(frame802154.o)
                0x000000000001c172                frame802154_get_pan_id
                0x000000000001c17f                frame802154_set_pan_id
                0x000000000001c197                frame802154_has_panid
                0x000000000001c372                frame802154_check_dest_panid
                0x000000000001c3ea                frame802154_is_broadcast_addr
                0x000000000001c43d                frame802154_extract_linkaddr
                0x000000000001c6b0                frame802154_hdrlen
                0x000000000001c708                frame802154_create_fcf
                0x000000000001c7d6                frame802154_create
                0x000000000001c94b                frame802154_parse_fcf
                0x000000000001ca17                frame802154_parse
 .text          0x000000000001cce4      0xb87 obj_cooja/mtype658.a(uip-icmp6.o)
                0x000000000001cd5d                uip_icmp6_input
                0x000000000001cdb7                uip_icmp6_register_input_handler
                0x000000000001d045                uip_icmp6_error_output
                0x000000000001d4aa                uip_icmp6_send
                0x000000000001d7e4                uip_icmp6_echo_reply_callback_add
                0x000000000001d827                uip_icmp6_echo_reply_callback_rm
                0x000000000001d84c                uip_icmp6_init
 .text          0x000000000001d86b      0x51e obj_cooja/mtype658.a(uip-sr.o)
                0x000000000001d86b                uip_sr_num_nodes
                0x000000000001d8eb                uip_sr_get_node
                0x000000000001d94f                uip_sr_is_addr_reachable
                0x000000000001d9f0                uip_sr_expire_parent
                0x000000000001da4f                uip_sr_update_node
                0x000000000001dbbc                uip_sr_init
                0x000000000001dbe8                uip_sr_node_head
                0x000000000001dbfd                uip_sr_node_next
                0x000000000001dc17                uip_sr_periodic
                0x000000000001dd12                uip_sr_free_all
 .text          0x000000000001dd89      0x197 obj_cooja/mtype658.a(uip-packetqueue)
                0x000000000001ddc1                uip_packetqueue_new
                0x000000000001ddd7                uip_packetqueue_alloc
                0x000000000001de4d                uip_packetqueue_free
                0x000000000001de9e                uip_packetqueue_buf
                0x000000000001dec6                uip_packetqueue_buflen
                0x000000000001def1                uip_packetqueue_set_buflen
 .text          0x000000000001df20      0x119 obj_cooja/mtype658.a(uip-udp-packet.)
                0x000000000001df20                uip_udp_packet_send
                0x000000000001df9b                uip_udp_packet_sendto
 .text          0x000000000001e039      0x211 obj_cooja/mtype658.a(rpl-nbr-policy.)
                0x000000000001e1f8                rpl_nbr_policy_find_removable
 .text          0x000000000001e24a      0x734 obj_cooja/mtype658.a(rpl-neighbor.o)
                0x000000000001e2b0                rpl_neighbor_print_list
                0x000000000001e357                rpl_neighbor_count
                0x000000000001e43a                rpl_neighbor_get_from_lladdr
                0x000000000001e461                rpl_neighbor_is_acceptable_parent
                0x000000000001e4a9                rpl_neighbor_get_link_metric
                0x000000000001e4f1                rpl_neighbor_rank_via_nbr
                0x000000000001e539                rpl_neighbor_get_lladdr
                0x000000000001e560                rpl_neighbor_get_ipaddr
                0x000000000001e58a                rpl_neighbor_get_link_stats
                0x000000000001e5b4                rpl_neighbor_is_fresh
                0x000000000001e5de                rpl_neighbor_is_reachable
                0x000000000001e632                rpl_neighbor_is_parent
                0x000000000001e667                rpl_neighbor_set_preferred_parent
                0x000000000001e70f                rpl_neighbor_remove_all
                0x000000000001e767                rpl_neighbor_get_from_ipaddr
                0x000000000001e894                rpl_neighbor_select_best
                0x000000000001e95e                rpl_neighbor_init
 .text          0x000000000001e97e     0x1178 obj_cooja/mtype658.a(rpl-dag.o)
                0x000000000001e97e                rpl_dag_state_to_str
                0x000000000001e9cb                rpl_dag_get_root_ipaddr
                0x000000000001ea11                rpl_dag_leave
                0x000000000001eab5                rpl_dag_poison_and_leave
                0x000000000001eacf                rpl_dag_periodic
                0x000000000001eb8f                rpl_is_addr_in_our_dag
                0x000000000001ebe4                rpl_get_default_instance
                0x000000000001ec07                rpl_get_any_dag
                0x000000000001ec6c                rpl_refresh_routes
                0x000000000001ecca                rpl_global_repair
                0x000000000001edae                rpl_local_repair
                0x000000000001ee09                rpl_dag_ready_to_advertise
                0x000000000001ee5d                rpl_dag_update_state
                0x000000000001f6ce                rpl_process_dio
                0x000000000001f770                rpl_process_dis
                0x000000000001f7bd                rpl_process_dao
                0x000000000001f862                rpl_process_dao_ack
                0x000000000001f906                rpl_process_hbh
                0x000000000001f961                rpl_dag_init_root
                0x000000000001fad6                rpl_dag_init
 .text          0x000000000001faf6      0xce0 obj_cooja/mtype658.a(rpl-timers.o)
                0x000000000001faf6                rpl_timers_schedule_periodic_dis
                0x000000000001fcbf                rpl_timers_dio_reset
                0x000000000001fe06                rpl_timers_schedule_unicast_dio
                0x0000000000020017                rpl_timers_schedule_dao
                0x00000000000201af                rpl_timers_schedule_dao_ack
                0x0000000000020263                get_probing_delay
                0x00000000000202f8                get_probing_target
                0x000000000002054a                rpl_schedule_probing
                0x00000000000205aa                rpl_timers_unschedule_leaving
                0x00000000000205ea                rpl_timers_schedule_leaving
                0x000000000002063b                rpl_timers_init
                0x00000000000206dc                rpl_timers_stop_dag_timers
                0x0000000000020765                rpl_timers_unschedule_state_update
                0x000000000002078b                rpl_timers_schedule_state_update
 .text          0x00000000000207d6     0x141d obj_cooja/mtype658.a(rpl-ext-header.)
                0x00000000000207d6                rpl_ext_header_srh_get_next_hop
                0x00000000000209b6                rpl_ext_header_srh_update
                0x000000000002120c                rpl_ext_header_hbh_update
                0x00000000000218e4                rpl_ext_header_update
                0x000000000002198a                rpl_ext_header_remove
 .text          0x0000000000021bf3      0x374 obj_cooja/mtype658.a(rpl-mrhof.o)
 .text          0x0000000000021f67        0x0 /usr/lib/gcc/x86_64-linux-gnu/6/crtendS.o
 .text          0x0000000000021f67        0x0 /usr/lib/gcc/x86_64-linux-gnu/6/../../../x86_64-linux-gnu/crtn.o
 *(.gnu.warning)

.fini           0x0000000000021f68        0x9
 *(SORT(.fini))
 .fini          0x0000000000021f68        0x4 /usr/lib/gcc/x86_64-linux-gnu/6/../../../x86_64-linux-gnu/crti.o
                0x0000000000021f68                _fini
 .fini          0x0000000000021f6c        0x5 /usr/lib/gcc/x86_64-linux-gnu/6/../../../x86_64-linux-gnu/crtn.o
                [!provide]                        PROVIDE (__etext, .)
                [!provide]                        PROVIDE (_etext, .)
                [!provide]                        PROVIDE (etext, .)

.rodata         0x0000000000021f78      0x5af
 *(.rodata .rodata.* .gnu.linkonce.r.*)
 .rodata        0x0000000000021f78       0x77 udp-client.o
 .rodata        0x0000000000021fef       0x46 obj_cooja/mtype658.o
 .rodata        0x0000000000022035        0x7 obj_cooja/mtype658.a(button-sensor.o)
 .rodata        0x000000000002203c        0x4 obj_cooja/mtype658.a(pir-sensor.o)
 .rodata        0x0000000000022040        0x6 obj_cooja/mtype658.a(rs232.o)
 .rodata        0x0000000000022046        0xa obj_cooja/mtype658.a(vib-sensor.o)
 .rodata        0x0000000000022050       0x27 obj_cooja/mtype658.a(cfs-cooja.o)
 .rodata        0x0000000000022077       0x14 obj_cooja/mtype658.a(cooja-radio.o)
 .rodata        0x000000000002208b        0x8 obj_cooja/mtype658.a(sensors.o)
 *fill*         0x0000000000022093        0x5 
 .rodata        0x0000000000022098       0xa3 obj_cooja/mtype658.a(contiki-main.o)
 .rodata        0x000000000002213b        0xc obj_cooja/mtype658.a(etimer.o)
 *fill*         0x0000000000022147        0x1 
 .rodata        0x0000000000022148       0xec obj_cooja/mtype658.a(log.o)
 .rodata        0x0000000000022234        0xf obj_cooja/mtype658.a(ctimer.o)
 .rodata        0x0000000000022243        0xe obj_cooja/mtype658.a(serial-line.o)
 *fill*         0x0000000000022251        0x7 
 .rodata        0x0000000000022258        0x8 obj_cooja/mtype658.a(linkaddr.o)
                0x0000000000022258                linkaddr_null
 .rodata        0x0000000000022260        0x5 obj_cooja/mtype658.a(csma.o)
 *fill*         0x0000000000022265        0x3 
 .rodata        0x0000000000022268       0x4d obj_cooja/mtype658.a(uip-ds6-route.o)
 .rodata        0x00000000000222b5        0xd obj_cooja/mtype658.a(tcpip.o)
 *fill*         0x00000000000222c2        0x2 
 .rodata        0x00000000000222c4       0xf4 obj_cooja/mtype658.a(uip6.o)
 .rodata        0x00000000000223b8       0x13 obj_cooja/mtype658.a(simple-udp.o)
 .rodata        0x00000000000223cb       0x1d obj_cooja/mtype658.a(sicslowpan.o)
                0x00000000000223cb                unc_llconf
                0x00000000000223cf                unc_ctxconf
                0x00000000000223d3                unc_mxconf
                0x00000000000223d7                llprefix
 .rodata        0x00000000000223e8        0x9 obj_cooja/mtype658.a(rpl.o)
 *fill*         0x00000000000223f1        0x7 
 .rodata        0x00000000000223f8       0x68 obj_cooja/mtype658.a(rpl-dag-root.o)
 .rodata        0x0000000000022460       0xbb obj_cooja/mtype658.a(rpl-dag.o)
 .rodata        0x000000000002251b        0xc obj_cooja/mtype658.a(rpl-timers.o)

.rodata1
 *(.rodata1)

.eh_frame_hdr   0x0000000000022528     0x137c
 *(.eh_frame_hdr)
 .eh_frame_hdr  0x0000000000022528     0x137c udp-client.o
                0x0000000000022528                __GNU_EH_FRAME_HDR
 *(.eh_frame_entry .eh_frame_entry.*)

.eh_frame       0x00000000000238a8     0x4e8c
 *(.eh_frame)
 .eh_frame      0x00000000000238a8       0x40 /usr/lib/gcc/x86_64-linux-gnu/6/../../../x86_64-linux-gnu/crti.o
 .eh_frame      0x00000000000238e8       0x18 /usr/lib/gcc/x86_64-linux-gnu/6/../../../x86_64-linux-gnu/crti.o
                                         0x30 (size before relaxing)
 .eh_frame      0x0000000000023900       0x40 udp-client.o
                                         0x58 (size before relaxing)
 .eh_frame      0x0000000000023940      0x180 obj_cooja/mtype658.o
                                        0x190 (size before relaxing)
 .eh_frame      0x0000000000023ac0       0x40 obj_cooja/mtype658.a(simEnvChange.o)
                                         0x58 (size before relaxing)
 .eh_frame      0x0000000000023b00       0x60 obj_cooja/mtype658.a(cooja_mt.o)
                                         0x78 (size before relaxing)
 .eh_frame      0x0000000000023b60       0x80 obj_cooja/mtype658.a(cooja_mtarch.o)
                                         0x98 (size before relaxing)
 .eh_frame      0x0000000000023be0       0xc0 obj_cooja/mtype658.a(rtimer-arch.o)
                                         0xd8 (size before relaxing)
 .eh_frame      0x0000000000023ca0      0x160 obj_cooja/mtype658.a(beep.o)
                                        0x178 (size before relaxing)
 .eh_frame      0x0000000000023e00       0xa0 obj_cooja/mtype658.a(button-sensor.o)
                                         0xb8 (size before relaxing)
 .eh_frame      0x0000000000023ea0       0xa0 obj_cooja/mtype658.a(leds-arch.o)
                                         0xb8 (size before relaxing)
 .eh_frame      0x0000000000023f40       0x40 obj_cooja/mtype658.a(moteid.o)
                                         0x58 (size before relaxing)
 .eh_frame      0x0000000000023f80       0xa0 obj_cooja/mtype658.a(pir-sensor.o)
                                         0xb8 (size before relaxing)
 .eh_frame      0x0000000000024020      0x100 obj_cooja/mtype658.a(rs232.o)
                                        0x118 (size before relaxing)
 .eh_frame      0x0000000000024120       0xa0 obj_cooja/mtype658.a(vib-sensor.o)
                                         0xb8 (size before relaxing)
 .eh_frame      0x00000000000241c0       0xc0 obj_cooja/mtype658.a(clock.o)
                                         0xd8 (size before relaxing)
 .eh_frame      0x0000000000024280      0x128 obj_cooja/mtype658.a(cooja-log.o)
                                        0x140 (size before relaxing)
 .eh_frame      0x00000000000243a8      0x160 obj_cooja/mtype658.a(cfs-cooja.o)
                                        0x178 (size before relaxing)
 .eh_frame      0x0000000000024508      0x340 obj_cooja/mtype658.a(cooja-radio.o)
                                        0x358 (size before relaxing)
 .eh_frame      0x0000000000024848       0xa0 obj_cooja/mtype658.a(eeprom.o)
                                         0xb8 (size before relaxing)
 .eh_frame      0x00000000000248e8       0x40 obj_cooja/mtype658.a(random.o)
                                         0x58 (size before relaxing)
 .eh_frame      0x0000000000024928       0xc0 obj_cooja/mtype658.a(sensors.o)
                                         0xd8 (size before relaxing)
 .eh_frame      0x00000000000249e8       0x20 obj_cooja/mtype658.a(contiki-main.o)
                                         0x38 (size before relaxing)
 .eh_frame      0x0000000000024a08       0x40 obj_cooja/mtype658.a(autostart.o)
                                         0x58 (size before relaxing)
 .eh_frame      0x0000000000024a48       0x60 obj_cooja/mtype658.a(energest.o)
                                         0x78 (size before relaxing)
 .eh_frame      0x0000000000024aa8      0x1e0 obj_cooja/mtype658.a(etimer.o)
                                        0x1f8 (size before relaxing)
 .eh_frame      0x0000000000024c88       0xe0 obj_cooja/mtype658.a(log.o)
                                         0xf8 (size before relaxing)
 .eh_frame      0x0000000000024d68      0x100 obj_cooja/mtype658.a(ctimer.o)
                                        0x118 (size before relaxing)
 .eh_frame      0x0000000000024e68      0x1c8 obj_cooja/mtype658.a(process.o)
                                        0x1e0 (size before relaxing)
 .eh_frame      0x0000000000025030       0x60 obj_cooja/mtype658.a(rtimer.o)
                                         0x78 (size before relaxing)
 .eh_frame      0x0000000000025090       0xa0 obj_cooja/mtype658.a(timer.o)
                                         0xb8 (size before relaxing)
 .eh_frame      0x0000000000025130       0x60 obj_cooja/mtype658.a(serial-line.o)
                                         0x78 (size before relaxing)
 .eh_frame      0x0000000000025190      0x180 obj_cooja/mtype658.a(list.o)
                                        0x198 (size before relaxing)
 .eh_frame      0x0000000000025310       0xa0 obj_cooja/mtype658.a(ringbuf.o)
                                         0xb8 (size before relaxing)
 .eh_frame      0x00000000000253b0      0x288 obj_cooja/mtype658.a(packetbuf.o)
                                        0x2a0 (size before relaxing)
 .eh_frame      0x0000000000025638       0x80 obj_cooja/mtype658.a(netstack.o)
                                         0x98 (size before relaxing)
 .eh_frame      0x00000000000256b8       0x60 obj_cooja/mtype658.a(linkaddr.o)
                                         0x78 (size before relaxing)
 .eh_frame      0x0000000000025718       0xa0 obj_cooja/mtype658.a(csma.o)
                                         0xb8 (size before relaxing)
 .eh_frame      0x00000000000257b8      0x1d8 obj_cooja/mtype658.a(csma-output.o)
                                        0x1e8 (size before relaxing)
 .eh_frame      0x0000000000025990      0x100 obj_cooja/mtype658.a(uipbuf.o)
                                        0x118 (size before relaxing)
 .eh_frame      0x0000000000025a90      0x2e8 obj_cooja/mtype658.a(uip-ds6.o)
                                        0x300 (size before relaxing)
 .eh_frame      0x0000000000025d78      0x220 obj_cooja/mtype658.a(uip-ds6-route.o)
                                        0x238 (size before relaxing)
 .eh_frame      0x0000000000025f98      0x1c0 obj_cooja/mtype658.a(uip-ds6-nbr.o)
                                        0x1d8 (size before relaxing)
 .eh_frame      0x0000000000026158      0x248 obj_cooja/mtype658.a(tcpip.o)
                                        0x260 (size before relaxing)
 .eh_frame      0x00000000000263a0      0x1b0 obj_cooja/mtype658.a(uip6.o)
                                        0x1c0 (size before relaxing)
 .eh_frame      0x0000000000026550       0x88 obj_cooja/mtype658.a(uip-nd6.o)
                                         0xa0 (size before relaxing)
 .eh_frame      0x00000000000265d8       0xc0 obj_cooja/mtype658.a(simple-udp.o)
                                         0xd8 (size before relaxing)
 .eh_frame      0x0000000000026698      0x2c0 obj_cooja/mtype658.a(sicslowpan.o)
                                        0x2d8 (size before relaxing)
 .eh_frame      0x0000000000026958      0x1a0 obj_cooja/mtype658.a(rpl.o)
                                        0x1b8 (size before relaxing)
 .eh_frame      0x0000000000026af8      0x1c0 obj_cooja/mtype658.a(rpl-icmp6.o)
                                        0x1d8 (size before relaxing)
 .eh_frame      0x0000000000026cb8       0x80 obj_cooja/mtype658.a(rpl-dag-root.o)
                                         0x98 (size before relaxing)
 .eh_frame      0x0000000000026d38       0xa0 obj_cooja/mtype658.a(watchdog.o)
                                         0xb8 (size before relaxing)
 .eh_frame      0x0000000000026dd8       0xc0 obj_cooja/mtype658.a(stimer.o)
                                         0xd8 (size before relaxing)
 .eh_frame      0x0000000000026e98       0xa0 obj_cooja/mtype658.a(memb.o)
                                         0xb8 (size before relaxing)
 .eh_frame      0x0000000000026f38      0x1a0 obj_cooja/mtype658.a(queuebuf.o)
                                        0x1b8 (size before relaxing)
 .eh_frame      0x00000000000270d8      0x2a0 obj_cooja/mtype658.a(nbr-table.o)
                                        0x2b8 (size before relaxing)
 .eh_frame      0x0000000000027378      0x100 obj_cooja/mtype658.a(link-stats.o)
                                        0x118 (size before relaxing)
 .eh_frame      0x0000000000027478       0x50 obj_cooja/mtype658.a(mac-sequence.o)
                                         0x60 (size before relaxing)
 .eh_frame      0x00000000000274c8       0x20 obj_cooja/mtype658.a(mac.o)
                                         0x38 (size before relaxing)
 .eh_frame      0x00000000000274e8       0xa8 obj_cooja/mtype658.a(framer-802154.o)
                                         0xc0 (size before relaxing)
 .eh_frame      0x0000000000027590      0x1a8 obj_cooja/mtype658.a(frame802154.o)
                                        0x1c0 (size before relaxing)
 .eh_frame      0x0000000000027738      0x158 obj_cooja/mtype658.a(uip-icmp6.o)
                                        0x168 (size before relaxing)
 .eh_frame      0x0000000000027890      0x160 obj_cooja/mtype658.a(uip-sr.o)
                                        0x178 (size before relaxing)
 .eh_frame      0x00000000000279f0       0xe0 obj_cooja/mtype658.a(uip-packetqueue)
                                         0xf8 (size before relaxing)
 .eh_frame      0x0000000000027ad0       0x40 obj_cooja/mtype658.a(uip-udp-packet.)
                                         0x58 (size before relaxing)
 .eh_frame      0x0000000000027b10       0x80 obj_cooja/mtype658.a(rpl-nbr-policy.)
                                         0x98 (size before relaxing)
 .eh_frame      0x0000000000027b90      0x280 obj_cooja/mtype658.a(rpl-neighbor.o)
                                        0x298 (size before relaxing)
 .eh_frame      0x0000000000027e10      0x360 obj_cooja/mtype658.a(rpl-dag.o)
                                        0x378 (size before relaxing)
 .eh_frame      0x0000000000028170      0x348 obj_cooja/mtype658.a(rpl-timers.o)
                                        0x360 (size before relaxing)
 .eh_frame      0x00000000000284b8      0x128 obj_cooja/mtype658.a(rpl-ext-header.)
                                        0x140 (size before relaxing)
 .eh_frame      0x00000000000285e0      0x150 obj_cooja/mtype658.a(rpl-mrhof.o)
                                        0x160 (size before relaxing)
 .eh_frame      0x0000000000028730        0x4 /usr/lib/gcc/x86_64-linux-gnu/6/crtendS.o
 *(.eh_frame.*)

.gcc_except_table
 *(.gcc_except_table .gcc_except_table.*)

.gnu_extab
 *(.gnu_extab*)

.exception_ranges
 *(.exception_ranges .exception_ranges*)
                0x0000000000228748                . = DATA_SEGMENT_ALIGN (CONSTANT (MAXPAGESIZE), CONSTANT (COMMONPAGESIZE))

.eh_frame
 *(.eh_frame)
 *(.eh_frame.*)

.gnu_extab
 *(.gnu_extab)

.gcc_except_table
 *(.gcc_except_table .gcc_except_table.*)

.exception_ranges
 *(.exception_ranges .exception_ranges*)

.tdata
 *(.tdata .tdata.* .gnu.linkonce.td.*)

.tbss
 *(.tbss .tbss.* .gnu.linkonce.tb.*)
 *(.tcommon)

.preinit_array
 *(.preinit_array)

.init_array     0x0000000000228748        0x8
 *(SORT(.init_array.*) SORT(.ctors.*))
 *(.init_array EXCLUDE_FILE(*crtend?.o *crtend.o *crtbegin?.o *crtbegin.o) .ctors)
 .init_array    0x0000000000228748        0x8 /usr/lib/gcc/x86_64-linux-gnu/6/crtbeginS.o

.fini_array     0x0000000000228750        0x8
 *(SORT(.fini_array.*) SORT(.dtors.*))
 *(.fini_array EXCLUDE_FILE(*crtend?.o *crtend.o *crtbegin?.o *crtbegin.o) .dtors)
 .fini_array    0x0000000000228750        0x8 /usr/lib/gcc/x86_64-linux-gnu/6/crtbeginS.o

.ctors
 *crtbegin.o(.ctors)
 *crtbegin?.o(.ctors)
 *(EXCLUDE_FILE(*crtend?.o *crtend.o) .ctors)
 *(SORT(.ctors.*))
 *(.ctors)

.dtors
 *crtbegin.o(.dtors)
 *crtbegin?.o(.dtors)
 *(EXCLUDE_FILE(*crtend?.o *crtend.o) .dtors)
 *(SORT(.dtors.*))
 *(.dtors)

.jcr            0x0000000000228758        0x8
 *(.jcr)
 .jcr           0x0000000000228758        0x0 /usr/lib/gcc/x86_64-linux-gnu/6/crtbeginS.o
 .jcr           0x0000000000228758        0x8 /usr/lib/gcc/x86_64-linux-gnu/6/crtendS.o

.data.rel.ro    0x0000000000228760      0x328
 *(.data.rel.ro.local* .gnu.linkonce.d.rel.ro.local.*)
 .data.rel.ro.local
                0x0000000000228760       0x10 obj_cooja/mtype658.a(beep.o)
                0x0000000000228760                beep_interface
 *fill*         0x0000000000228770       0x10 
 .data.rel.ro.local
                0x0000000000228780       0x40 obj_cooja/mtype658.a(button-sensor.o)
                0x0000000000228780                button_interface
                0x00000000002287a0                button_sensor
 .data.rel.ro.local
                0x00000000002287c0       0x10 obj_cooja/mtype658.a(leds-arch.o)
                0x00000000002287c0                leds_interface
 .data.rel.ro.local
                0x00000000002287d0       0x10 obj_cooja/mtype658.a(moteid.o)
                0x00000000002287d0                moteid_interface
 .data.rel.ro.local
                0x00000000002287e0       0x40 obj_cooja/mtype658.a(pir-sensor.o)
                0x00000000002287e0                pir_interface
                0x0000000000228800                pir_sensor
 .data.rel.ro.local
                0x0000000000228820       0x10 obj_cooja/mtype658.a(rs232.o)
                0x0000000000228820                rs232_interface
 *fill*         0x0000000000228830       0x10 
 .data.rel.ro.local
                0x0000000000228840       0x40 obj_cooja/mtype658.a(vib-sensor.o)
                0x0000000000228840                vib_interface
                0x0000000000228860                vib_sensor
 .data.rel.ro.local
                0x0000000000228880       0x10 obj_cooja/mtype658.a(clock.o)
                0x0000000000228880                clock_interface
 .data.rel.ro.local
                0x0000000000228890       0x10 obj_cooja/mtype658.a(cooja-log.o)
                0x0000000000228890                simlog_interface
 .data.rel.ro.local
                0x00000000002288a0       0x10 obj_cooja/mtype658.a(cfs-cooja.o)
                0x00000000002288a0                cfs_interface
 *fill*         0x00000000002288b0       0x10 
 .data.rel.ro.local
                0x00000000002288c0       0x90 obj_cooja/mtype658.a(cooja-radio.o)
                0x00000000002288c0                radio_interface
                0x00000000002288e0                cooja_radio_driver
 .data.rel.ro.local
                0x0000000000228950       0x10 obj_cooja/mtype658.a(eeprom.o)
                0x0000000000228950                eeprom_interface
 .data.rel.ro.local
                0x0000000000228960       0x30 obj_cooja/mtype658.a(csma.o)
                0x0000000000228960                csma_driver
 .data.rel.ro.local
                0x0000000000228990       0x18 obj_cooja/mtype658.a(framer-802154.o)
                0x0000000000228990                framer_802154
 *(.data.rel.ro .data.rel.ro.* .gnu.linkonce.d.rel.ro.*)
 .data.rel.ro   0x00000000002289a8        0x0 /usr/lib/gcc/x86_64-linux-gnu/6/../../../x86_64-linux-gnu/crti.o
 *fill*         0x00000000002289a8        0x8 
 .data.rel.ro   0x00000000002289b0       0x10 udp-client.o
                0x00000000002289b0                autostart_processes
 .data.rel.ro   0x00000000002289c0       0x20 obj_cooja/mtype658.a(sicslowpan.o)
                0x00000000002289c0                sicslowpan_driver
 .data.rel.ro   0x00000000002289e0       0xa0 obj_cooja/mtype658.a(rpl.o)
                0x00000000002289e0                rpl_lite_driver
 .data.rel.ro   0x0000000000228a80        0x8 obj_cooja/mtype658.a(rpl-dag.o)

.dynamic        0x0000000000228a88      0x1c0
 *(.dynamic)
 .dynamic       0x0000000000228a88      0x1c0 /usr/lib/gcc/x86_64-linux-gnu/6/../../../x86_64-linux-gnu/crti.o
                0x0000000000228a88                _DYNAMIC

.got            0x0000000000228c48      0x3a0
 *(.got)
 .got           0x0000000000228c48      0x3a0 /usr/lib/gcc/x86_64-linux-gnu/6/../../../x86_64-linux-gnu/crti.o
 *(.igot)
                0x0000000000228fe8                . = DATA_SEGMENT_RELRO_END (., (SIZEOF (.got.plt) >= 0x18)?0x18:0x0)

.got.plt        0x0000000000229000      0x910
 *(.got.plt)
 .got.plt       0x0000000000229000      0x910 /usr/lib/gcc/x86_64-linux-gnu/6/../../../x86_64-linux-gnu/crti.o
                0x0000000000229000                _GLOBAL_OFFSET_TABLE_
 *(.igot.plt)

.data           0x0000000000229920      0x648
 *(.data .data.* .gnu.linkonce.d.*)
 .data          0x0000000000229920        0x0 /usr/lib/gcc/x86_64-linux-gnu/6/../../../x86_64-linux-gnu/crti.o
 .data          0x0000000000229920        0x0 /usr/lib/gcc/x86_64-linux-gnu/6/crtbeginS.o
 .data.rel.local
                0x0000000000229920        0x8 /usr/lib/gcc/x86_64-linux-gnu/6/crtbeginS.o
                0x0000000000229920                __dso_handle
 .data          0x0000000000229928        0x0 udp-client.o
 *fill*         0x0000000000229928       0x18 
 .data.rel.local
                0x0000000000229940       0x20 udp-client.o
                0x0000000000229940                udp_client_process
 .data          0x0000000000229960        0x0 obj_cooja/mtype658.o
 .data.rel      0x0000000000229960       0xa0 obj_cooja/mtype658.o
                0x0000000000229960                simInterfaces
                0x00000000002299e0                sensors
 .data          0x0000000000229a00        0x0 obj_cooja/mtype658.a(simEnvChange.o)
 .data          0x0000000000229a00        0x0 obj_cooja/mtype658.a(cooja_mt.o)
 .data          0x0000000000229a00        0x0 obj_cooja/mtype658.a(cooja_mtarch.o)
 .data          0x0000000000229a00        0x0 obj_cooja/mtype658.a(rtimer-arch.o)
 .data          0x0000000000229a00        0x0 obj_cooja/mtype658.a(beep.o)
 .data          0x0000000000229a00        0x0 obj_cooja/mtype658.a(button-sensor.o)
 .data          0x0000000000229a00        0x0 obj_cooja/mtype658.a(leds-arch.o)
 .data          0x0000000000229a00        0x0 obj_cooja/mtype658.a(moteid.o)
 .data          0x0000000000229a00        0x0 obj_cooja/mtype658.a(pir-sensor.o)
 .data          0x0000000000229a00        0x0 obj_cooja/mtype658.a(rs232.o)
 .data          0x0000000000229a00        0x0 obj_cooja/mtype658.a(vib-sensor.o)
 .data          0x0000000000229a00        0x0 obj_cooja/mtype658.a(clock.o)
 .data          0x0000000000229a00        0x0 obj_cooja/mtype658.a(cooja-log.o)
 .data          0x0000000000229a00        0x0 obj_cooja/mtype658.a(cfs-cooja.o)
 .data          0x0000000000229a00       0x1c obj_cooja/mtype658.a(cooja-radio.o)
                0x0000000000229a00                simRadioHWOn
                0x0000000000229a04                simSignalStrength
                0x0000000000229a08                simLastSignalStrength
                0x0000000000229a0c                simPower
                0x0000000000229a10                simRadioChannel
                0x0000000000229a14                simLQI
 *fill*         0x0000000000229a1c        0x4 
 .data.rel.local
                0x0000000000229a20       0x20 obj_cooja/mtype658.a(cooja-radio.o)
                0x0000000000229a20                cooja_radio_process
 .data          0x0000000000229a40        0x0 obj_cooja/mtype658.a(eeprom.o)
 .data          0x0000000000229a40        0x0 obj_cooja/mtype658.a(random.o)
 .data          0x0000000000229a40        0x0 obj_cooja/mtype658.a(sensors.o)
 .data.rel.local
                0x0000000000229a40       0x20 obj_cooja/mtype658.a(sensors.o)
                0x0000000000229a40                sensors_process
 .data          0x0000000000229a60        0x0 obj_cooja/mtype658.a(contiki-main.o)
 .data          0x0000000000229a60        0x0 obj_cooja/mtype658.a(autostart.o)
 .data          0x0000000000229a60        0x0 obj_cooja/mtype658.a(energest.o)
 .data          0x0000000000229a60        0x0 obj_cooja/mtype658.a(etimer.o)
 .data.rel.local
                0x0000000000229a60       0x20 obj_cooja/mtype658.a(etimer.o)
                0x0000000000229a60                etimer_process
 .data          0x0000000000229a80        0x4 obj_cooja/mtype658.a(log.o)
                0x0000000000229a80                curr_log_level_main
 *fill*         0x0000000000229a84       0x1c 
 .data.rel      0x0000000000229aa0      0x120 obj_cooja/mtype658.a(log.o)
                0x0000000000229aa0                all_modules
 .data          0x0000000000229bc0        0x0 obj_cooja/mtype658.a(ctimer.o)
 .data.rel.local
                0x0000000000229bc0       0x40 obj_cooja/mtype658.a(ctimer.o)
                0x0000000000229be0                ctimer_process
 .data          0x0000000000229c00        0x0 obj_cooja/mtype658.a(process.o)
 .data          0x0000000000229c00        0x0 obj_cooja/mtype658.a(rtimer.o)
 .data          0x0000000000229c00        0x0 obj_cooja/mtype658.a(timer.o)
 .data          0x0000000000229c00        0x0 obj_cooja/mtype658.a(serial-line.o)
 .data.rel.local
                0x0000000000229c00       0x20 obj_cooja/mtype658.a(serial-line.o)
                0x0000000000229c00                serial_line_process
 .data          0x0000000000229c20        0x0 obj_cooja/mtype658.a(list.o)
 .data          0x0000000000229c20        0x0 obj_cooja/mtype658.a(ringbuf.o)
 .data          0x0000000000229c20        0x0 obj_cooja/mtype658.a(packetbuf.o)
 .data.rel.local
                0x0000000000229c20        0x8 obj_cooja/mtype658.a(packetbuf.o)
 .data          0x0000000000229c28        0x0 obj_cooja/mtype658.a(netstack.o)
 .data.rel.local
                0x0000000000229c28        0x8 obj_cooja/mtype658.a(netstack.o)
 .data          0x0000000000229c30        0x0 obj_cooja/mtype658.a(linkaddr.o)
 .data          0x0000000000229c30        0x0 obj_cooja/mtype658.a(csma.o)
 .data          0x0000000000229c30        0x0 obj_cooja/mtype658.a(csma-output.o)
 .data.rel.local
                0x0000000000229c30       0x60 obj_cooja/mtype658.a(csma-output.o)
 .data          0x0000000000229c90        0x0 obj_cooja/mtype658.a(uipbuf.o)
 .data          0x0000000000229c90        0x0 obj_cooja/mtype658.a(uip-ds6.o)
 .data          0x0000000000229c90        0x0 obj_cooja/mtype658.a(uip-ds6-route.o)
 .data.rel.local
                0x0000000000229c90       0x28 obj_cooja/mtype658.a(uip-ds6-route.o)
 .data          0x0000000000229cb8        0x0 obj_cooja/mtype658.a(uip-ds6-nbr.o)
 *fill*         0x0000000000229cb8        0x8 
 .data.rel.local
                0x0000000000229cc0       0x20 obj_cooja/mtype658.a(uip-ds6-nbr.o)
                0x0000000000229cd8                ds6_neighbors
 .data          0x0000000000229ce0        0x0 obj_cooja/mtype658.a(tcpip.o)
 .data.rel.local
                0x0000000000229ce0       0x20 obj_cooja/mtype658.a(tcpip.o)
                0x0000000000229ce0                tcpip_process
 .data          0x0000000000229d00        0x0 obj_cooja/mtype658.a(uip6.o)
 .data          0x0000000000229d00        0x0 obj_cooja/mtype658.a(uip-nd6.o)
 .data.rel.local
                0x0000000000229d00       0x18 obj_cooja/mtype658.a(uip-nd6.o)
 .data          0x0000000000229d18        0x0 obj_cooja/mtype658.a(simple-udp.o)
 *fill*         0x0000000000229d18        0x8 
 .data.rel.local
                0x0000000000229d20       0x20 obj_cooja/mtype658.a(simple-udp.o)
                0x0000000000229d20                simple_udp_process
 .data          0x0000000000229d40        0x0 obj_cooja/mtype658.a(sicslowpan.o)
 .data          0x0000000000229d40        0x0 obj_cooja/mtype658.a(rpl.o)
 .data          0x0000000000229d40        0x0 obj_cooja/mtype658.a(rpl-icmp6.o)
 .data.rel.local
                0x0000000000229d40       0x78 obj_cooja/mtype658.a(rpl-icmp6.o)
 .data          0x0000000000229db8        0x0 obj_cooja/mtype658.a(rpl-dag-root.o)
 .data          0x0000000000229db8        0x0 obj_cooja/mtype658.a(watchdog.o)
 .data          0x0000000000229db8        0x0 obj_cooja/mtype658.a(stimer.o)
 .data          0x0000000000229db8        0x0 obj_cooja/mtype658.a(memb.o)
 .data          0x0000000000229db8        0x0 obj_cooja/mtype658.a(queuebuf.o)
 *fill*         0x0000000000229db8        0x8 
 .data.rel.local
                0x0000000000229dc0       0x38 obj_cooja/mtype658.a(queuebuf.o)
 .data          0x0000000000229df8        0x0 obj_cooja/mtype658.a(nbr-table.o)
 *fill*         0x0000000000229df8        0x8 
 .data.rel.local
                0x0000000000229e00       0x20 obj_cooja/mtype658.a(nbr-table.o)
 .data          0x0000000000229e20        0x0 obj_cooja/mtype658.a(link-stats.o)
 .data.rel.local
                0x0000000000229e20       0x20 obj_cooja/mtype658.a(link-stats.o)
 .data          0x0000000000229e40        0x0 obj_cooja/mtype658.a(mac-sequence.o)
 .data          0x0000000000229e40        0x0 obj_cooja/mtype658.a(mac.o)
 .data          0x0000000000229e40        0x0 obj_cooja/mtype658.a(framer-802154.o)
 .data          0x0000000000229e40        0x2 obj_cooja/mtype658.a(frame802154.o)
 .data          0x0000000000229e42        0x0 obj_cooja/mtype658.a(uip-icmp6.o)
 *fill*         0x0000000000229e42        0xe 
 .data.rel.local
                0x0000000000229e50       0x48 obj_cooja/mtype658.a(uip-icmp6.o)
 .data          0x0000000000229e98        0x0 obj_cooja/mtype658.a(uip-sr.o)
 *fill*         0x0000000000229e98        0x8 
 .data.rel.local
                0x0000000000229ea0       0x28 obj_cooja/mtype658.a(uip-sr.o)
 .data          0x0000000000229ec8        0x0 obj_cooja/mtype658.a(uip-packetqueue)
 *fill*         0x0000000000229ec8        0x8 
 .data.rel.local
                0x0000000000229ed0       0x18 obj_cooja/mtype658.a(uip-packetqueue)
 .data          0x0000000000229ee8        0x0 obj_cooja/mtype658.a(uip-udp-packet.)
 .data          0x0000000000229ee8        0x0 obj_cooja/mtype658.a(rpl-nbr-policy.)
 .data          0x0000000000229ee8        0x0 obj_cooja/mtype658.a(rpl-neighbor.o)
 *fill*         0x0000000000229ee8        0x8 
 .data.rel.local
                0x0000000000229ef0       0x20 obj_cooja/mtype658.a(rpl-neighbor.o)
                0x0000000000229f08                rpl_neighbors
 .data          0x0000000000229f10        0x0 obj_cooja/mtype658.a(rpl-dag.o)
 .data          0x0000000000229f10        0x0 obj_cooja/mtype658.a(rpl-timers.o)
 .data          0x0000000000229f10        0x0 obj_cooja/mtype658.a(rpl-ext-header.)
 .data          0x0000000000229f10        0x0 obj_cooja/mtype658.a(rpl-mrhof.o)
 *fill*         0x0000000000229f10       0x10 
 .data.rel.local
                0x0000000000229f20       0x48 obj_cooja/mtype658.a(rpl-mrhof.o)
                0x0000000000229f20                rpl_mrhof
 .data          0x0000000000229f68        0x0 /usr/lib/gcc/x86_64-linux-gnu/6/crtendS.o
 .data          0x0000000000229f68        0x0 /usr/lib/gcc/x86_64-linux-gnu/6/../../../x86_64-linux-gnu/crtn.o

.tm_clone_table
                0x0000000000229f68        0x0
 .tm_clone_table
                0x0000000000229f68        0x0 /usr/lib/gcc/x86_64-linux-gnu/6/crtbeginS.o
 .tm_clone_table
                0x0000000000229f68        0x0 /usr/lib/gcc/x86_64-linux-gnu/6/crtendS.o

.data1
 *(.data1)
                0x0000000000229f68                _edata = .
                [!provide]                        PROVIDE (edata, .)
                0x0000000000229f68                . = .
                0x0000000000229f68                __bss_start = .

.bss            0x0000000000229f80    0x16700
 *(.dynbss)
 .dynbss        0x0000000000229f80        0x0 /usr/lib/gcc/x86_64-linux-gnu/6/../../../x86_64-linux-gnu/crti.o
 *(.bss .bss.* .gnu.linkonce.b.*)
 .bss           0x0000000000229f80        0x0 /usr/lib/gcc/x86_64-linux-gnu/6/../../../x86_64-linux-gnu/crti.o
 .bss           0x0000000000229f80        0x1 /usr/lib/gcc/x86_64-linux-gnu/6/crtbeginS.o
 *fill*         0x0000000000229f81       0x1f 
 .bss           0x0000000000229fa0       0x64 udp-client.o
 *fill*         0x000000000022a004       0x1c 
 .bss           0x000000000022a020     0x4040 obj_cooja/mtype658.o
 .bss           0x000000000022e060        0x1 obj_cooja/mtype658.a(simEnvChange.o)
                0x000000000022e060                simDontFallAsleep
 *fill*         0x000000000022e061        0x7 
 .bss           0x000000000022e068        0x8 obj_cooja/mtype658.a(cooja_mt.o)
 .bss           0x000000000022e070        0x8 obj_cooja/mtype658.a(cooja_mtarch.o)
 .bss           0x000000000022e078        0x0 obj_cooja/mtype658.a(rtimer-arch.o)
 .bss           0x000000000022e078        0x0 obj_cooja/mtype658.a(beep.o)
 *fill*         0x000000000022e078        0x8 
 .bss           0x000000000022e080       0x10 obj_cooja/mtype658.a(button-sensor.o)
 .bss           0x000000000022e090        0x0 obj_cooja/mtype658.a(leds-arch.o)
 .bss           0x000000000022e090        0x0 obj_cooja/mtype658.a(moteid.o)
 .bss           0x000000000022e090        0x1 obj_cooja/mtype658.a(pir-sensor.o)
                0x000000000022e090                simPirValue
 *fill*         0x000000000022e091        0x7 
 .bss           0x000000000022e098        0x8 obj_cooja/mtype658.a(rs232.o)
 .bss           0x000000000022e0a0        0x1 obj_cooja/mtype658.a(vib-sensor.o)
                0x000000000022e0a0                simVibValue
 .bss           0x000000000022e0a1        0x0 obj_cooja/mtype658.a(clock.o)
 *fill*         0x000000000022e0a1       0x1f 
 .bss           0x000000000022e0c0     0x2020 obj_cooja/mtype658.a(cooja-log.o)
 .bss           0x00000000002300e0      0xfc0 obj_cooja/mtype658.a(cfs-cooja.o)
                0x00000000002300e0                simCFSData
                0x0000000000231080                simCFSSize
                0x0000000000231084                simCFSChanged
                0x0000000000231088                simCFSRead
                0x000000000023108c                simCFSWritten
 .bss           0x00000000002310a0       0x2c obj_cooja/mtype658.a(cooja-radio.o)
                0x00000000002310a0                simReceiving
                0x00000000002310a4                simInSize
                0x00000000002310a8                simLastPacketTimestamp
                0x00000000002310b0                simOutSize
 .bss           0x00000000002310cc        0xc obj_cooja/mtype658.a(eeprom.o)
                0x00000000002310cc                simEEPROMChanged
                0x00000000002310d0                simEEPROMRead
                0x00000000002310d4                simEEPROMWritten
 .bss           0x00000000002310d8        0x0 obj_cooja/mtype658.a(random.o)
 .bss           0x00000000002310d8        0xc obj_cooja/mtype658.a(sensors.o)
 .bss           0x00000000002310e4        0x0 obj_cooja/mtype658.a(contiki-main.o)
 .bss           0x00000000002310e4        0x0 obj_cooja/mtype658.a(autostart.o)
 .bss           0x00000000002310e4        0x0 obj_cooja/mtype658.a(energest.o)
 *fill*         0x00000000002310e4        0x4 
 .bss           0x00000000002310e8       0x10 obj_cooja/mtype658.a(etimer.o)
 .bss           0x00000000002310f8       0x28 obj_cooja/mtype658.a(log.o)
                0x00000000002310f8                curr_log_level_rpl
                0x00000000002310fc                curr_log_level_tcpip
                0x0000000000231100                curr_log_level_ipv6
                0x0000000000231104                curr_log_level_6lowpan
                0x0000000000231108                curr_log_level_nullnet
                0x000000000023110c                curr_log_level_mac
                0x0000000000231110                curr_log_level_framer
                0x0000000000231114                curr_log_level_6top
                0x0000000000231118                curr_log_level_coap
                0x000000000023111c                curr_log_level_lwm2m
 .bss           0x0000000000231120        0x9 obj_cooja/mtype658.a(ctimer.o)
 *fill*         0x0000000000231129       0x17 
 .bss           0x0000000000231140      0x321 obj_cooja/mtype658.a(process.o)
                0x0000000000231140                process_list
                0x0000000000231148                process_current
 *fill*         0x0000000000231461        0x7 
 .bss           0x0000000000231468        0x8 obj_cooja/mtype658.a(rtimer.o)
 .bss           0x0000000000231470        0x0 obj_cooja/mtype658.a(timer.o)
 *fill*         0x0000000000231470       0x10 
 .bss           0x0000000000231480      0x140 obj_cooja/mtype658.a(serial-line.o)
 .bss           0x00000000002315c0        0x0 obj_cooja/mtype658.a(list.o)
 .bss           0x00000000002315c0        0x0 obj_cooja/mtype658.a(ringbuf.o)
 .bss           0x00000000002315c0       0xa0 obj_cooja/mtype658.a(packetbuf.o)
 .bss           0x0000000000231660        0x8 obj_cooja/mtype658.a(netstack.o)
 .bss           0x0000000000231668        0x0 obj_cooja/mtype658.a(linkaddr.o)
 .bss           0x0000000000231668        0x0 obj_cooja/mtype658.a(csma.o)
 *fill*         0x0000000000231668       0x18 
 .bss           0x0000000000231680      0x2aa obj_cooja/mtype658.a(csma-output.o)
 *fill*         0x000000000023192a        0x6 
 .bss           0x0000000000231930        0xc obj_cooja/mtype658.a(uipbuf.o)
 *fill*         0x000000000023193c        0x4 
 .bss           0x0000000000231940       0x30 obj_cooja/mtype658.a(uip-ds6.o)
 *fill*         0x0000000000231970       0x10 
 .bss           0x0000000000231980       0x80 obj_cooja/mtype658.a(uip-ds6-route.o)
 .bss           0x0000000000231a00     0x2580 obj_cooja/mtype658.a(uip-ds6-nbr.o)
 .bss           0x0000000000233f80       0x20 obj_cooja/mtype658.a(tcpip.o)
 .bss           0x0000000000233fa0        0x6 obj_cooja/mtype658.a(uip6.o)
                0x0000000000233fa0                uip_ext_bitmap
                0x0000000000233fa1                uip_ext_len
                0x0000000000233fa2                uip_ext_opt_offset
 *fill*         0x0000000000233fa6        0x2 
 .bss           0x0000000000233fa8       0x20 obj_cooja/mtype658.a(uip-nd6.o)
 *fill*         0x0000000000233fc8       0x18 
 .bss           0x0000000000233fe0      0x520 obj_cooja/mtype658.a(simple-udp.o)
 .bss           0x0000000000234500      0x718 obj_cooja/mtype658.a(sicslowpan.o)
 .bss           0x0000000000234c18        0x0 obj_cooja/mtype658.a(rpl.o)
 .bss           0x0000000000234c18        0x0 obj_cooja/mtype658.a(rpl-icmp6.o)
 *fill*         0x0000000000234c18        0x8 
 .bss           0x0000000000234c20       0x11 obj_cooja/mtype658.a(rpl-dag-root.o)
 .bss           0x0000000000234c31        0x0 obj_cooja/mtype658.a(watchdog.o)
 .bss           0x0000000000234c31        0x0 obj_cooja/mtype658.a(stimer.o)
 .bss           0x0000000000234c31        0x0 obj_cooja/mtype658.a(memb.o)
 *fill*         0x0000000000234c31        0xf 
 .bss           0x0000000000234c40      0x5e0 obj_cooja/mtype658.a(queuebuf.o)
 .bss           0x0000000000235220     0x16e8 obj_cooja/mtype658.a(nbr-table.o)
 *fill*         0x0000000000236908       0x18 
 .bss           0x0000000000236920     0x12c0 obj_cooja/mtype658.a(link-stats.o)
 .bss           0x0000000000237be0      0x180 obj_cooja/mtype658.a(mac-sequence.o)
 .bss           0x0000000000237d60        0x0 obj_cooja/mtype658.a(mac.o)
 .bss           0x0000000000237d60        0x2 obj_cooja/mtype658.a(framer-802154.o)
 .bss           0x0000000000237d62        0x0 obj_cooja/mtype658.a(frame802154.o)
 *fill*         0x0000000000237d62        0xe 
 .bss           0x0000000000237d70       0x20 obj_cooja/mtype658.a(uip-icmp6.o)
 *fill*         0x0000000000237d90       0x10 
 .bss           0x0000000000237da0     0x3040 obj_cooja/mtype658.a(uip-sr.o)
 .bss           0x000000000023ade0      0xad0 obj_cooja/mtype658.a(uip-packetqueue)
 .bss           0x000000000023b8b0        0x0 obj_cooja/mtype658.a(uip-udp-packet.)
 .bss           0x000000000023b8b0       0x12 obj_cooja/mtype658.a(rpl-nbr-policy.)
 *fill*         0x000000000023b8c2       0x1e 
 .bss           0x000000000023b8e0     0x12c0 obj_cooja/mtype658.a(rpl-neighbor.o)
 .bss           0x000000000023cba0        0x0 obj_cooja/mtype658.a(rpl-dag.o)
 .bss           0x000000000023cba0       0x80 obj_cooja/mtype658.a(rpl-timers.o)
 .bss           0x000000000023cc20        0x0 obj_cooja/mtype658.a(rpl-ext-header.)
 .bss           0x000000000023cc20        0x0 obj_cooja/mtype658.a(rpl-mrhof.o)
 .bss           0x000000000023cc20        0x0 /usr/lib/gcc/x86_64-linux-gnu/6/crtendS.o
 .bss           0x000000000023cc20        0x0 /usr/lib/gcc/x86_64-linux-gnu/6/../../../x86_64-linux-gnu/crtn.o
 *(COMMON)
 COMMON         0x000000000023cc20        0xc obj_cooja/mtype658.o
                0x000000000023cc20                referenceVar
                0x000000000023cc28                sensors_flags
 *fill*         0x000000000023cc2c        0x4 
 COMMON         0x000000000023cc30       0x10 obj_cooja/mtype658.a(simEnvChange.o)
                0x000000000023cc30                simEtimerPending
                0x000000000023cc34                simProcessRunValue
                0x000000000023cc38                simEtimerNextExpirationTime
 COMMON         0x000000000023cc40       0x18 obj_cooja/mtype658.a(rtimer-arch.o)
                0x000000000023cc40                simRtimerPending
                0x000000000023cc48                simRtimerCurrentTicks
                0x000000000023cc50                simRtimerNextExpirationTime
 COMMON         0x000000000023cc58        0x1 obj_cooja/mtype658.a(beep.o)
                0x000000000023cc58                simBeeped
 COMMON         0x000000000023cc59        0x3 obj_cooja/mtype658.a(button-sensor.o)
                0x000000000023cc59                simButtonIsActive
                0x000000000023cc5a                simButtonIsDown
                0x000000000023cc5b                simButtonChanged
 COMMON         0x000000000023cc5c        0x1 obj_cooja/mtype658.a(leds-arch.o)
                0x000000000023cc5c                simLedsValue
 *fill*         0x000000000023cc5d        0x3 
 COMMON         0x000000000023cc60        0xc obj_cooja/mtype658.a(moteid.o)
                0x000000000023cc60                simRandomSeed
                0x000000000023cc64                simMoteIDChanged
                0x000000000023cc68                simMoteID
 COMMON         0x000000000023cc6c        0x2 obj_cooja/mtype658.a(pir-sensor.o)
                0x000000000023cc6c                simPirIsActive
                0x000000000023cc6d                simPirChanged
 *fill*         0x000000000023cc6e       0x12 
 COMMON         0x000000000023cc80      0x820 obj_cooja/mtype658.a(rs232.o)
                0x000000000023cc80                simSerialReceivingFlag
                0x000000000023cc84                simSerialReceivingLength
                0x000000000023cca0                simSerialReceivingData
 COMMON         0x000000000023d4a0        0x2 obj_cooja/mtype658.a(vib-sensor.o)
                0x000000000023d4a0                simVibChanged
                0x000000000023d4a1                simVibIsActive
 *fill*         0x000000000023d4a2        0x6 
 COMMON         0x000000000023d4a8        0x8 obj_cooja/mtype658.a(clock.o)
                0x000000000023d4a8                simCurrentTime
 *fill*         0x000000000023d4b0       0x10 
 COMMON         0x000000000023d4c0     0x2020 obj_cooja/mtype658.a(cooja-log.o)
                0x000000000023d4c0                simLoggedLength
                0x000000000023d4c4                simLoggedFlag
                0x000000000023d4e0                simLoggedData
 COMMON         0x000000000023f4e0      0x100 obj_cooja/mtype658.a(cooja-radio.o)
                0x000000000023f4e0                simOutDataBuffer
                0x000000000023f560                simInDataBuffer
 COMMON         0x000000000023f5e0      0x400 obj_cooja/mtype658.a(eeprom.o)
                0x000000000023f5e0                simEEPROMData
 COMMON         0x000000000023f9e0        0x1 obj_cooja/mtype658.a(sensors.o)
                0x000000000023f9e0                sensors_event
 *fill*         0x000000000023f9e1       0x1f 
 COMMON         0x000000000023fa00       0xe8 obj_cooja/mtype658.a(contiki-main.o)
                0x000000000023fa00                eb_per_time_source
                0x000000000023fa40                unicast_per_neighbor_rpl_storing
                0x000000000023fa80                unicast_per_neighbor_rpl_ns
                0x000000000023fac0                default_common
 COMMON         0x000000000023fae8        0x1 obj_cooja/mtype658.a(serial-line.o)
                0x000000000023fae8                serial_line_event_message
 *fill*         0x000000000023fae9        0x7 
 COMMON         0x000000000023faf0       0x30 obj_cooja/mtype658.a(packetbuf.o)
                0x000000000023faf0                packetbuf_attrs
                0x000000000023fb10                packetbuf_addrs
 COMMON         0x000000000023fb20        0x8 obj_cooja/mtype658.a(linkaddr.o)
                0x000000000023fb20                linkaddr_node_addr
 *fill*         0x000000000023fb28       0x18 
 COMMON         0x000000000023fb40      0x1c1 obj_cooja/mtype658.a(uip-ds6.o)
                0x000000000023fb40                uip_ds6_prefix_list
                0x000000000023fba0                uip_ds6_timer_periodic
                0x000000000023fbc0                uip_ds6_netif_addr_list_offset
                0x000000000023fbe0                uip_ds6_if
                0x000000000023fcf0                uip_ds6_timer_ra
                0x000000000023fd00                uip_ds6_addr_size
 COMMON         0x000000000023fd01        0x1 obj_cooja/mtype658.a(tcpip.o)
                0x000000000023fd01                tcpip_event
 *fill*         0x000000000023fd02       0x1e 
 COMMON         0x000000000023fd20      0x698 obj_cooja/mtype658.a(uip6.o)
                0x000000000023fd20                uip_slen
                0x000000000023fd28                uip_lladdr
                0x000000000023fd30                uip_appdata
                0x000000000023fd38                uip_flags
                0x000000000023fd40                uip_aligned_buf
                0x0000000000240240                uip_len
                0x0000000000240248                uip_sappdata
                0x0000000000240260                uip_udp_conns
                0x00000000002403a0                uip_udp_conn
                0x00000000002403a8                uip_next_hdr
                0x00000000002403b0                uip_conn
 *fill*         0x00000000002403b8        0x8 
 COMMON         0x00000000002403c0       0x10 obj_cooja/mtype658.a(rpl.o)
                0x00000000002403c0                rpl_multicast_addr
 *fill*         0x00000000002403d0       0x10 
 COMMON         0x00000000002403e0       0x40 obj_cooja/mtype658.a(link-stats.o)
                0x00000000002403e0                periodic_timer
 COMMON         0x0000000000240420      0x260 obj_cooja/mtype658.a(rpl-dag.o)
                0x0000000000240420                curr_instance
                0x0000000000240680                . = ALIGN ((. != 0x0)?0x8:0x1)

.lbss
 *(.dynlbss)
 *(.lbss .lbss.* .gnu.linkonce.lb.*)
 *(LARGE_COMMON)
                0x0000000000240680                . = ALIGN (0x8)
                0x0000000000240680                . = SEGMENT_START ("ldata-segment", .)

.lrodata
 *(.lrodata .lrodata.* .gnu.linkonce.lr.*)

.ldata          0x0000000000640680        0x0
 *(.ldata .ldata.* .gnu.linkonce.l.*)
                0x0000000000640680                . = ALIGN ((. != 0x0)?0x8:0x1)
                0x0000000000640680                . = ALIGN (0x8)
                0x0000000000640680                _end = .
                [!provide]                        PROVIDE (end, .)
                0x0000000000640680                . = DATA_SEGMENT_END (.)

.stab
 *(.stab)

.stabstr
 *(.stabstr)

.stab.excl
 *(.stab.excl)

.stab.exclstr
 *(.stab.exclstr)

.stab.index
 *(.stab.index)

.stab.indexstr
 *(.stab.indexstr)

.comment        0x0000000000000000       0x2d
 *(.comment)
 .comment       0x0000000000000000       0x2d /usr/lib/gcc/x86_64-linux-gnu/6/crtbeginS.o
                                         0x2e (size before relaxing)
 .comment       0x000000000000002d       0x2e udp-client.o
 .comment       0x000000000000002d       0x2e obj_cooja/mtype658.o
 .comment       0x000000000000002d       0x2e obj_cooja/mtype658.a(simEnvChange.o)
 .comment       0x000000000000002d       0x2e obj_cooja/mtype658.a(cooja_mt.o)
 .comment       0x000000000000002d       0x2e obj_cooja/mtype658.a(cooja_mtarch.o)
 .comment       0x000000000000002d       0x2e obj_cooja/mtype658.a(rtimer-arch.o)
 .comment       0x000000000000002d       0x2e obj_cooja/mtype658.a(beep.o)
 .comment       0x000000000000002d       0x2e obj_cooja/mtype658.a(button-sensor.o)
 .comment       0x000000000000002d       0x2e obj_cooja/mtype658.a(leds-arch.o)
 .comment       0x000000000000002d       0x2e obj_cooja/mtype658.a(moteid.o)
 .comment       0x000000000000002d       0x2e obj_cooja/mtype658.a(pir-sensor.o)
 .comment       0x000000000000002d       0x2e obj_cooja/mtype658.a(rs232.o)
 .comment       0x000000000000002d       0x2e obj_cooja/mtype658.a(vib-sensor.o)
 .comment       0x000000000000002d       0x2e obj_cooja/mtype658.a(clock.o)
 .comment       0x000000000000002d       0x2e obj_cooja/mtype658.a(cooja-log.o)
 .comment       0x000000000000002d       0x2e obj_cooja/mtype658.a(cfs-cooja.o)
 .comment       0x000000000000002d       0x2e obj_cooja/mtype658.a(cooja-radio.o)
 .comment       0x000000000000002d       0x2e obj_cooja/mtype658.a(eeprom.o)
 .comment       0x000000000000002d       0x2e obj_cooja/mtype658.a(random.o)
 .comment       0x000000000000002d       0x2e obj_cooja/mtype658.a(sensors.o)
 .comment       0x000000000000002d       0x2e obj_cooja/mtype658.a(contiki-main.o)
 .comment       0x000000000000002d       0x2e obj_cooja/mtype658.a(autostart.o)
 .comment       0x000000000000002d       0x2e obj_cooja/mtype658.a(energest.o)
 .comment       0x000000000000002d       0x2e obj_cooja/mtype658.a(etimer.o)
 .comment       0x000000000000002d       0x2e obj_cooja/mtype658.a(log.o)
 .comment       0x000000000000002d       0x2e obj_cooja/mtype658.a(ctimer.o)
 .comment       0x000000000000002d       0x2e obj_cooja/mtype658.a(process.o)
 .comment       0x000000000000002d       0x2e obj_cooja/mtype658.a(rtimer.o)
 .comment       0x000000000000002d       0x2e obj_cooja/mtype658.a(timer.o)
 .comment       0x000000000000002d       0x2e obj_cooja/mtype658.a(serial-line.o)
 .comment       0x000000000000002d       0x2e obj_cooja/mtype658.a(list.o)
 .comment       0x000000000000002d       0x2e obj_cooja/mtype658.a(ringbuf.o)
 .comment       0x000000000000002d       0x2e obj_cooja/mtype658.a(packetbuf.o)
 .comment       0x000000000000002d       0x2e obj_cooja/mtype658.a(netstack.o)
 .comment       0x000000000000002d       0x2e obj_cooja/mtype658.a(linkaddr.o)
 .comment       0x000000000000002d       0x2e obj_cooja/mtype658.a(csma.o)
 .comment       0x000000000000002d       0x2e obj_cooja/mtype658.a(csma-output.o)
 .comment       0x000000000000002d       0x2e obj_cooja/mtype658.a(uipbuf.o)
 .comment       0x000000000000002d       0x2e obj_cooja/mtype658.a(uip-ds6.o)
 .comment       0x000000000000002d       0x2e obj_cooja/mtype658.a(uip-ds6-route.o)
 .comment       0x000000000000002d       0x2e obj_cooja/mtype658.a(uip-ds6-nbr.o)
 .comment       0x000000000000002d       0x2e obj_cooja/mtype658.a(tcpip.o)
 .comment       0x000000000000002d       0x2e obj_cooja/mtype658.a(uip6.o)
 .comment       0x000000000000002d       0x2e obj_cooja/mtype658.a(uip-nd6.o)
 .comment       0x000000000000002d       0x2e obj_cooja/mtype658.a(simple-udp.o)
 .comment       0x000000000000002d       0x2e obj_cooja/mtype658.a(sicslowpan.o)
 .comment       0x000000000000002d       0x2e obj_cooja/mtype658.a(rpl.o)
 .comment       0x000000000000002d       0x2e obj_cooja/mtype658.a(rpl-icmp6.o)
 .comment       0x000000000000002d       0x2e obj_cooja/mtype658.a(rpl-dag-root.o)
 .comment       0x000000000000002d       0x2e obj_cooja/mtype658.a(watchdog.o)
 .comment       0x000000000000002d       0x2e obj_cooja/mtype658.a(stimer.o)
 .comment       0x000000000000002d       0x2e obj_cooja/mtype658.a(memb.o)
 .comment       0x000000000000002d       0x2e obj_cooja/mtype658.a(queuebuf.o)
 .comment       0x000000000000002d       0x2e obj_cooja/mtype658.a(nbr-table.o)
 .comment       0x000000000000002d       0x2e obj_cooja/mtype658.a(link-stats.o)
 .comment       0x000000000000002d       0x2e obj_cooja/mtype658.a(mac-sequence.o)
 .comment       0x000000000000002d       0x2e obj_cooja/mtype658.a(mac.o)
 .comment       0x000000000000002d       0x2e obj_cooja/mtype658.a(framer-802154.o)
 .comment       0x000000000000002d       0x2e obj_cooja/mtype658.a(frame802154.o)
 .comment       0x000000000000002d       0x2e obj_cooja/mtype658.a(uip-icmp6.o)
 .comment       0x000000000000002d       0x2e obj_cooja/mtype658.a(uip-sr.o)
 .comment       0x000000000000002d       0x2e obj_cooja/mtype658.a(uip-packetqueue)
 .comment       0x000000000000002d       0x2e obj_cooja/mtype658.a(uip-udp-packet.)
 .comment       0x000000000000002d       0x2e obj_cooja/mtype658.a(rpl-nbr-policy.)
 .comment       0x000000000000002d       0x2e obj_cooja/mtype658.a(rpl-neighbor.o)
 .comment       0x000000000000002d       0x2e obj_cooja/mtype658.a(rpl-dag.o)
 .comment       0x000000000000002d       0x2e obj_cooja/mtype658.a(rpl-timers.o)
 .comment       0x000000000000002d       0x2e obj_cooja/mtype658.a(rpl-ext-header.)
 .comment       0x000000000000002d       0x2e obj_cooja/mtype658.a(rpl-mrhof.o)
 .comment       0x000000000000002d       0x2e /usr/lib/gcc/x86_64-linux-gnu/6/crtendS.o

.debug
 *(.debug)

.line
 *(.line)

.debug_srcinfo
 *(.debug_srcinfo)

.debug_sfnames
 *(.debug_sfnames)

.debug_aranges  0x0000000000000000      0xcf0
 *(.debug_aranges)
 .debug_aranges
                0x0000000000000000       0x30 udp-client.o
 .debug_aranges
                0x0000000000000030       0x30 obj_cooja/mtype658.o
 .debug_aranges
                0x0000000000000060       0x30 obj_cooja/mtype658.a(simEnvChange.o)
 .debug_aranges
                0x0000000000000090       0x30 obj_cooja/mtype658.a(cooja_mt.o)
 .debug_aranges
                0x00000000000000c0       0x30 obj_cooja/mtype658.a(cooja_mtarch.o)
 .debug_aranges
                0x00000000000000f0       0x30 obj_cooja/mtype658.a(rtimer-arch.o)
 .debug_aranges
                0x0000000000000120       0x30 obj_cooja/mtype658.a(beep.o)
 .debug_aranges
                0x0000000000000150       0x30 obj_cooja/mtype658.a(button-sensor.o)
 .debug_aranges
                0x0000000000000180       0x30 obj_cooja/mtype658.a(leds-arch.o)
 .debug_aranges
                0x00000000000001b0       0x30 obj_cooja/mtype658.a(moteid.o)
 .debug_aranges
                0x00000000000001e0       0x30 obj_cooja/mtype658.a(pir-sensor.o)
 .debug_aranges
                0x0000000000000210       0x30 obj_cooja/mtype658.a(rs232.o)
 .debug_aranges
                0x0000000000000240       0x30 obj_cooja/mtype658.a(vib-sensor.o)
 .debug_aranges
                0x0000000000000270       0x30 obj_cooja/mtype658.a(clock.o)
 .debug_aranges
                0x00000000000002a0       0x30 obj_cooja/mtype658.a(cooja-log.o)
 .debug_aranges
                0x00000000000002d0       0x30 obj_cooja/mtype658.a(cfs-cooja.o)
 .debug_aranges